Component: ARM Compiler 5.06 update 7 (build 960) Tool: armlink [4d3601]

==============================================================================

Section Cross References

    main.o(i.TIMER3_IRQHandler) refers to gd32f4xx_timer.o(i.timer_interrupt_flag_get) for timer_interrupt_flag_get
    main.o(i.TIMER3_IRQHandler) refers to gd32f4xx_timer.o(i.timer_interrupt_flag_clear) for timer_interrupt_flag_clear
    main.o(i.TIMER3_IRQHandler) refers to main.o(.data) for delay_count
    main.o(i.delay_ms) refers to main.o(.data) for delay_count
    main.o(i.main) refers to gd32f4xx_misc.o(i.nvic_priority_group_set) for nvic_priority_group_set
    main.o(i.main) refers to main.o(i.timer3_init) for timer3_init
    main.o(i.main) refers to i2c.o(i.init_i2c) for init_i2c
    main.o(i.main) refers to e2.o(i.e2_init) for e2_init
    main.o(i.main) refers to e2.o(i.e2_speed_control) for e2_speed_control
    main.o(i.main) refers to main.o(.bss) for e2_fan_addr
    main.o(i.main) refers to main.o(.data) for second_flag
    main.o(i.timer3_init) refers to gd32f4xx_rcu.o(i.rcu_periph_clock_enable) for rcu_periph_clock_enable
    main.o(i.timer3_init) refers to gd32f4xx_timer.o(i.timer_deinit) for timer_deinit
    main.o(i.timer3_init) refers to gd32f4xx_timer.o(i.timer_init) for timer_init
    main.o(i.timer3_init) refers to gd32f4xx_misc.o(i.nvic_irq_enable) for nvic_irq_enable
    main.o(i.timer3_init) refers to gd32f4xx_timer.o(i.timer_interrupt_enable) for timer_interrupt_enable
    main.o(i.timer3_init) refers to gd32f4xx_timer.o(i.timer_enable) for timer_enable
    i2c.o(i.i2c0_config) refers to gd32f4xx_rcu.o(i.rcu_periph_clock_enable) for rcu_periph_clock_enable
    i2c.o(i.i2c0_config) refers to gd32f4xx_i2c.o(i.i2c_clock_config) for i2c_clock_config
    i2c.o(i.i2c0_config) refers to gd32f4xx_i2c.o(i.i2c_mode_addr_config) for i2c_mode_addr_config
    i2c.o(i.i2c0_config) refers to gd32f4xx_i2c.o(i.i2c_enable) for i2c_enable
    i2c.o(i.i2c0_config) refers to gd32f4xx_i2c.o(i.i2c_ack_config) for i2c_ack_config
    i2c.o(i.i2c0_gpio_config) refers to gd32f4xx_rcu.o(i.rcu_periph_clock_enable) for rcu_periph_clock_enable
    i2c.o(i.i2c0_gpio_config) refers to gd32f4xx_gpio.o(i.gpio_af_set) for gpio_af_set
    i2c.o(i.i2c0_gpio_config) refers to gd32f4xx_gpio.o(i.gpio_mode_set) for gpio_mode_set
    i2c.o(i.i2c0_gpio_config) refers to gd32f4xx_gpio.o(i.gpio_output_options_set) for gpio_output_options_set
    i2c.o(i.i2c1_config) refers to gd32f4xx_rcu.o(i.rcu_periph_clock_enable) for rcu_periph_clock_enable
    i2c.o(i.i2c1_config) refers to gd32f4xx_i2c.o(i.i2c_clock_config) for i2c_clock_config
    i2c.o(i.i2c1_config) refers to gd32f4xx_i2c.o(i.i2c_mode_addr_config) for i2c_mode_addr_config
    i2c.o(i.i2c1_config) refers to gd32f4xx_i2c.o(i.i2c_enable) for i2c_enable
    i2c.o(i.i2c1_config) refers to gd32f4xx_i2c.o(i.i2c_ack_config) for i2c_ack_config
    i2c.o(i.i2c1_gpio_config) refers to gd32f4xx_rcu.o(i.rcu_periph_clock_enable) for rcu_periph_clock_enable
    i2c.o(i.i2c1_gpio_config) refers to gd32f4xx_gpio.o(i.gpio_af_set) for gpio_af_set
    i2c.o(i.i2c1_gpio_config) refers to gd32f4xx_gpio.o(i.gpio_mode_set) for gpio_mode_set
    i2c.o(i.i2c1_gpio_config) refers to gd32f4xx_gpio.o(i.gpio_output_options_set) for gpio_output_options_set
    i2c.o(i.i2c_addr_poll) refers to gd32f4xx_i2c.o(i.i2c_flag_get) for i2c_flag_get
    i2c.o(i.i2c_addr_poll) refers to gd32f4xx_i2c.o(i.i2c_start_on_bus) for i2c_start_on_bus
    i2c.o(i.i2c_addr_poll) refers to gd32f4xx_i2c.o(i.i2c_master_addressing) for i2c_master_addressing
    i2c.o(i.i2c_addr_poll) refers to gd32f4xx_i2c.o(i.i2c_stop_on_bus) for i2c_stop_on_bus
    i2c.o(i.i2c_byte_write) refers to gd32f4xx_i2c.o(i.i2c_flag_get) for i2c_flag_get
    i2c.o(i.i2c_byte_write) refers to gd32f4xx_i2c.o(i.i2c_start_on_bus) for i2c_start_on_bus
    i2c.o(i.i2c_byte_write) refers to gd32f4xx_i2c.o(i.i2c_master_addressing) for i2c_master_addressing
    i2c.o(i.i2c_byte_write) refers to gd32f4xx_i2c.o(i.i2c_stop_on_bus) for i2c_stop_on_bus
    i2c.o(i.i2c_byte_write) refers to gd32f4xx_i2c.o(i.i2c_flag_clear) for i2c_flag_clear
    i2c.o(i.i2c_byte_write) refers to gd32f4xx_i2c.o(i.i2c_data_transmit) for i2c_data_transmit
    i2c.o(i.i2c_cmd_write) refers to gd32f4xx_i2c.o(i.i2c_flag_get) for i2c_flag_get
    i2c.o(i.i2c_cmd_write) refers to gd32f4xx_i2c.o(i.i2c_start_on_bus) for i2c_start_on_bus
    i2c.o(i.i2c_cmd_write) refers to gd32f4xx_i2c.o(i.i2c_master_addressing) for i2c_master_addressing
    i2c.o(i.i2c_cmd_write) refers to gd32f4xx_i2c.o(i.i2c_stop_on_bus) for i2c_stop_on_bus
    i2c.o(i.i2c_cmd_write) refers to gd32f4xx_i2c.o(i.i2c_flag_clear) for i2c_flag_clear
    i2c.o(i.i2c_cmd_write) refers to gd32f4xx_i2c.o(i.i2c_data_transmit) for i2c_data_transmit
    i2c.o(i.i2c_delay_byte_write) refers to gd32f4xx_i2c.o(i.i2c_flag_get) for i2c_flag_get
    i2c.o(i.i2c_delay_byte_write) refers to i2c.o(i.i2c_delay) for i2c_delay
[...]
    Removing gd32f4xx_dma.o(i.dma_flow_controller_config), (64 bytes).
    Removing gd32f4xx_dma.o(i.dma_interrupt_disable), (62 bytes).
    Removing gd32f4xx_dma.o(i.dma_interrupt_enable), (62 bytes).
    Removing gd32f4xx_dma.o(i.dma_interrupt_flag_clear), (62 bytes).
    Removing gd32f4xx_dma.o(i.dma_interrupt_flag_get), (516 bytes).
    Removing gd32f4xx_dma.o(i.dma_memory_address_config), (32 bytes).
    Removing gd32f4xx_dma.o(i.dma_memory_address_generation_config), (64 bytes).
    Removing gd32f4xx_dma.o(i.dma_memory_burst_beats_config), (36 bytes).
    Removing gd32f4xx_dma.o(i.dma_memory_width_config), (36 bytes).
    Removing gd32f4xx_dma.o(i.dma_multi_data_mode_init), (356 bytes).
    Removing gd32f4xx_dma.o(i.dma_multi_data_para_struct_init), (40 bytes).
    Removing gd32f4xx_dma.o(i.dma_periph_address_config), (16 bytes).
    Removing gd32f4xx_dma.o(i.dma_periph_burst_beats_config), (36 bytes).
    Removing gd32f4xx_dma.o(i.dma_periph_width_config), (36 bytes).
    Removing gd32f4xx_dma.o(i.dma_peripheral_address_generation_config), (126 bytes).
    Removing gd32f4xx_dma.o(i.dma_priority_config), (36 bytes).
    Removing gd32f4xx_dma.o(i.dma_single_data_mode_init), (344 bytes).
    Removing gd32f4xx_dma.o(i.dma_single_data_para_struct_init), (34 bytes).
    Removing gd32f4xx_dma.o(i.dma_switch_buffer_mode_config), (76 bytes).
    Removing gd32f4xx_dma.o(i.dma_switch_buffer_mode_enable), (66 bytes).
    Removing gd32f4xx_dma.o(i.dma_transfer_direction_config), (36 bytes).
    Removing gd32f4xx_dma.o(i.dma_transfer_number_config), (16 bytes).
    Removing gd32f4xx_dma.o(i.dma_transfer_number_get), (16 bytes).
    Removing gd32f4xx_dma.o(i.dma_using_memory_get), (28 bytes).
    Removing gd32f4xx_enet.o(.rev16_text), (4 bytes).
    Removing gd32f4xx_enet.o(.revsh_text), (4 bytes).
    Removing gd32f4xx_enet.o(i.enet_address_filter_config), (32 bytes).
    Removing gd32f4xx_enet.o(i.enet_address_filter_disable), (24 bytes).
    Removing gd32f4xx_enet.o(i.enet_address_filter_enable), (24 bytes).
    Removing gd32f4xx_enet.o(i.enet_current_desc_address_get), (16 bytes).
    Removing gd32f4xx_enet.o(i.enet_debug_status_get), (108 bytes).
    Removing gd32f4xx_enet.o(i.enet_default_init), (120 bytes).
    Removing gd32f4xx_enet.o(i.enet_deinit), (24 bytes).
    Removing gd32f4xx_enet.o(i.enet_delay), (24 bytes).
    Removing gd32f4xx_enet.o(i.enet_desc_flag_clear), (8 bytes).
    Removing gd32f4xx_enet.o(i.enet_desc_flag_get), (14 bytes).
    Removing gd32f4xx_enet.o(i.enet_desc_flag_set), (8 bytes).
    Removing gd32f4xx_enet.o(i.enet_desc_information_get), (100 bytes).
    Removing gd32f4xx_enet.o(i.enet_desc_select_normal_mode), (20 bytes).
    Removing gd32f4xx_enet.o(i.enet_descriptors_chain_init), (200 bytes).
    Removing gd32f4xx_enet.o(i.enet_descriptors_ring_init), (236 bytes).
    Removing gd32f4xx_enet.o(i.enet_disable), (12 bytes).
    Removing gd32f4xx_enet.o(i.enet_dma_feature_disable), (16 bytes).
    Removing gd32f4xx_enet.o(i.enet_dma_feature_enable), (16 bytes).
    Removing gd32f4xx_enet.o(i.enet_dmaprocess_resume), (28 bytes).
    Removing gd32f4xx_enet.o(i.enet_dmaprocess_state_get), (16 bytes).
    Removing gd32f4xx_enet.o(i.enet_enable), (12 bytes).
    Removing gd32f4xx_enet.o(i.enet_flag_clear), (24 bytes).
    Removing gd32f4xx_enet.o(i.enet_flag_get), (36 bytes).
    Removing gd32f4xx_enet.o(i.enet_fliter_feature_disable), (16 bytes).
    Removing gd32f4xx_enet.o(i.enet_fliter_feature_enable), (16 bytes).
    Removing gd32f4xx_enet.o(i.enet_flowcontrol_feature_disable), (40 bytes).
    Removing gd32f4xx_enet.o(i.enet_flowcontrol_feature_enable), (40 bytes).
    Removing gd32f4xx_enet.o(i.enet_flowcontrol_threshold_config), (16 bytes).
    Removing gd32f4xx_enet.o(i.enet_forward_feature_disable), (48 bytes).
    Removing gd32f4xx_enet.o(i.enet_forward_feature_enable), (48 bytes).
    Removing gd32f4xx_enet.o(i.enet_frame_receive), (248 bytes).
    Removing gd32f4xx_enet.o(i.enet_frame_transmit), (204 bytes).
    Removing gd32f4xx_enet.o(i.enet_init), (868 bytes).
    Removing gd32f4xx_enet.o(i.enet_initpara_config), (356 bytes).
    Removing gd32f4xx_enet.o(i.enet_initpara_reset), (40 bytes).
    Removing gd32f4xx_enet.o(i.enet_interrupt_disable), (72 bytes).
    Removing gd32f4xx_enet.o(i.enet_interrupt_enable), (72 bytes).
    Removing gd32f4xx_enet.o(i.enet_interrupt_flag_clear), (24 bytes).
    Removing gd32f4xx_enet.o(i.enet_interrupt_flag_get), (36 bytes).
    Removing gd32f4xx_enet.o(i.enet_mac_address_get), (60 bytes).
    Removing gd32f4xx_enet.o(i.enet_mac_address_set), (48 bytes).
    Removing gd32f4xx_enet.o(i.enet_missed_frame_counter_get), (24 bytes).
    Removing gd32f4xx_enet.o(i.enet_msc_counters_get), (12 bytes).
    Removing gd32f4xx_enet.o(i.enet_msc_counters_preset_config), (36 bytes).
    Removing gd32f4xx_enet.o(i.enet_msc_counters_reset), (24 bytes).
    Removing gd32f4xx_enet.o(i.enet_msc_feature_disable), (24 bytes).
    Removing gd32f4xx_enet.o(i.enet_msc_feature_enable), (24 bytes).
    Removing gd32f4xx_enet.o(i.enet_pauseframe_config), (44 bytes).
    Removing gd32f4xx_enet.o(i.enet_pauseframe_detect_config), (28 bytes).
    Removing gd32f4xx_enet.o(i.enet_pauseframe_generate), (36 bytes).
    Removing gd32f4xx_enet.o(i.enet_phy_config), (216 bytes).
    Removing gd32f4xx_enet.o(i.enet_phy_write_read), (156 bytes).
    Removing gd32f4xx_enet.o(i.enet_phyloopback_disable), (50 bytes).
    Removing gd32f4xx_enet.o(i.enet_phyloopback_enable), (48 bytes).
    Removing gd32f4xx_enet.o(i.enet_ptp_expected_time_config), (16 bytes).
    Removing gd32f4xx_enet.o(i.enet_ptp_feature_disable), (16 bytes).
    Removing gd32f4xx_enet.o(i.enet_ptp_feature_enable), (16 bytes).
    Removing gd32f4xx_enet.o(i.enet_ptp_normal_descriptors_chain_init), (236 bytes).
    Removing gd32f4xx_enet.o(i.enet_ptp_normal_descriptors_ring_init), (280 bytes).
    Removing gd32f4xx_enet.o(i.enet_ptp_pps_output_frequency_config), (12 bytes).
    Removing gd32f4xx_enet.o(i.enet_ptp_subsecond_increment_config), (12 bytes).
    Removing gd32f4xx_enet.o(i.enet_ptp_system_time_get), (32 bytes).
    Removing gd32f4xx_enet.o(i.enet_ptp_timestamp_addend_config), (12 bytes).
    Removing gd32f4xx_enet.o(i.enet_ptp_timestamp_function_config), (256 bytes).
    Removing gd32f4xx_enet.o(i.enet_ptp_timestamp_update_config), (24 bytes).
    Removing gd32f4xx_enet.o(i.enet_ptpframe_receive_normal_mode), (340 bytes).
    Removing gd32f4xx_enet.o(i.enet_ptpframe_transmit_normal_mode), (444 bytes).
    Removing gd32f4xx_enet.o(i.enet_registers_get), (56 bytes).
    Removing gd32f4xx_enet.o(i.enet_rx_desc_delay_receive_complete_interrupt), (20 bytes).
    Removing gd32f4xx_enet.o(i.enet_rx_desc_immediate_receive_complete_interrupt), (10 bytes).
    Removing gd32f4xx_enet.o(i.enet_rx_disable), (36 bytes).
    Removing gd32f4xx_enet.o(i.enet_rx_enable), (36 bytes).
    Removing gd32f4xx_enet.o(i.enet_rxframe_drop), (172 bytes).
    Removing gd32f4xx_enet.o(i.enet_rxframe_size_get), (152 bytes).
    Removing gd32f4xx_enet.o(i.enet_rxprocess_check_recovery), (48 bytes).
    Removing gd32f4xx_enet.o(i.enet_software_reset), (60 bytes).
    Removing gd32f4xx_enet.o(i.enet_transmit_checksum_config), (16 bytes).
    Removing gd32f4xx_enet.o(i.enet_tx_disable), (40 bytes).
    Removing gd32f4xx_enet.o(i.enet_tx_enable), (40 bytes).
    Removing gd32f4xx_enet.o(i.enet_txfifo_flush), (52 bytes).
    Removing gd32f4xx_enet.o(i.enet_wum_feature_disable), (16 bytes).
    Removing gd32f4xx_enet.o(i.enet_wum_feature_enable), (16 bytes).
    Removing gd32f4xx_enet.o(i.enet_wum_filter_config), (28 bytes).
    Removing gd32f4xx_enet.o(i.enet_wum_filter_register_pointer_reset), (20 bytes).
    Removing gd32f4xx_enet.o(.bss), (15460 bytes).
    Removing gd32f4xx_enet.o(.constdata), (116 bytes).
    Removing gd32f4xx_enet.o(.data), (20 bytes).
    Removing gd32f4xx_exmc.o(.rev16_text), (4 bytes).
    Removing gd32f4xx_exmc.o(.revsh_text), (4 bytes).
    Removing gd32f4xx_exmc.o(i.exmc_ecc_get), (12 bytes).
    Removing gd32f4xx_exmc.o(i.exmc_flag_clear), (52 bytes).
    Removing gd32f4xx_exmc.o(i.exmc_flag_get), (52 bytes).
    Removing gd32f4xx_exmc.o(i.exmc_interrupt_disable), (56 bytes).
    Removing gd32f4xx_exmc.o(i.exmc_interrupt_enable), (56 bytes).
    Removing gd32f4xx_exmc.o(i.exmc_interrupt_flag_clear), (56 bytes).
    Removing gd32f4xx_exmc.o(i.exmc_interrupt_flag_get), (72 bytes).
    Removing gd32f4xx_exmc.o(i.exmc_nand_deinit), (42 bytes).
    Removing gd32f4xx_exmc.o(i.exmc_nand_disable), (22 bytes).
    Removing gd32f4xx_exmc.o(i.exmc_nand_ecc_config), (48 bytes).
    Removing gd32f4xx_exmc.o(i.exmc_nand_enable), (22 bytes).
    Removing gd32f4xx_exmc.o(i.exmc_nand_init), (172 bytes).
    Removing gd32f4xx_exmc.o(i.exmc_nand_struct_para_init), (54 bytes).
    Removing gd32f4xx_exmc.o(i.exmc_norsram_consecutive_clock_config), (42 bytes).
    Removing gd32f4xx_exmc.o(i.exmc_norsram_deinit), (36 bytes).
    Removing gd32f4xx_exmc.o(i.exmc_norsram_disable), (22 bytes).
    Removing gd32f4xx_exmc.o(i.exmc_norsram_enable), (22 bytes).
    Removing gd32f4xx_exmc.o(i.exmc_norsram_init), (228 bytes).
    Removing gd32f4xx_exmc.o(i.exmc_norsram_page_size_config), (40 bytes).
    Removing gd32f4xx_exmc.o(i.exmc_norsram_struct_para_init), (106 bytes).
    Removing gd32f4xx_exmc.o(i.exmc_pccard_deinit), (36 bytes).
    Removing gd32f4xx_exmc.o(i.exmc_pccard_disable), (24 bytes).
    Removing gd32f4xx_exmc.o(i.exmc_pccard_enable), (24 bytes).
    Removing gd32f4xx_exmc.o(i.exmc_pccard_init), (188 bytes).
    Removing gd32f4xx_exmc.o(i.exmc_pccard_struct_para_init), (60 bytes).
    Removing gd32f4xx_exmc.o(i.exmc_sdram_autorefresh_number_set), (32 bytes).
    Removing gd32f4xx_exmc.o(i.exmc_sdram_bankstatus_get), (32 bytes).
    Removing gd32f4xx_exmc.o(i.exmc_sdram_command_config), (28 bytes).
    Removing gd32f4xx_exmc.o(i.exmc_sdram_deinit), (56 bytes).
    Removing gd32f4xx_exmc.o(i.exmc_sdram_init), (280 bytes).
    Removing gd32f4xx_exmc.o(i.exmc_sdram_readsample_config), (40 bytes).
    Removing gd32f4xx_exmc.o(i.exmc_sdram_readsample_enable), (44 bytes).
    Removing gd32f4xx_exmc.o(i.exmc_sdram_refresh_count_set), (36 bytes).
    Removing gd32f4xx_exmc.o(i.exmc_sdram_struct_para_init), (66 bytes).
    Removing gd32f4xx_exmc.o(i.exmc_sdram_write_protection_config), (64 bytes).
    Removing gd32f4xx_exmc.o(i.exmc_sqpipsram_deinit), (44 bytes).
    Removing gd32f4xx_exmc.o(i.exmc_sqpipsram_high_id_get), (12 bytes).
    Removing gd32f4xx_exmc.o(i.exmc_sqpipsram_init), (24 bytes).
    Removing gd32f4xx_exmc.o(i.exmc_sqpipsram_low_id_get), (12 bytes).
    Removing gd32f4xx_exmc.o(i.exmc_sqpipsram_read_command_set), (28 bytes).
    Removing gd32f4xx_exmc.o(i.exmc_sqpipsram_read_id_command_send), (24 bytes).
    Removing gd32f4xx_exmc.o(i.exmc_sqpipsram_send_command_state_get), (48 bytes).
    Removing gd32f4xx_exmc.o(i.exmc_sqpipsram_struct_para_init), (20 bytes).
    Removing gd32f4xx_exmc.o(i.exmc_sqpipsram_write_cmd_send), (24 bytes).
    Removing gd32f4xx_exmc.o(i.exmc_sqpipsram_write_command_set), (28 bytes).
    Removing gd32f4xx_exti.o(.rev16_text), (4 bytes).
    Removing gd32f4xx_exti.o(.revsh_text), (4 bytes).
    Removing gd32f4xx_exti.o(i.exti_deinit), (28 bytes).
    Removing gd32f4xx_exti.o(i.exti_event_disable), (16 bytes).
    Removing gd32f4xx_exti.o(i.exti_event_enable), (16 bytes).
    Removing gd32f4xx_exti.o(i.exti_flag_clear), (12 bytes).
    Removing gd32f4xx_exti.o(i.exti_flag_get), (24 bytes).
    Removing gd32f4xx_exti.o(i.exti_init), (188 bytes).
    Removing gd32f4xx_exti.o(i.exti_interrupt_disable), (16 bytes).
    Removing gd32f4xx_exti.o(i.exti_interrupt_enable), (16 bytes).
    Removing gd32f4xx_exti.o(i.exti_interrupt_flag_clear), (12 bytes).
    Removing gd32f4xx_exti.o(i.exti_interrupt_flag_get), (36 bytes).
    Removing gd32f4xx_exti.o(i.exti_software_interrupt_disable), (16 bytes).
    Removing gd32f4xx_exti.o(i.exti_software_interrupt_enable), (16 bytes).
    Removing gd32f4xx_fmc.o(.rev16_text), (4 bytes).
    Removing gd32f4xx_fmc.o(.revsh_text), (4 bytes).
    Removing gd32f4xx_fmc.o(i.fmc_bank0_erase), (68 bytes).
    Removing gd32f4xx_fmc.o(i.fmc_bank1_erase), (68 bytes).
    Removing gd32f4xx_fmc.o(i.fmc_byte_program), (80 bytes).
    Removing gd32f4xx_fmc.o(i.fmc_flag_clear), (12 bytes).
    Removing gd32f4xx_fmc.o(i.fmc_flag_get), (24 bytes).
    Removing gd32f4xx_fmc.o(i.fmc_halfword_program), (84 bytes).
    Removing gd32f4xx_fmc.o(i.fmc_interrupt_disable), (16 bytes).
    Removing gd32f4xx_fmc.o(i.fmc_interrupt_enable), (16 bytes).
    Removing gd32f4xx_fmc.o(i.fmc_lock), (20 bytes).
    Removing gd32f4xx_fmc.o(i.fmc_mass_erase), (72 bytes).
    Removing gd32f4xx_fmc.o(i.fmc_ready_wait), (34 bytes).
    Removing gd32f4xx_fmc.o(i.fmc_sector_erase), (92 bytes).
    Removing gd32f4xx_fmc.o(i.fmc_state_get), (84 bytes).
    Removing gd32f4xx_fmc.o(i.fmc_unlock), (36 bytes).
    Removing gd32f4xx_fmc.o(i.fmc_word_program), (84 bytes).
    Removing gd32f4xx_fmc.o(i.fmc_wscnt_set), (24 bytes).
    Removing gd32f4xx_fmc.o(i.ob_boot_mode_config), (24 bytes).
    Removing gd32f4xx_fmc.o(i.ob_drp0_get), (16 bytes).
    Removing gd32f4xx_fmc.o(i.ob_drp1_get), (16 bytes).
    Removing gd32f4xx_fmc.o(i.ob_drp_disable), (116 bytes).
    Removing gd32f4xx_fmc.o(i.ob_drp_enable), (128 bytes).
    Removing gd32f4xx_fmc.o(i.ob_erase), (76 bytes).
    Removing gd32f4xx_fmc.o(i.ob_lock), (20 bytes).
    Removing gd32f4xx_fmc.o(i.ob_security_protection_config), (40 bytes).
    Removing gd32f4xx_fmc.o(i.ob_spc_get), (28 bytes).
    Removing gd32f4xx_fmc.o(i.ob_start), (36 bytes).
    Removing gd32f4xx_fmc.o(i.ob_unlock), (36 bytes).
    Removing gd32f4xx_fmc.o(i.ob_user_bor_threshold), (24 bytes).
    Removing gd32f4xx_fmc.o(i.ob_user_bor_threshold_get), (16 bytes).
    Removing gd32f4xx_fmc.o(i.ob_user_get), (16 bytes).
    Removing gd32f4xx_fmc.o(i.ob_user_write), (48 bytes).
    Removing gd32f4xx_fmc.o(i.ob_write_protection0_get), (16 bytes).
    Removing gd32f4xx_fmc.o(i.ob_write_protection1_get), (16 bytes).
    Removing gd32f4xx_fmc.o(i.ob_write_protection_disable), (64 bytes).
    Removing gd32f4xx_fmc.o(i.ob_write_protection_enable), (64 bytes).
    Removing gd32f4xx_fwdgt.o(.rev16_text), (4 bytes).
    Removing gd32f4xx_fwdgt.o(.revsh_text), (4 bytes).
    Removing gd32f4xx_fwdgt.o(i.fwdgt_config), (104 bytes).
    Removing gd32f4xx_fwdgt.o(i.fwdgt_counter_reload), (16 bytes).
    Removing gd32f4xx_fwdgt.o(i.fwdgt_enable), (16 bytes).
    Removing gd32f4xx_fwdgt.o(i.fwdgt_flag_get), (24 bytes).
    Removing gd32f4xx_fwdgt.o(i.fwdgt_write_disable), (12 bytes).
    Removing gd32f4xx_fwdgt.o(i.fwdgt_write_enable), (16 bytes).
    Removing gd32f4xx_gpio.o(.rev16_text), (4 bytes).
    Removing gd32f4xx_gpio.o(.revsh_text), (4 bytes).
    Removing gd32f4xx_gpio.o(i.gpio_bit_reset), (4 bytes).
    Removing gd32f4xx_gpio.o(i.gpio_bit_set), (4 bytes).
    Removing gd32f4xx_gpio.o(i.gpio_bit_toggle), (4 bytes).
    Removing gd32f4xx_gpio.o(i.gpio_bit_write), (10 bytes).
    Removing gd32f4xx_gpio.o(i.gpio_deinit), (206 bytes).
    Removing gd32f4xx_gpio.o(i.gpio_input_bit_get), (16 bytes).
    Removing gd32f4xx_gpio.o(i.gpio_input_port_get), (8 bytes).
    Removing gd32f4xx_gpio.o(i.gpio_output_bit_get), (16 bytes).
    Removing gd32f4xx_gpio.o(i.gpio_output_port_get), (8 bytes).
    Removing gd32f4xx_gpio.o(i.gpio_pin_lock), (18 bytes).
    Removing gd32f4xx_gpio.o(i.gpio_port_toggle), (8 bytes).
    Removing gd32f4xx_gpio.o(i.gpio_port_write), (4 bytes).
    Removing gd32f4xx_i2c.o(.rev16_text), (4 bytes).
    Removing gd32f4xx_i2c.o(.revsh_text), (4 bytes).
    Removing gd32f4xx_i2c.o(i.i2c_ackpos_config), (22 bytes).
    Removing gd32f4xx_i2c.o(i.i2c_analog_noise_filter_disable), (10 bytes).
    Removing gd32f4xx_i2c.o(i.i2c_analog_noise_filter_enable), (10 bytes).
    Removing gd32f4xx_i2c.o(i.i2c_data_receive), (8 bytes).
    Removing gd32f4xx_i2c.o(i.i2c_deinit), (88 bytes).
    Removing gd32f4xx_i2c.o(i.i2c_digital_noise_filter_config), (8 bytes).
    Removing gd32f4xx_i2c.o(i.i2c_disable), (10 bytes).
    Removing gd32f4xx_i2c.o(i.i2c_dma_enable), (16 bytes).
    Removing gd32f4xx_i2c.o(i.i2c_dma_last_transfer_config), (16 bytes).
    Removing gd32f4xx_i2c.o(i.i2c_dualaddr_disable), (10 bytes).
    Removing gd32f4xx_i2c.o(i.i2c_dualaddr_enable), (12 bytes).
    Removing gd32f4xx_i2c.o(i.i2c_interrupt_disable), (26 bytes).
    Removing gd32f4xx_i2c.o(i.i2c_interrupt_enable), (26 bytes).
    Removing gd32f4xx_i2c.o(i.i2c_interrupt_flag_clear), (44 bytes).
    Removing gd32f4xx_i2c.o(i.i2c_interrupt_flag_get), (92 bytes).
    Removing gd32f4xx_i2c.o(i.i2c_pec_enable), (16 bytes).
    Removing gd32f4xx_i2c.o(i.i2c_pec_transfer_enable), (16 bytes).
    Removing gd32f4xx_i2c.o(i.i2c_pec_value_get), (10 bytes).
    Removing gd32f4xx_i2c.o(i.i2c_sam_disable), (14 bytes).
    Removing gd32f4xx_i2c.o(i.i2c_sam_enable), (14 bytes).
    Removing gd32f4xx_i2c.o(i.i2c_sam_timeout_disable), (14 bytes).
    Removing gd32f4xx_i2c.o(i.i2c_sam_timeout_enable), (14 bytes).
    Removing gd32f4xx_i2c.o(i.i2c_slave_response_to_gcall_config), (16 bytes).
    Removing gd32f4xx_i2c.o(i.i2c_smbus_arp_enable), (16 bytes).
    Removing gd32f4xx_i2c.o(i.i2c_smbus_issue_alert), (16 bytes).
    Removing gd32f4xx_i2c.o(i.i2c_smbus_type_config), (24 bytes).
    Removing gd32f4xx_i2c.o(i.i2c_software_reset_config), (16 bytes).
    Removing gd32f4xx_i2c.o(i.i2c_stretch_scl_low_config), (16 bytes).
    Removing gd32f4xx_ipa.o(.rev16_text), (4 bytes).
    Removing gd32f4xx_ipa.o(.revsh_text), (4 bytes).
    Removing gd32f4xx_ipa.o(i.ipa_background_init), (164 bytes).
    Removing gd32f4xx_ipa.o(i.ipa_background_lut_init), (100 bytes).
    Removing gd32f4xx_ipa.o(i.ipa_background_lut_loading_enable), (20 bytes).
    Removing gd32f4xx_ipa.o(i.ipa_background_struct_para_init), (20 bytes).
    Removing gd32f4xx_ipa.o(i.ipa_deinit), (20 bytes).
    Removing gd32f4xx_ipa.o(i.ipa_destination_init), (316 bytes).
    Removing gd32f4xx_ipa.o(i.ipa_destination_struct_para_init), (22 bytes).
    Removing gd32f4xx_ipa.o(i.ipa_flag_clear), (16 bytes).
    Removing gd32f4xx_ipa.o(i.ipa_flag_get), (24 bytes).
    Removing gd32f4xx_ipa.o(i.ipa_foreground_init), (164 bytes).
    Removing gd32f4xx_ipa.o(i.ipa_foreground_lut_init), (100 bytes).
    Removing gd32f4xx_ipa.o(i.ipa_foreground_lut_loading_enable), (20 bytes).
    Removing gd32f4xx_ipa.o(i.ipa_foreground_struct_para_init), (20 bytes).
    Removing gd32f4xx_ipa.o(i.ipa_inter_timer_config), (36 bytes).
    Removing gd32f4xx_ipa.o(i.ipa_interrupt_disable), (16 bytes).
    Removing gd32f4xx_ipa.o(i.ipa_interrupt_enable), (16 bytes).
    Removing gd32f4xx_ipa.o(i.ipa_interrupt_flag_clear), (16 bytes).
    Removing gd32f4xx_ipa.o(i.ipa_interrupt_flag_get), (24 bytes).
    Removing gd32f4xx_ipa.o(i.ipa_interval_clock_num_config), (28 bytes).
    Removing gd32f4xx_ipa.o(i.ipa_line_mark_config), (24 bytes).
    Removing gd32f4xx_ipa.o(i.ipa_pixel_format_convert_mode_set), (16 bytes).
    Removing gd32f4xx_ipa.o(i.ipa_transfer_enable), (20 bytes).
    Removing gd32f4xx_ipa.o(i.ipa_transfer_hangup_disable), (20 bytes).
    Removing gd32f4xx_ipa.o(i.ipa_transfer_hangup_enable), (20 bytes).
    Removing gd32f4xx_ipa.o(i.ipa_transfer_stop_disable), (20 bytes).
    Removing gd32f4xx_ipa.o(i.ipa_transfer_stop_enable), (20 bytes).
    Removing gd32f4xx_iref.o(.rev16_text), (4 bytes).
    Removing gd32f4xx_iref.o(.revsh_text), (4 bytes).
    Removing gd32f4xx_iref.o(i.iref_deinit), (20 bytes).
    Removing gd32f4xx_iref.o(i.iref_disable), (20 bytes).
    Removing gd32f4xx_iref.o(i.iref_enable), (20 bytes).
    Removing gd32f4xx_iref.o(i.iref_mode_set), (28 bytes).
    Removing gd32f4xx_iref.o(i.iref_precision_trim_value_set), (28 bytes).
    Removing gd32f4xx_iref.o(i.iref_sink_set), (28 bytes).
    Removing gd32f4xx_iref.o(i.iref_step_data_config), (28 bytes).
    Removing gd32f4xx_misc.o(.rev16_text), (4 bytes).
    Removing gd32f4xx_misc.o(.revsh_text), (4 bytes).
    Removing gd32f4xx_misc.o(i.nvic_irq_disable), (24 bytes).
    Removing gd32f4xx_misc.o(i.nvic_vector_table_set), (20 bytes).
    Removing gd32f4xx_misc.o(i.system_lowpower_reset), (16 bytes).
    Removing gd32f4xx_misc.o(i.system_lowpower_set), (16 bytes).
    Removing gd32f4xx_misc.o(i.systick_clksource_set), (40 bytes).
    Removing gd32f4xx_pmu.o(.rev16_text), (4 bytes).
    Removing gd32f4xx_pmu.o(.revsh_text), (4 bytes).
    Removing gd32f4xx_pmu.o(i.pmu_backup_ldo_config), (28 bytes).
    Removing gd32f4xx_pmu.o(i.pmu_backup_write_disable), (20 bytes).
    Removing gd32f4xx_pmu.o(i.pmu_backup_write_enable), (20 bytes).
    Removing gd32f4xx_pmu.o(i.pmu_deinit), (20 bytes).
    Removing gd32f4xx_pmu.o(i.pmu_flag_get), (24 bytes).
    Removing gd32f4xx_pmu.o(i.pmu_flag_reset), (48 bytes).
    Removing gd32f4xx_pmu.o(i.pmu_highdriver_mode_disable), (20 bytes).
    Removing gd32f4xx_pmu.o(i.pmu_highdriver_mode_enable), (20 bytes).
    Removing gd32f4xx_pmu.o(i.pmu_highdriver_switch_select), (44 bytes).
    Removing gd32f4xx_pmu.o(i.pmu_ldo_output_select), (28 bytes).
    Removing gd32f4xx_pmu.o(i.pmu_low_driver_mode_enable), (28 bytes).
    Removing gd32f4xx_pmu.o(i.pmu_lowdriver_lowpower_config), (28 bytes).
    Removing gd32f4xx_pmu.o(i.pmu_lowdriver_normalpower_config), (28 bytes).
    Removing gd32f4xx_pmu.o(i.pmu_lvd_disable), (20 bytes).
    Removing gd32f4xx_pmu.o(i.pmu_lvd_select), (48 bytes).
    Removing gd32f4xx_pmu.o(i.pmu_to_deepsleepmode), (196 bytes).
    Removing gd32f4xx_pmu.o(i.pmu_to_sleepmode), (28 bytes).
    Removing gd32f4xx_pmu.o(i.pmu_to_standbymode), (52 bytes).
    Removing gd32f4xx_pmu.o(i.pmu_wakeup_pin_disable), (20 bytes).
    Removing gd32f4xx_pmu.o(i.pmu_wakeup_pin_enable), (20 bytes).
    Removing gd32f4xx_pmu.o(.bss), (16 bytes).
    Removing gd32f4xx_rcu.o(.rev16_text), (4 bytes).
    Removing gd32f4xx_rcu.o(.revsh_text), (4 bytes).
    Removing gd32f4xx_rcu.o(i.rcu_ahb_clock_config), (24 bytes).
    Removing gd32f4xx_rcu.o(i.rcu_all_reset_flag_clear), (20 bytes).
    Removing gd32f4xx_rcu.o(i.rcu_apb1_clock_config), (24 bytes).
    Removing gd32f4xx_rcu.o(i.rcu_apb2_clock_config), (24 bytes).
    Removing gd32f4xx_rcu.o(i.rcu_bkp_reset_disable), (20 bytes).
    Removing gd32f4xx_rcu.o(i.rcu_bkp_reset_enable), (20 bytes).
    Removing gd32f4xx_rcu.o(i.rcu_ck48m_clock_config), (24 bytes).
    Removing gd32f4xx_rcu.o(i.rcu_ckout0_config), (28 bytes).
    Removing gd32f4xx_rcu.o(i.rcu_ckout1_config), (28 bytes).
    Removing gd32f4xx_rcu.o(i.rcu_deepsleep_voltage_set), (16 bytes).
    Removing gd32f4xx_rcu.o(i.rcu_deinit), (124 bytes).
    Removing gd32f4xx_rcu.o(i.rcu_flag_get), (36 bytes).
    Removing gd32f4xx_rcu.o(i.rcu_hxtal_clock_monitor_disable), (20 bytes).
    Removing gd32f4xx_rcu.o(i.rcu_hxtal_clock_monitor_enable), (20 bytes).
    Removing gd32f4xx_rcu.o(i.rcu_i2s_clock_config), (24 bytes).
    Removing gd32f4xx_rcu.o(i.rcu_interrupt_disable), (36 bytes).
    Removing gd32f4xx_rcu.o(i.rcu_interrupt_enable), (36 bytes).
    Removing gd32f4xx_rcu.o(i.rcu_interrupt_flag_clear), (36 bytes).
    Removing gd32f4xx_rcu.o(i.rcu_interrupt_flag_get), (36 bytes).
    Removing gd32f4xx_rcu.o(i.rcu_irc16m_adjust_value_set), (28 bytes).
    Removing gd32f4xx_rcu.o(i.rcu_lxtal_drive_capability_config), (24 bytes).
    Removing gd32f4xx_rcu.o(i.rcu_osci_bypass_mode_disable), (116 bytes).
    Removing gd32f4xx_rcu.o(i.rcu_osci_bypass_mode_enable), (116 bytes).
    Removing gd32f4xx_rcu.o(i.rcu_osci_off), (36 bytes).
    Removing gd32f4xx_rcu.o(i.rcu_osci_on), (36 bytes).
    Removing gd32f4xx_rcu.o(i.rcu_osci_stab_wait), (348 bytes).
    Removing gd32f4xx_rcu.o(i.rcu_periph_clock_disable), (36 bytes).
    Removing gd32f4xx_rcu.o(i.rcu_periph_clock_sleep_disable), (36 bytes).
    Removing gd32f4xx_rcu.o(i.rcu_periph_clock_sleep_enable), (36 bytes).
    Removing gd32f4xx_rcu.o(i.rcu_pll48m_clock_config), (24 bytes).
    Removing gd32f4xx_rcu.o(i.rcu_pll_config), (132 bytes).
    Removing gd32f4xx_rcu.o(i.rcu_plli2s_config), (44 bytes).
    Removing gd32f4xx_rcu.o(i.rcu_pllsai_config), (72 bytes).
    Removing gd32f4xx_rcu.o(i.rcu_rtc_clock_config), (24 bytes).
    Removing gd32f4xx_rcu.o(i.rcu_rtc_div_config), (24 bytes).
    Removing gd32f4xx_rcu.o(i.rcu_spread_spectrum_config), (32 bytes).
    Removing gd32f4xx_rcu.o(i.rcu_spread_spectrum_disable), (20 bytes).
    Removing gd32f4xx_rcu.o(i.rcu_spread_spectrum_enable), (20 bytes).
    Removing gd32f4xx_rcu.o(i.rcu_system_clock_source_config), (24 bytes).
    Removing gd32f4xx_rcu.o(i.rcu_system_clock_source_get), (16 bytes).
    Removing gd32f4xx_rcu.o(i.rcu_timer_clock_prescaler_config), (36 bytes).
    Removing gd32f4xx_rcu.o(i.rcu_tli_clock_div_config), (24 bytes).
    Removing gd32f4xx_rcu.o(i.rcu_voltage_key_unlock), (16 bytes).
    Removing gd32f4xx_rtc.o(.rev16_text), (4 bytes).
    Removing gd32f4xx_rtc.o(.revsh_text), (4 bytes).
    Removing gd32f4xx_rtc.o(i.rtc_alarm_config), (100 bytes).
    Removing gd32f4xx_rtc.o(i.rtc_alarm_disable), (128 bytes).
    Removing gd32f4xx_rtc.o(i.rtc_alarm_enable), (60 bytes).
    Removing gd32f4xx_rtc.o(i.rtc_alarm_get), (68 bytes).
    Removing gd32f4xx_rtc.o(i.rtc_alarm_output_config), (84 bytes).
    Removing gd32f4xx_rtc.o(i.rtc_alarm_subsecond_config), (52 bytes).
    Removing gd32f4xx_rtc.o(i.rtc_alarm_subsecond_get), (32 bytes).
    Removing gd32f4xx_rtc.o(i.rtc_bypass_shadow_disable), (40 bytes).
    Removing gd32f4xx_rtc.o(i.rtc_bypass_shadow_enable), (40 bytes).
    Removing gd32f4xx_rtc.o(i.rtc_calibration_output_config), (48 bytes).
    Removing gd32f4xx_rtc.o(i.rtc_coarse_calibration_config), (116 bytes).
    Removing gd32f4xx_rtc.o(i.rtc_coarse_calibration_disable), (56 bytes).
    Removing gd32f4xx_rtc.o(i.rtc_coarse_calibration_enable), (56 bytes).
    Removing gd32f4xx_rtc.o(i.rtc_current_time_get), (100 bytes).
    Removing gd32f4xx_rtc.o(i.rtc_deinit), (204 bytes).
    Removing gd32f4xx_rtc.o(i.rtc_flag_clear), (16 bytes).
    Removing gd32f4xx_rtc.o(i.rtc_flag_get), (20 bytes).
    Removing gd32f4xx_rtc.o(i.rtc_hour_adjust), (36 bytes).
    Removing gd32f4xx_rtc.o(i.rtc_init), (196 bytes).
    Removing gd32f4xx_rtc.o(i.rtc_init_mode_enter), (72 bytes).
    Removing gd32f4xx_rtc.o(i.rtc_init_mode_exit), (20 bytes).
    Removing gd32f4xx_rtc.o(i.rtc_interrupt_disable), (60 bytes).
    Removing gd32f4xx_rtc.o(i.rtc_interrupt_enable), (60 bytes).
    Removing gd32f4xx_rtc.o(i.rtc_refclock_detection_disable), (56 bytes).
    Removing gd32f4xx_rtc.o(i.rtc_refclock_detection_enable), (56 bytes).
    Removing gd32f4xx_rtc.o(i.rtc_register_sync_wait), (96 bytes).
    Removing gd32f4xx_rtc.o(i.rtc_second_adjust), (108 bytes).
    Removing gd32f4xx_rtc.o(i.rtc_smooth_calibration_config), (80 bytes).
    Removing gd32f4xx_rtc.o(i.rtc_subsecond_get), (20 bytes).
    Removing gd32f4xx_rtc.o(i.rtc_tamper0_pin_map), (28 bytes).
    Removing gd32f4xx_rtc.o(i.rtc_tamper_disable), (16 bytes).
    Removing gd32f4xx_rtc.o(i.rtc_tamper_enable), (200 bytes).
    Removing gd32f4xx_rtc.o(i.rtc_timestamp_disable), (40 bytes).
    Removing gd32f4xx_rtc.o(i.rtc_timestamp_enable), (48 bytes).
    Removing gd32f4xx_rtc.o(i.rtc_timestamp_get), (60 bytes).
    Removing gd32f4xx_rtc.o(i.rtc_timestamp_pin_map), (28 bytes).
    Removing gd32f4xx_rtc.o(i.rtc_timestamp_subsecond_get), (12 bytes).
    Removing gd32f4xx_rtc.o(i.rtc_wakeup_clock_set), (92 bytes).
    Removing gd32f4xx_rtc.o(i.rtc_wakeup_disable), (84 bytes).
    Removing gd32f4xx_rtc.o(i.rtc_wakeup_enable), (40 bytes).
    Removing gd32f4xx_rtc.o(i.rtc_wakeup_timer_get), (12 bytes).
    Removing gd32f4xx_rtc.o(i.rtc_wakeup_timer_set), (76 bytes).
    Removing gd32f4xx_sdio.o(.rev16_text), (4 bytes).
    Removing gd32f4xx_sdio.o(.revsh_text), (4 bytes).
    Removing gd32f4xx_sdio.o(i.sdio_bus_mode_set), (28 bytes).
    Removing gd32f4xx_sdio.o(i.sdio_ceata_command_completion_disable), (20 bytes).
    Removing gd32f4xx_sdio.o(i.sdio_ceata_command_completion_enable), (20 bytes).
    Removing gd32f4xx_sdio.o(i.sdio_ceata_command_disable), (20 bytes).
    Removing gd32f4xx_sdio.o(i.sdio_ceata_command_enable), (20 bytes).
    Removing gd32f4xx_sdio.o(i.sdio_ceata_interrupt_disable), (20 bytes).
    Removing gd32f4xx_sdio.o(i.sdio_ceata_interrupt_enable), (20 bytes).
    Removing gd32f4xx_sdio.o(i.sdio_clock_config), (52 bytes).
    Removing gd32f4xx_sdio.o(i.sdio_clock_disable), (20 bytes).
    Removing gd32f4xx_sdio.o(i.sdio_clock_enable), (20 bytes).
    Removing gd32f4xx_sdio.o(i.sdio_command_index_get), (12 bytes).
    Removing gd32f4xx_sdio.o(i.sdio_command_response_config), (56 bytes).
    Removing gd32f4xx_sdio.o(i.sdio_csm_disable), (20 bytes).
    Removing gd32f4xx_sdio.o(i.sdio_csm_enable), (20 bytes).
    Removing gd32f4xx_sdio.o(i.sdio_data_config), (60 bytes).
    Removing gd32f4xx_sdio.o(i.sdio_data_counter_get), (12 bytes).
    Removing gd32f4xx_sdio.o(i.sdio_data_read), (12 bytes).
    Removing gd32f4xx_sdio.o(i.sdio_data_transfer_config), (28 bytes).
    Removing gd32f4xx_sdio.o(i.sdio_data_write), (12 bytes).
    Removing gd32f4xx_sdio.o(i.sdio_deinit), (20 bytes).
    Removing gd32f4xx_sdio.o(i.sdio_dma_disable), (20 bytes).
    Removing gd32f4xx_sdio.o(i.sdio_dma_enable), (20 bytes).
    Removing gd32f4xx_sdio.o(i.sdio_dsm_disable), (20 bytes).
    Removing gd32f4xx_sdio.o(i.sdio_dsm_enable), (20 bytes).
    Removing gd32f4xx_sdio.o(i.sdio_fifo_counter_get), (12 bytes).
    Removing gd32f4xx_sdio.o(i.sdio_flag_clear), (12 bytes).
    Removing gd32f4xx_sdio.o(i.sdio_flag_get), (20 bytes).
    Removing gd32f4xx_sdio.o(i.sdio_hardware_clock_disable), (20 bytes).
    Removing gd32f4xx_sdio.o(i.sdio_hardware_clock_enable), (20 bytes).
    Removing gd32f4xx_sdio.o(i.sdio_interrupt_disable), (16 bytes).
    Removing gd32f4xx_sdio.o(i.sdio_interrupt_enable), (16 bytes).
    Removing gd32f4xx_sdio.o(i.sdio_interrupt_flag_clear), (12 bytes).
    Removing gd32f4xx_sdio.o(i.sdio_interrupt_flag_get), (20 bytes).
    Removing gd32f4xx_sdio.o(i.sdio_operation_disable), (20 bytes).
    Removing gd32f4xx_sdio.o(i.sdio_operation_enable), (20 bytes).
    Removing gd32f4xx_sdio.o(i.sdio_power_state_get), (12 bytes).
    Removing gd32f4xx_sdio.o(i.sdio_power_state_set), (12 bytes).
    Removing gd32f4xx_sdio.o(i.sdio_readwait_disable), (20 bytes).
    Removing gd32f4xx_sdio.o(i.sdio_readwait_enable), (20 bytes).
    Removing gd32f4xx_sdio.o(i.sdio_readwait_type_set), (40 bytes).
    Removing gd32f4xx_sdio.o(i.sdio_response_get), (60 bytes).
    Removing gd32f4xx_sdio.o(i.sdio_stop_readwait_disable), (20 bytes).
    Removing gd32f4xx_sdio.o(i.sdio_stop_readwait_enable), (20 bytes).
    Removing gd32f4xx_sdio.o(i.sdio_suspend_disable), (20 bytes).
    Removing gd32f4xx_sdio.o(i.sdio_suspend_enable), (20 bytes).
    Removing gd32f4xx_sdio.o(i.sdio_wait_type_set), (28 bytes).
    Removing gd32f4xx_spi.o(.rev16_text), (4 bytes).
    Removing gd32f4xx_spi.o(.revsh_text), (4 bytes).
    Removing gd32f4xx_spi.o(i.i2s_disable), (10 bytes).
    Removing gd32f4xx_spi.o(i.i2s_enable), (10 bytes).
    Removing gd32f4xx_spi.o(i.i2s_full_duplex_mode_config), (48 bytes).
    Removing gd32f4xx_spi.o(i.i2s_init), (28 bytes).
    Removing gd32f4xx_spi.o(i.i2s_psc_config), (292 bytes).
    Removing gd32f4xx_spi.o(i.qspi_disable), (14 bytes).
    Removing gd32f4xx_spi.o(i.qspi_enable), (14 bytes).
    Removing gd32f4xx_spi.o(i.qspi_io23_output_disable), (14 bytes).
    Removing gd32f4xx_spi.o(i.qspi_io23_output_enable), (14 bytes).
    Removing gd32f4xx_spi.o(i.qspi_read_enable), (14 bytes).
    Removing gd32f4xx_spi.o(i.qspi_write_enable), (14 bytes).
    Removing gd32f4xx_spi.o(i.spi_bidirectional_transfer_config), (26 bytes).
    Removing gd32f4xx_spi.o(i.spi_crc_error_clear), (10 bytes).
    Removing gd32f4xx_spi.o(i.spi_crc_get), (16 bytes).
    Removing gd32f4xx_spi.o(i.spi_crc_next), (10 bytes).
    Removing gd32f4xx_spi.o(i.spi_crc_off), (10 bytes).
    Removing gd32f4xx_spi.o(i.spi_crc_on), (10 bytes).
    Removing gd32f4xx_spi.o(i.spi_crc_polynomial_get), (8 bytes).
    Removing gd32f4xx_spi.o(i.spi_crc_polynomial_set), (12 bytes).
    Removing gd32f4xx_spi.o(i.spi_disable), (10 bytes).
    Removing gd32f4xx_spi.o(i.spi_dma_disable), (22 bytes).
    Removing gd32f4xx_spi.o(i.spi_dma_enable), (22 bytes).
    Removing gd32f4xx_spi.o(i.spi_enable), (10 bytes).
    Removing gd32f4xx_spi.o(i.spi_i2s_data_frame_format_config), (16 bytes).
    Removing gd32f4xx_spi.o(i.spi_i2s_data_receive), (8 bytes).
    Removing gd32f4xx_spi.o(i.spi_i2s_data_transmit), (4 bytes).
    Removing gd32f4xx_spi.o(i.spi_i2s_deinit), (172 bytes).
    Removing gd32f4xx_spi.o(i.spi_i2s_flag_get), (16 bytes).
    Removing gd32f4xx_spi.o(i.spi_i2s_interrupt_disable), (48 bytes).
    Removing gd32f4xx_spi.o(i.spi_i2s_interrupt_enable), (48 bytes).
    Removing gd32f4xx_spi.o(i.spi_i2s_interrupt_flag_get), (112 bytes).
    Removing gd32f4xx_spi.o(i.spi_init), (50 bytes).
    Removing gd32f4xx_spi.o(i.spi_nss_internal_high), (10 bytes).
    Removing gd32f4xx_spi.o(i.spi_nss_internal_low), (10 bytes).
    Removing gd32f4xx_spi.o(i.spi_nss_output_disable), (10 bytes).
    Removing gd32f4xx_spi.o(i.spi_nss_output_enable), (10 bytes).
    Removing gd32f4xx_spi.o(i.spi_struct_para_init), (18 bytes).
    Removing gd32f4xx_spi.o(i.spi_ti_mode_disable), (10 bytes).
    Removing gd32f4xx_spi.o(i.spi_ti_mode_enable), (10 bytes).
    Removing gd32f4xx_syscfg.o(.rev16_text), (4 bytes).
    Removing gd32f4xx_syscfg.o(.revsh_text), (4 bytes).
    Removing gd32f4xx_syscfg.o(i.syscfg_bootmode_config), (28 bytes).
    Removing gd32f4xx_syscfg.o(i.syscfg_compensation_config), (24 bytes).
    Removing gd32f4xx_syscfg.o(i.syscfg_deinit), (20 bytes).
    Removing gd32f4xx_syscfg.o(i.syscfg_enet_phy_interface_config), (24 bytes).
    Removing gd32f4xx_syscfg.o(i.syscfg_exmc_swap_config), (24 bytes).
    Removing gd32f4xx_syscfg.o(i.syscfg_exti_line_config), (172 bytes).
    Removing gd32f4xx_syscfg.o(i.syscfg_flag_get), (24 bytes).
    Removing gd32f4xx_syscfg.o(i.syscfg_fmc_swap_config), (24 bytes).
    Removing gd32f4xx_timer.o(.rev16_text), (4 bytes).
    Removing gd32f4xx_timer.o(.revsh_text), (4 bytes).
    Removing gd32f4xx_timer.o(i.timer_auto_reload_shadow_disable), (10 bytes).
    Removing gd32f4xx_timer.o(i.timer_auto_reload_shadow_enable), (10 bytes).
    Removing gd32f4xx_timer.o(i.timer_automatic_output_disable), (10 bytes).
    Removing gd32f4xx_timer.o(i.timer_automatic_output_enable), (10 bytes).
    Removing gd32f4xx_timer.o(i.timer_autoreload_value_config), (4 bytes).
    Removing gd32f4xx_timer.o(i.timer_break_config), (30 bytes).
    Removing gd32f4xx_timer.o(i.timer_break_disable), (10 bytes).
    Removing gd32f4xx_timer.o(i.timer_break_enable), (10 bytes).
    Removing gd32f4xx_timer.o(i.timer_break_struct_para_init), (18 bytes).
    Removing gd32f4xx_timer.o(i.timer_channel_capture_value_register_read), (42 bytes).
    Removing gd32f4xx_timer.o(i.timer_channel_complementary_output_polarity_config), (70 bytes).
    Removing gd32f4xx_timer.o(i.timer_channel_complementary_output_state_config), (70 bytes).
    Removing gd32f4xx_timer.o(i.timer_channel_control_shadow_config), (24 bytes).
    Removing gd32f4xx_timer.o(i.timer_channel_control_shadow_update_config), (26 bytes).
    Removing gd32f4xx_timer.o(i.timer_channel_dma_request_source_select), (26 bytes).
    Removing gd32f4xx_timer.o(i.timer_channel_input_capture_prescaler_config), (90 bytes).
    Removing gd32f4xx_timer.o(i.timer_channel_input_struct_para_init), (16 bytes).
    Removing gd32f4xx_timer.o(i.timer_channel_output_clear_config), (90 bytes).
    Removing gd32f4xx_timer.o(i.timer_channel_output_config), (492 bytes).
    Removing gd32f4xx_timer.o(i.timer_channel_output_fast_config), (90 bytes).
    Removing gd32f4xx_timer.o(i.timer_channel_output_mode_config), (90 bytes).
    Removing gd32f4xx_timer.o(i.timer_channel_output_polarity_config), (92 bytes).
    Removing gd32f4xx_timer.o(i.timer_channel_output_pulse_value_config), (38 bytes).
    Removing gd32f4xx_timer.o(i.timer_channel_output_shadow_config), (90 bytes).
    Removing gd32f4xx_timer.o(i.timer_channel_output_state_config), (92 bytes).
    Removing gd32f4xx_timer.o(i.timer_channel_output_struct_para_init), (16 bytes).
    Removing gd32f4xx_timer.o(i.timer_channel_remap_config), (4 bytes).
    Removing gd32f4xx_timer.o(i.timer_counter_alignment), (16 bytes).
    Removing gd32f4xx_timer.o(i.timer_counter_down_direction), (10 bytes).
    Removing gd32f4xx_timer.o(i.timer_counter_read), (8 bytes).
    Removing gd32f4xx_timer.o(i.timer_counter_up_direction), (10 bytes).
    Removing gd32f4xx_timer.o(i.timer_counter_value_config), (4 bytes).
    Removing gd32f4xx_timer.o(i.timer_disable), (10 bytes).
    Removing gd32f4xx_timer.o(i.timer_dma_disable), (8 bytes).
    Removing gd32f4xx_timer.o(i.timer_dma_enable), (8 bytes).
    Removing gd32f4xx_timer.o(i.timer_dma_transfer_config), (24 bytes).
    Removing gd32f4xx_timer.o(i.timer_event_software_generate), (8 bytes).
    Removing gd32f4xx_timer.o(i.timer_external_clock_mode0_config), (40 bytes).
    Removing gd32f4xx_timer.o(i.timer_external_clock_mode1_config), (32 bytes).
    Removing gd32f4xx_timer.o(i.timer_external_clock_mode1_disable), (10 bytes).
    Removing gd32f4xx_timer.o(i.timer_external_trigger_as_external_clock_config), (166 bytes).
    Removing gd32f4xx_timer.o(i.timer_external_trigger_config), (30 bytes).
    Removing gd32f4xx_timer.o(i.timer_flag_clear), (6 bytes).
    Removing gd32f4xx_timer.o(i.timer_flag_get), (16 bytes).
    Removing gd32f4xx_timer.o(i.timer_hall_mode_config), (26 bytes).
    Removing gd32f4xx_timer.o(i.timer_input_capture_config), (326 bytes).
    Removing gd32f4xx_timer.o(i.timer_input_pwm_capture_config), (356 bytes).
    Removing gd32f4xx_timer.o(i.timer_input_trigger_source_select), (16 bytes).
    Removing gd32f4xx_timer.o(i.timer_internal_clock_config), (10 bytes).
    Removing gd32f4xx_timer.o(i.timer_internal_trigger_as_external_clock_config), (32 bytes).
    Removing gd32f4xx_timer.o(i.timer_interrupt_disable), (8 bytes).
    Removing gd32f4xx_timer.o(i.timer_master_output_trigger_source_select), (16 bytes).
    Removing gd32f4xx_timer.o(i.timer_master_slave_mode_config), (26 bytes).
    Removing gd32f4xx_timer.o(i.timer_output_value_selection_config), (34 bytes).
    Removing gd32f4xx_timer.o(i.timer_prescaler_config), (14 bytes).
    Removing gd32f4xx_timer.o(i.timer_prescaler_read), (10 bytes).
    Removing gd32f4xx_timer.o(i.timer_primary_output_config), (24 bytes).
    Removing gd32f4xx_timer.o(i.timer_quadrature_decoder_mode_config), (64 bytes).
    Removing gd32f4xx_timer.o(i.timer_repetition_value_config), (4 bytes).
    Removing gd32f4xx_timer.o(i.timer_single_pulse_mode_config), (26 bytes).
    Removing gd32f4xx_timer.o(i.timer_slave_mode_select), (16 bytes).
    Removing gd32f4xx_timer.o(i.timer_struct_para_init), (22 bytes).
    Removing gd32f4xx_timer.o(i.timer_update_event_disable), (10 bytes).
    Removing gd32f4xx_timer.o(i.timer_update_event_enable), (10 bytes).
    Removing gd32f4xx_timer.o(i.timer_update_source_config), (26 bytes).
    Removing gd32f4xx_timer.o(i.timer_write_chxval_register_config), (34 bytes).
    Removing gd32f4xx_tli.o(.rev16_text), (4 bytes).
    Removing gd32f4xx_tli.o(.revsh_text), (4 bytes).
    Removing gd32f4xx_tli.o(i.tli_color_key_disable), (14 bytes).
    Removing gd32f4xx_tli.o(i.tli_color_key_enable), (14 bytes).
    Removing gd32f4xx_tli.o(i.tli_color_key_init), (16 bytes).
    Removing gd32f4xx_tli.o(i.tli_current_pos_get), (12 bytes).
    Removing gd32f4xx_tli.o(i.tli_deinit), (20 bytes).
    Removing gd32f4xx_tli.o(i.tli_disable), (20 bytes).
    Removing gd32f4xx_tli.o(i.tli_dither_config), (36 bytes).
    Removing gd32f4xx_tli.o(i.tli_enable), (20 bytes).
    Removing gd32f4xx_tli.o(i.tli_flag_get), (36 bytes).
    Removing gd32f4xx_tli.o(i.tli_init), (188 bytes).
    Removing gd32f4xx_tli.o(i.tli_interrupt_disable), (16 bytes).
    Removing gd32f4xx_tli.o(i.tli_interrupt_enable), (16 bytes).
    Removing gd32f4xx_tli.o(i.tli_interrupt_flag_clear), (16 bytes).
    Removing gd32f4xx_tli.o(i.tli_interrupt_flag_get), (36 bytes).
    Removing gd32f4xx_tli.o(i.tli_layer_disable), (14 bytes).
    Removing gd32f4xx_tli.o(i.tli_layer_enable), (14 bytes).
    Removing gd32f4xx_tli.o(i.tli_layer_init), (152 bytes).
    Removing gd32f4xx_tli.o(i.tli_layer_struct_para_init), (48 bytes).
    Removing gd32f4xx_tli.o(i.tli_layer_window_offset_modify), (228 bytes).
    Removing gd32f4xx_tli.o(i.tli_line_mark_set), (24 bytes).
    Removing gd32f4xx_tli.o(i.tli_lut_disable), (14 bytes).
    Removing gd32f4xx_tli.o(i.tli_lut_enable), (14 bytes).
    Removing gd32f4xx_tli.o(i.tli_lut_init), (36 bytes).
    Removing gd32f4xx_tli.o(i.tli_lut_struct_para_init), (12 bytes).
    Removing gd32f4xx_tli.o(i.tli_reload_config), (36 bytes).
    Removing gd32f4xx_tli.o(i.tli_struct_para_init), (34 bytes).
    Removing gd32f4xx_trng.o(.rev16_text), (4 bytes).
    Removing gd32f4xx_trng.o(.revsh_text), (4 bytes).
    Removing gd32f4xx_trng.o(i.trng_deinit), (20 bytes).
    Removing gd32f4xx_trng.o(i.trng_disable), (20 bytes).
    Removing gd32f4xx_trng.o(i.trng_enable), (20 bytes).
    Removing gd32f4xx_trng.o(i.trng_flag_get), (24 bytes).
    Removing gd32f4xx_trng.o(i.trng_get_true_random_data), (12 bytes).
    Removing gd32f4xx_trng.o(i.trng_interrupt_disable), (20 bytes).
    Removing gd32f4xx_trng.o(i.trng_interrupt_enable), (20 bytes).
    Removing gd32f4xx_trng.o(i.trng_interrupt_flag_clear), (16 bytes).
    Removing gd32f4xx_trng.o(i.trng_interrupt_flag_get), (24 bytes).
    Removing gd32f4xx_usart.o(.rev16_text), (4 bytes).
    Removing gd32f4xx_usart.o(.revsh_text), (4 bytes).
    Removing gd32f4xx_usart.o(i.usart_address_config), (20 bytes).
    Removing gd32f4xx_usart.o(i.usart_baudrate_set), (232 bytes).
    Removing gd32f4xx_usart.o(i.usart_block_length_config), (28 bytes).
    Removing gd32f4xx_usart.o(i.usart_break_frame_coherence_config), (24 bytes).
    Removing gd32f4xx_usart.o(i.usart_data_first_config), (20 bytes).
    Removing gd32f4xx_usart.o(i.usart_data_receive), (10 bytes).
    Removing gd32f4xx_usart.o(i.usart_data_transmit), (8 bytes).
    Removing gd32f4xx_usart.o(i.usart_deinit), (220 bytes).
    Removing gd32f4xx_usart.o(i.usart_disable), (10 bytes).
    Removing gd32f4xx_usart.o(i.usart_dma_receive_config), (16 bytes).
    Removing gd32f4xx_usart.o(i.usart_dma_transmit_config), (16 bytes).
    Removing gd32f4xx_usart.o(i.usart_enable), (10 bytes).
    Removing gd32f4xx_usart.o(i.usart_flag_clear), (26 bytes).
    Removing gd32f4xx_usart.o(i.usart_flag_get), (30 bytes).
    Removing gd32f4xx_usart.o(i.usart_guard_time_config), (24 bytes).
    Removing gd32f4xx_usart.o(i.usart_halfduplex_disable), (10 bytes).
    Removing gd32f4xx_usart.o(i.usart_halfduplex_enable), (10 bytes).
    Removing gd32f4xx_usart.o(i.usart_hardware_flow_coherence_config), (24 bytes).
    Removing gd32f4xx_usart.o(i.usart_hardware_flow_cts_config), (16 bytes).
    Removing gd32f4xx_usart.o(i.usart_hardware_flow_rts_config), (16 bytes).
    Removing gd32f4xx_usart.o(i.usart_interrupt_disable), (26 bytes).
    Removing gd32f4xx_usart.o(i.usart_interrupt_enable), (26 bytes).
    Removing gd32f4xx_usart.o(i.usart_interrupt_flag_clear), (26 bytes).
    Removing gd32f4xx_usart.o(i.usart_interrupt_flag_get), (56 bytes).
    Removing gd32f4xx_usart.o(i.usart_invert_config), (104 bytes).
    Removing gd32f4xx_usart.o(i.usart_irda_lowpower_config), (20 bytes).
    Removing gd32f4xx_usart.o(i.usart_irda_mode_disable), (10 bytes).
    Removing gd32f4xx_usart.o(i.usart_irda_mode_enable), (10 bytes).
    Removing gd32f4xx_usart.o(i.usart_lin_break_detection_length_config), (20 bytes).
    Removing gd32f4xx_usart.o(i.usart_lin_mode_disable), (10 bytes).
    Removing gd32f4xx_usart.o(i.usart_lin_mode_enable), (10 bytes).
    Removing gd32f4xx_usart.o(i.usart_mute_mode_disable), (10 bytes).
    Removing gd32f4xx_usart.o(i.usart_mute_mode_enable), (10 bytes).
    Removing gd32f4xx_usart.o(i.usart_mute_mode_wakeup_config), (16 bytes).
    Removing gd32f4xx_usart.o(i.usart_oversample_config), (16 bytes).
    Removing gd32f4xx_usart.o(i.usart_parity_check_coherence_config), (24 bytes).
    Removing gd32f4xx_usart.o(i.usart_parity_config), (16 bytes).
    Removing gd32f4xx_usart.o(i.usart_prescaler_config), (16 bytes).
    Removing gd32f4xx_usart.o(i.usart_receive_config), (16 bytes).
    Removing gd32f4xx_usart.o(i.usart_receiver_timeout_disable), (14 bytes).
    Removing gd32f4xx_usart.o(i.usart_receiver_timeout_enable), (14 bytes).
    Removing gd32f4xx_usart.o(i.usart_receiver_timeout_threshold_config), (20 bytes).
    Removing gd32f4xx_usart.o(i.usart_sample_bit_config), (16 bytes).
    Removing gd32f4xx_usart.o(i.usart_send_break), (10 bytes).
    Removing gd32f4xx_usart.o(i.usart_smartcard_autoretry_config), (26 bytes).
    Removing gd32f4xx_usart.o(i.usart_smartcard_mode_disable), (10 bytes).
    Removing gd32f4xx_usart.o(i.usart_smartcard_mode_enable), (10 bytes).
    Removing gd32f4xx_usart.o(i.usart_smartcard_mode_nack_disable), (10 bytes).
    Removing gd32f4xx_usart.o(i.usart_smartcard_mode_nack_enable), (10 bytes).
    Removing gd32f4xx_usart.o(i.usart_stop_bit_set), (16 bytes).
    Removing gd32f4xx_usart.o(i.usart_synchronous_clock_config), (34 bytes).
    Removing gd32f4xx_usart.o(i.usart_synchronous_clock_disable), (10 bytes).
    Removing gd32f4xx_usart.o(i.usart_synchronous_clock_enable), (10 bytes).
    Removing gd32f4xx_usart.o(i.usart_transmit_config), (16 bytes).
    Removing gd32f4xx_usart.o(i.usart_word_length_set), (16 bytes).
    Removing gd32f4xx_wwdgt.o(.rev16_text), (4 bytes).
    Removing gd32f4xx_wwdgt.o(.revsh_text), (4 bytes).
    Removing gd32f4xx_wwdgt.o(i.wwdgt_config), (56 bytes).
    Removing gd32f4xx_wwdgt.o(i.wwdgt_counter_update), (28 bytes).
    Removing gd32f4xx_wwdgt.o(i.wwdgt_deinit), (20 bytes).
    Removing gd32f4xx_wwdgt.o(i.wwdgt_enable), (20 bytes).
    Removing gd32f4xx_wwdgt.o(i.wwdgt_flag_clear), (20 bytes).
    Removing gd32f4xx_wwdgt.o(i.wwdgt_flag_get), (24 bytes).
    Removing gd32f4xx_wwdgt.o(i.wwdgt_interrupt_enable), (20 bytes).
    Removing system_gd32f4xx.o(.rev16_text), (4 bytes).
    Removing system_gd32f4xx.o(.revsh_text), (4 bytes).
    Removing system_gd32f4xx.o(i.SystemCoreClockUpdate), (272 bytes).
    Removing system_gd32f4xx.o(.data), (4 bytes).
    Removing startup_gd32f450.o(HEAP), (1024 bytes).

896 unused section(s) (total 55392 bytes) removed from the image.

==============================================================================

Image Symbol Table

    Local Symbols

    Symbol Name                              Value     Ov Type        Size  Object(Section)

    ../clib/microlib/init/entry.s            0x00000000   Number         0  entry10a.o ABSOLUTE
    ../clib/microlib/init/entry.s            0x00000000   Number         0  entry5.o ABSOLUTE
    ../clib/microlib/init/entry.s            0x00000000   Number         0  entry2.o ABSOLUTE
    ../clib/microlib/init/entry.s            0x00000000   Number         0  entry8b.o ABSOLUTE
    ../clib/microlib/init/entry.s            0x00000000   Number         0  entry.o ABSOLUTE
    ../clib/microlib/init/entry.s            0x00000000   Number         0  entry12b.o ABSOLUTE
    ../clib/microlib/init/entry.s            0x00000000   Number         0  entry12a.o ABSOLUTE
    ../clib/microlib/init/entry.s            0x00000000   Number         0  entry11b.o ABSOLUTE
    ../clib/microlib/init/entry.s            0x00000000   Number         0  entry11a.o ABSOLUTE
    ../clib/microlib/init/entry.s            0x00000000   Number         0  entry10b.o ABSOLUTE
    ../clib/microlib/init/entry.s            0x00000000   Number         0  entry9b.o ABSOLUTE
    ../clib/microlib/init/entry.s            0x00000000   Number         0  entry9a.o ABSOLUTE
    ../clib/microlib/init/entry.s            0x00000000   Number         0  entry8a.o ABSOLUTE
    ../clib/microlib/init/entry.s            0x00000000   Number         0  entry7b.o ABSOLUTE
    ../clib/microlib/init/entry.s            0x00000000   Number         0  entry7a.o ABSOLUTE
    ..\..\..\Library\Firmware\CMSIS\GD\GD32F4xx\Source\ARM\startup_gd32f450.s 0x00000000   Number         0  startup_gd32f450.o ABSOLUTE
    ..\..\..\Library\Firmware\CMSIS\GD\GD32F4xx\Source\system_gd32f4xx.c 0x00000000   Number         0  system_gd32f4xx.o ABSOLUTE
    ..\..\..\Library\Firmware\GD32F4xx_standard_peripheral\Source\gd32f4xx_adc.c 0x00000000   Number         0  gd32f4xx_adc.o ABSOLUTE
    ..\..\..\Library\Firmware\GD32F4xx_standard_peripheral\Source\gd32f4xx_can.c 0x00000000   Number         0  gd32f4xx_can.o ABSOLUTE
    ..\..\..\Library\Firmware\GD32F4xx_standard_peripheral\Source\gd32f4xx_crc.c 0x00000000   Number         0  gd32f4xx_crc.o ABSOLUTE
    ..\..\..\Library\Firmware\GD32F4xx_standard_peripheral\Source\gd32f4xx_ctc.c 0x00000000   Number         0  gd32f4xx_ctc.o ABSOLUTE
    ..\..\..\Library\Firmware\GD32F4xx_standard_peripheral\Source\gd32f4xx_dac.c 0x00000000   Number         0  gd32f4xx_dac.o ABSOLUTE
    ..\..\..\Library\Firmware\GD32F4xx_standard_peripheral\Source\gd32f4xx_dbg.c 0x00000000   Number         0  gd32f4xx_dbg.o ABSOLUTE
    ..\..\..\Library\Firmware\GD32F4xx_standard_peripheral\Source\gd32f4xx_dci.c 0x00000000   Number         0  gd32f4xx_dci.o ABSOLUTE
    ..\..\..\Library\Firmware\GD32F4xx_standard_peripheral\Source\gd32f4xx_dma.c 0x00000000   Number         0  gd32f4xx_dma.o ABSOLUTE
    ..\..\..\Library\Firmware\GD32F4xx_standard_peripheral\Source\gd32f4xx_enet.c 0x00000000   Number         0  gd32f4xx_enet.o ABSOLUTE
    ..\..\..\Library\Firmware\GD32F4xx_standard_peripheral\Source\gd32f4xx_exmc.c 0x00000000   Number         0  gd32f4xx_exmc.o ABSOLUTE
    ..\..\..\Library\Firmware\GD32F4xx_standard_peripheral\Source\gd32f4xx_exti.c 0x00000000   Number         0  gd32f4xx_exti.o ABSOLUTE
    ..\..\..\Library\Firmware\GD32F4xx_standard_peripheral\Source\gd32f4xx_fmc.c 0x00000000   Number         0  gd32f4xx_fmc.o ABSOLUTE
    ..\..\..\Library\Firmware\GD32F4xx_standard_peripheral\Source\gd32f4xx_fwdgt.c 0x00000000   Number         0  gd32f4xx_fwdgt.o ABSOLUTE
    ..\..\..\Library\Firmware\GD32F4xx_standard_peripheral\Source\gd32f4xx_gpio.c 0x00000000   Number         0  gd32f4xx_gpio.o ABSOLUTE
    ..\..\..\Library\Firmware\GD32F4xx_standard_peripheral\Source\gd32f4xx_i2c.c 0x00000000   Number         0  gd32f4xx_i2c.o ABSOLUTE
    ..\..\..\Library\Firmware\GD32F4xx_standard_peripheral\Source\gd32f4xx_ipa.c 0x00000000   Number         0  gd32f4xx_ipa.o ABSOLUTE
    ..\..\..\Library\Firmware\GD32F4xx_standard_peripheral\Source\gd32f4xx_iref.c 0x00000000   Number         0  gd32f4xx_iref.o ABSOLUTE
    ..\..\..\Library\Firmware\GD32F4xx_standard_peripheral\Source\gd32f4xx_misc.c 0x00000000   Number         0  gd32f4xx_misc.o ABSOLUTE
    ..\..\..\Library\Firmware\GD32F4xx_standard_peripheral\Source\gd32f4xx_pmu.c 0x00000000   Number         0  gd32f4xx_pmu.o ABSOLUTE
    ..\..\..\Library\Firmware\GD32F4xx_standard_peripheral\Source\gd32f4xx_rcu.c 0x00000000   Number         0  gd32f4xx_rcu.o ABSOLUTE
    ..\..\..\Library\Firmware\GD32F4xx_standard_peripheral\Source\gd32f4xx_rtc.c 0x00000000   Number         0  gd32f4xx_rtc.o ABSOLUTE
    ..\..\..\Library\Firmware\GD32F4xx_standard_peripheral\Source\gd32f4xx_sdio.c 0x00000000   Number         0  gd32f4xx_sdio.o ABSOLUTE
    ..\..\..\Library\Firmware\GD32F4xx_standard_peripheral\Source\gd32f4xx_spi.c 0x00000000   Number         0  gd32f4xx_spi.o ABSOLUTE
    ..\..\..\Library\Firmware\GD32F4xx_standard_peripheral\Source\gd32f4xx_syscfg.c 0x00000000   Number         0  gd32f4xx_syscfg.o ABSOLUTE
    ..\..\..\Library\Firmware\GD32F4xx_standard_peripheral\Source\gd32f4xx_timer.c 0x00000000   Number         0  gd32f4xx_timer.o ABSOLUTE
    ..\..\..\Library\Firmware\GD32F4xx_standard_peripheral\Source\gd32f4xx_tli.c 0x00000000   Number         0  gd32f4xx_tli.o ABSOLUTE
    ..\..\..\Library\Firmware\GD32F4xx_standard_peripheral\Source\gd32f4xx_trng.c 0x00000000   Number         0  gd32f4xx_trng.o ABSOLUTE
    ..\..\..\Library\Firmware\GD32F4xx_standard_peripheral\Source\gd32f4xx_usart.c 0x00000000   Number         0  gd32f4xx_usart.o ABSOLUTE
    ..\..\..\Library\Firmware\GD32F4xx_standard_peripheral\Source\gd32f4xx_wwdgt.c 0x00000000   Number         0  gd32f4xx_wwdgt.o ABSOLUTE
    ..\Application\src\main.c                0x00000000   Number         0  main.o ABSOLUTE
    ..\GD32F450Z_BSP\src\e2.c                0x00000000   Number         0  e2.o ABSOLUTE
    ..\GD32F450Z_BSP\src\i2c.c               0x00000000   Number         0  i2c.o ABSOLUTE
    ..\\..\\..\\Library\\Firmware\\CMSIS\\GD\\GD32F4xx\\Source\\system_gd32f4xx.c 0x00000000   Number         0  system_gd32f4xx.o ABSOLUTE
    ..\\..\\..\\Library\\Firmware\\GD32F4xx_standard_peripheral\\Source\\gd32f4xx_adc.c 0x00000000   Number         0  gd32f4xx_adc.o ABSOLUTE
    ..\\..\\..\\Library\\Firmware\\GD32F4xx_standard_peripheral\\Source\\gd32f4xx_can.c 0x00000000   Number         0  gd32f4xx_can.o ABSOLUTE
    ..\\..\\..\\Library\\Firmware\\GD32F4xx_standard_peripheral\\Source\\gd32f4xx_crc.c 0x00000000   Number         0  gd32f4xx_crc.o ABSOLUTE
    ..\\..\\..\\Library\\Firmware\\GD32F4xx_standard_peripheral\\Source\\gd32f4xx_ctc.c 0x00000000   Number         0  gd32f4xx_ctc.o ABSOLUTE
    ..\\..\\..\\Library\\Firmware\\GD32F4xx_standard_peripheral\\Source\\gd32f4xx_dac.c 0x00000000   Number         0  gd32f4xx_dac.o ABSOLUTE
    ..\\..\\..\\Library\\Firmware\\GD32F4xx_standard_peripheral\\Source\\gd32f4xx_dbg.c 0x00000000   Number         0  gd32f4xx_dbg.o ABSOLUTE
    ..\\..\\..\\Library\\Firmware\\GD32F4xx_standard_peripheral\\Source\\gd32f4xx_dci.c 0x00000000   Number         0  gd32f4xx_dci.o ABSOLUTE
    ..\\..\\..\\Library\\Firmware\\GD32F4xx_standard_peripheral\\Source\\gd32f4xx_dma.c 0x00000000   Number         0  gd32f4xx_dma.o ABSOLUTE
    ..\\..\\..\\Library\\Firmware\\GD32F4xx_standard_peripheral\\Source\\gd32f4xx_enet.c 0x00000000   Number         0  gd32f4xx_enet.o ABSOLUTE
    ..\\..\\..\\Library\\Firmware\\GD32F4xx_standard_peripheral\\Source\\gd32f4xx_exmc.c 0x00000000   Number         0  gd32f4xx_exmc.o ABSOLUTE
    ..\\..\\..\\Library\\Firmware\\GD32F4xx_standard_peripheral\\Source\\gd32f4xx_exti.c 0x00000000   Number         0  gd32f4xx_exti.o ABSOLUTE
    ..\\..\\..\\Library\\Firmware\\GD32F4xx_standard_peripheral\\Source\\gd32f4xx_fmc.c 0x00000000   Number         0  gd32f4xx_fmc.o ABSOLUTE
    ..\\..\\..\\Library\\Firmware\\GD32F4xx_standard_peripheral\\Source\\gd32f4xx_fwdgt.c 0x00000000   Number         0  gd32f4xx_fwdgt.o ABSOLUTE
    ..\\..\\..\\Library\\Firmware\\GD32F4xx_standard_peripheral\\Source\\gd32f4xx_gpio.c 0x00000000   Number         0  gd32f4xx_gpio.o ABSOLUTE
    ..\\..\\..\\Library\\Firmware\\GD32F4xx_standard_peripheral\\Source\\gd32f4xx_i2c.c 0x00000000   Number         0  gd32f4xx_i2c.o ABSOLUTE
    ..\\..\\..\\Library\\Firmware\\GD32F4xx_standard_peripheral\\Source\\gd32f4xx_ipa.c 0x00000000   Number         0  gd32f4xx_ipa.o ABSOLUTE
    ..\\..\\..\\Library\\Firmware\\GD32F4xx_standard_peripheral\\Source\\gd32f4xx_iref.c 0x00000000   Number         0  gd32f4xx_iref.o ABSOLUTE
    ..\\..\\..\\Library\\Firmware\\GD32F4xx_standard_peripheral\\Source\\gd32f4xx_misc.c 0x00000000   Number         0  gd32f4xx_misc.o ABSOLUTE
    ..\\..\\..\\Library\\Firmware\\GD32F4xx_standard_peripheral\\Source\\gd32f4xx_pmu.c 0x00000000   Number         0  gd32f4xx_pmu.o ABSOLUTE
    ..\\..\\..\\Library\\Firmware\\GD32F4xx_standard_peripheral\\Source\\gd32f4xx_rcu.c 0x00000000   Number         0  gd32f4xx_rcu.o ABSOLUTE
    ..\\..\\..\\Library\\Firmware\\GD32F4xx_standard_peripheral\\Source\\gd32f4xx_rtc.c 0x00000000   Number         0  gd32f4xx_rtc.o ABSOLUTE
    ..\\..\\..\\Library\\Firmware\\GD32F4xx_standard_peripheral\\Source\\gd32f4xx_sdio.c 0x00000000   Number         0  gd32f4xx_sdio.o ABSOLUTE
    ..\\..\\..\\Library\\Firmware\\GD32F4xx_standard_peripheral\\Source\\gd32f4xx_spi.c 0x00000000   Number         0  gd32f4xx_spi.o ABSOLUTE
    ..\\..\\..\\Library\\Firmware\\GD32F4xx_standard_peripheral\\Source\\gd32f4xx_syscfg.c 0x00000000   Number         0  gd32f4xx_syscfg.o ABSOLUTE
    ..\\..\\..\\Library\\Firmware\\GD32F4xx_standard_peripheral\\Source\\gd32f4xx_timer.c 0x00000000   Number         0  gd32f4xx_timer.o ABSOLUTE
    ..\\..\\..\\Library\\Firmware\\GD32F4xx_standard_peripheral\\Source\\gd32f4xx_tli.c 0x00000000   Number         0  gd32f4xx_tli.o ABSOLUTE
    ..\\..\\..\\Library\\Firmware\\GD32F4xx_standard_peripheral\\Source\\gd32f4xx_trng.c 0x00000000   Number         0  gd32f4xx_trng.o ABSOLUTE
    ..\\..\\..\\Library\\Firmware\\GD32F4xx_standard_peripheral\\Source\\gd32f4xx_usart.c 0x00000000   Number         0  gd32f4xx_usart.o ABSOLUTE
    ..\\..\\..\\Library\\Firmware\\GD32F4xx_standard_peripheral\\Source\\gd32f4xx_wwdgt.c 0x00000000   Number         0  gd32f4xx_wwdgt.o ABSOLUTE
    ..\\Application\\src\\main.c             0x00000000   Number         0  main.o ABSOLUTE
    ..\\GD32F450Z_BSP\\src\\e2.c             0x00000000   Number         0  e2.o ABSOLUTE
    ..\\GD32F450Z_BSP\\src\\i2c.c            0x00000000   Number         0  i2c.o ABSOLUTE
    dc.s                                     0x00000000   Number         0  dc.o ABSOLUTE
    handlers.s                               0x00000000   Number         0  handlers.o ABSOLUTE
    init.s                                   0x00000000   Number         0  init.o ABSOLUTE
    RESET                                    0x08000000   Section      428  startup_gd32f450.o(RESET)
    .ARM.Collect$$$$00000000                 0x080001ac   Section        0  entry.o(.ARM.Collect$$$$00000000)
    .ARM.Collect$$$$00000001                 0x080001ac   Section        4  entry2.o(.ARM.Collect$$$$00000001)
    .ARM.Collect$$$$00000004                 0x080001b0   Section        4  entry5.o(.ARM.Collect$$$$00000004)
    .ARM.Collect$$$$00000008                 0x080001b4   Section        0  entry7b.o(.ARM.Collect$$$$00000008)
    .ARM.Collect$$$$0000000A                 0x080001b4   Section        0  entry8b.o(.ARM.Collect$$$$0000000A)
    .ARM.Collect$$$$0000000B                 0x080001b4   Section        8  entry9a.o(.ARM.Collect$$$$0000000B)
    .ARM.Collect$$$$0000000E                 0x080001bc   Section        4  entry12b.o(.ARM.Collect$$$$0000000E)
    .ARM.Collect$$$$0000000F                 0x080001c0   Section        0  entry10a.o(.ARM.Collect$$$$0000000F)
    .ARM.Collect$$$$00000011                 0x080001c0   Section        0  entry11a.o(.ARM.Collect$$$$00000011)
    .ARM.Collect$$$$00002712                 0x080001c0   Section        4  entry2.o(.ARM.Collect$$$$00002712)
    __lit__00000000                          0x080001c0   Data           4  entry2.o(.ARM.Collect$$$$00002712)
    .text                                    0x080001c4   Section       36  startup_gd32f450.o(.text)
    $v0                                      0x080001c4   Number         0  startup_gd32f450.o(.text)
    .text                                    0x080001e8   Section       36  init.o(.text)
    i.SystemInit                             0x0800020c   Section        0  system_gd32f4xx.o(i.SystemInit)
    i.TIMER3_IRQHandler                      0x080002c4   Section        0  main.o(i.TIMER3_IRQHandler)
    i.__scatterload_copy                     0x0800031c   Section       14  handlers.o(i.__scatterload_copy)
    i.__scatterload_null                     0x0800032a   Section        2  handlers.o(i.__scatterload_null)
    i.__scatterload_zeroinit                 0x0800032c   Section       14  handlers.o(i.__scatterload_zeroinit)
    i.e2_init                                0x0800033c   Section        0  e2.o(i.e2_init)
    i.e2_speed_control                       0x080003d8   Section        0  e2.o(i.e2_speed_control)
    i.gpio_af_set                            0x0800040a   Section        0  gd32f4xx_gpio.o(i.gpio_af_set)
    i.gpio_mode_set                          0x08000468   Section        0  gd32f4xx_gpio.o(i.gpio_mode_set)
    i.gpio_output_options_set                0x080004b6   Section        0  gd32f4xx_gpio.o(i.gpio_output_options_set)
    i.i2c0_config                            0x080004f8   Section        0  i2c.o(i.i2c0_config)
    i.i2c0_gpio_config                       0x08000530   Section        0  i2c.o(i.i2c0_gpio_config)
    i.i2c1_config                            0x08000590   Section        0  i2c.o(i.i2c1_config)
    i.i2c1_gpio_config                       0x080005c8   Section        0  i2c.o(i.i2c1_gpio_config)
    i.i2c_ack_config                         0x08000620   Section        0  gd32f4xx_i2c.o(i.i2c_ack_config)
    i.i2c_addr_poll                          0x08000638   Section        0  i2c.o(i.i2c_addr_poll)
    i.i2c_byte_write                         0x080006ba   Section        0  i2c.o(i.i2c_byte_write)
    i.i2c_clock_config                       0x08000780   Section        0  gd32f4xx_i2c.o(i.i2c_clock_config)
    i.i2c_data_transmit                      0x08000858   Section        0  gd32f4xx_i2c.o(i.i2c_data_transmit)
    i.i2c_delay                              0x0800085e   Section        0  i2c.o(i.i2c_delay)
    i.i2c_delay_byte_write                   0x0800086a   Section        0  i2c.o(i.i2c_delay_byte_write)
    i.i2c_enable                             0x08000980   Section        0  gd32f4xx_i2c.o(i.i2c_enable)
    i.i2c_flag_clear                         0x0800098a   Section        0  gd32f4xx_i2c.o(i.i2c_flag_clear)
    i.i2c_flag_get                           0x080009b2   Section        0  gd32f4xx_i2c.o(i.i2c_flag_get)
    i.i2c_master_addressing                  0x080009d0   Section        0  gd32f4xx_i2c.o(i.i2c_master_addressing)
    i.i2c_mode_addr_config                   0x080009e4   Section        0  gd32f4xx_i2c.o(i.i2c_mode_addr_config)
    i.i2c_start_on_bus                       0x08000a00   Section        0  gd32f4xx_i2c.o(i.i2c_start_on_bus)
    i.i2c_stop_on_bus                        0x08000a0a   Section        0  gd32f4xx_i2c.o(i.i2c_stop_on_bus)
    i.init_i2c                               0x08000a14   Section        0  i2c.o(i.init_i2c)
    i.main                                   0x08000a28   Section        0  main.o(i.main)
    i.nvic_irq_enable                        0x08000ae8   Section        0  gd32f4xx_misc.o(i.nvic_irq_enable)
    i.nvic_priority_group_set                0x08000bac   Section        0  gd32f4xx_misc.o(i.nvic_priority_group_set)
    i.pca9685_init                           0x08000bc0   Section        0  e2.o(i.pca9685_init)
    i.rcu_clock_freq_get                     0x08000bdc   Section        0  gd32f4xx_rcu.o(i.rcu_clock_freq_get)
    i.rcu_periph_clock_enable                0x08000d00   Section        0  gd32f4xx_rcu.o(i.rcu_periph_clock_enable)
    i.rcu_periph_reset_disable               0x08000d24   Section        0  gd32f4xx_rcu.o(i.rcu_periph_reset_disable)
    i.rcu_periph_reset_enable                0x08000d48   Section        0  gd32f4xx_rcu.o(i.rcu_periph_reset_enable)
    i.set_pca9685_pwm                        0x08000d6c   Section        0  e2.o(i.set_pca9685_pwm)
    i.set_pca9685_pwm_off                    0x08000dbe   Section        0  e2.o(i.set_pca9685_pwm_off)
    i.system_clock_168m_25m_hxtal            0x08000df8   Section        0  system_gd32f4xx.o(i.system_clock_168m_25m_hxtal)
    system_clock_168m_25m_hxtal              0x08000df9   Thumb Code   240  system_gd32f4xx.o(i.system_clock_168m_25m_hxtal)
    i.system_clock_config                    0x08000ef4   Section        0  system_gd32f4xx.o(i.system_clock_config)
    system_clock_config                      0x08000ef5   Thumb Code     8  system_gd32f4xx.o(i.system_clock_config)
    i.timer3_init                            0x08000efc   Section        0  main.o(i.timer3_init)
    i.timer_deinit                           0x08000f50   Section        0  gd32f4xx_timer.o(i.timer_deinit)
    i.timer_enable                           0x080010d4   Section        0  gd32f4xx_timer.o(i.timer_enable)
    i.timer_init                             0x080010e0   Section        0  gd32f4xx_timer.o(i.timer_init)
    i.timer_interrupt_enable                 0x08001178   Section        0  gd32f4xx_timer.o(i.timer_interrupt_enable)
    i.timer_interrupt_flag_clear             0x08001180   Section        0  gd32f4xx_timer.o(i.timer_interrupt_flag_clear)
    i.timer_interrupt_flag_get               0x08001186   Section        0  gd32f4xx_timer.o(i.timer_interrupt_flag_get)
    .data                                    0x20000000   Section        7  main.o(.data)
    .bss                                     0x20000008   Section       12  main.o(.bss)
    STACK                                    0x20000018   Section     1024  startup_gd32f450.o(STACK)

    Global Symbols

    Symbol Name                              Value     Ov Type        Size  Object(Section)

    BuildAttributes$$THM_ISAv4$E$P$D$K$B$S$7EM$VFPi3$EXTD16$VFPS$VFMA$PE$A:L22UL41UL21$X:L11$S22US41US21$IEEE1$IW$USESV6$~STKCKD$USESV7$~SHL$OSPACE$EBA8$MICROLIB$REQ8$PRES8$EABIv2 0x00000000   Number         0  anon$$obj.o ABSOLUTE
    __ARM_use_no_argv                        0x00000000   Number         0  main.o ABSOLUTE
    __arm_fini_                               - Undefined Weak Reference
    __cpp_initialize__aeabi_                  - Undefined Weak Reference
    __cxa_finalize                            - Undefined Weak Reference
    __decompress                              - Undefined Weak Reference
    _clock_init                               - Undefined Weak Reference
    _microlib_exit                            - Undefined Weak Reference
    __Vectors_Size                           0x000001ac   Number         0  startup_gd32f450.o ABSOLUTE
    __Vectors                                0x08000000   Data           4  startup_gd32f450.o(RESET)
    __Vectors_End                            0x080001ac   Data           0  startup_gd32f450.o(RESET)
    __main                                   0x080001ad   Thumb Code     0  entry.o(.ARM.Collect$$$$00000000)
    _main_stk                                0x080001ad   Thumb Code     0  entry2.o(.ARM.Collect$$$$00000001)
    _main_scatterload                        0x080001b1   Thumb Code     0  entry5.o(.ARM.Collect$$$$00000004)
    __main_after_scatterload                 0x080001b5   Thumb Code     0  entry5.o(.ARM.Collect$$$$00000004)
    _main_clock                              0x080001b5   Thumb Code     0  entry7b.o(.ARM.Collect$$$$00000008)
    _main_cpp_init                           0x080001b5   Thumb Code     0  entry8b.o(.ARM.Collect$$$$0000000A)
    _main_init                               0x080001b5   Thumb Code     0  entry9a.o(.ARM.Collect$$$$0000000B)
    __rt_lib_shutdown_fini                   0x080001bd   Thumb Code     0  entry12b.o(.ARM.Collect$$$$0000000E)
    __rt_final_cpp                           0x080001c1   Thumb Code     0  entry10a.o(.ARM.Collect$$$$0000000F)
    __rt_final_exit                          0x080001c1   Thumb Code     0  entry11a.o(.ARM.Collect$$$$00000011)
    Reset_Handler                            0x080001c5   Thumb Code     8  startup_gd32f450.o(.text)
    NMI_Handler                              0x080001cd   Thumb Code     2  startup_gd32f450.o(.text)
    HardFault_Handler                        0x080001cf   Thumb Code     2  startup_gd32f450.o(.text)
    MemManage_Handler                        0x080001d1   Thumb Code     2  startup_gd32f450.o(.text)
    BusFault_Handler                         0x080001d3   Thumb Code     2  startup_gd32f450.o(.text)
    UsageFault_Handler                       0x080001d5   Thumb Code     2  startup_gd32f450.o(.text)
    SVC_Handler                              0x080001d7   Thumb Code     2  startup_gd32f450.o(.text)
    DebugMon_Handler                         0x080001d9   Thumb Code     2  startup_gd32f450.o(.text)
    PendSV_Handler                           0x080001db   Thumb Code     2  startup_gd32f450.o(.text)
    SysTick_Handler                          0x080001dd   Thumb Code     2  startup_gd32f450.o(.text)
    ADC_IRQHandler                           0x080001df   Thumb Code     0  startup_gd32f450.o(.text)
    CAN0_EWMC_IRQHandler                     0x080001df   Thumb Code     0  startup_gd32f450.o(.text)
    CAN0_RX0_IRQHandler                      0x080001df   Thumb Code     0  startup_gd32f450.o(.text)
    CAN0_RX1_IRQHandler                      0x080001df   Thumb Code     0  startup_gd32f450.o(.text)
    CAN0_TX_IRQHandler                       0x080001df   Thumb Code     0  startup_gd32f450.o(.text)
    CAN1_EWMC_IRQHandler                     0x080001df   Thumb Code     0  startup_gd32f450.o(.text)
    CAN1_RX0_IRQHandler                      0x080001df   Thumb Code     0  startup_gd32f450.o(.text)
    CAN1_RX1_IRQHandler                      0x080001df   Thumb Code     0  startup_gd32f450.o(.text)
    CAN1_TX_IRQHandler                       0x080001df   Thumb Code     0  startup_gd32f450.o(.text)
    DCI_IRQHandler                           0x080001df   Thumb Code     0  startup_gd32f450.o(.text)
    DMA0_Channel0_IRQHandler                 0x080001df   Thumb Code     0  startup_gd32f450.o(.text)
    DMA0_Channel1_IRQHandler                 0x080001df   Thumb Code     0  startup_gd32f450.o(.text)
    DMA0_Channel2_IRQHandler                 0x080001df   Thumb Code     0  startup_gd32f450.o(.text)
    DMA0_Channel3_IRQHandler                 0x080001df   Thumb Code     0  startup_gd32f450.o(.text)
    DMA0_Channel4_IRQHandler                 0x080001df   Thumb Code     0  startup_gd32f450.o(.text)
    DMA0_Channel5_IRQHandler                 0x080001df   Thumb Code     0  startup_gd32f450.o(.text)
    DMA0_Channel6_IRQHandler                 0x080001df   Thumb Code     0  startup_gd32f450.o(.text)
    DMA0_Channel7_IRQHandler                 0x080001df   Thumb Code     0  startup_gd32f450.o(.text)
    DMA1_Channel0_IRQHandler                 0x080001df   Thumb Code     0  startup_gd32f450.o(.text)
    DMA1_Channel1_IRQHandler                 0x080001df   Thumb Code     0  startup_gd32f450.o(.text)
    DMA1_Channel2_IRQHandler                 0x080001df   Thumb Code     0  startup_gd32f450.o(.text)
    DMA1_Channel3_IRQHandler                 0x080001df   Thumb Code     0  startup_gd32f450.o(.text)
    DMA1_Channel4_IRQHandler                 0x080001df   Thumb Code     0  startup_gd32f450.o(.text)
    DMA1_Channel5_IRQHandler                 0x080001df   Thumb Code     0  startup_gd32f450.o(.text)
    DMA1_Channel6_IRQHandler                 0x080001df   Thumb Code     0  startup_gd32f450.o(.text)
    DMA1_Channel7_IRQHandler                 0x080001df   Thumb Code     0  startup_gd32f450.o(.text)
    ENET_IRQHandler                          0x080001df   Thumb Code     0  startup_gd32f450.o(.text)
    ENET_WKUP_IRQHandler                     0x080001df   Thumb Code     0  startup_gd32f450.o(.text)
    EXMC_IRQHandler                          0x080001df   Thumb Code     0  startup_gd32f450.o(.text)
    EXTI0_IRQHandler                         0x080001df   Thumb Code     0  startup_gd32f450.o(.text)
    EXTI10_15_IRQHandler                     0x080001df   Thumb Code     0  startup_gd32f450.o(.text)
    EXTI1_IRQHandler                         0x080001df   Thumb Code     0  startup_gd32f450.o(.text)
    EXTI2_IRQHandler                         0x080001df   Thumb Code     0  startup_gd32f450.o(.text)
    EXTI3_IRQHandler                         0x080001df   Thumb Code     0  startup_gd32f450.o(.text)
    EXTI4_IRQHandler                         0x080001df   Thumb Code     0  startup_gd32f450.o(.text)
    EXTI5_9_IRQHandler                       0x080001df   Thumb Code     0  startup_gd32f450.o(.text)
    FMC_IRQHandler                           0x080001df   Thumb Code     0  startup_gd32f450.o(.text)
    FPU_IRQHandler                           0x080001df   Thumb Code     0  startup_gd32f450.o(.text)
    I2C0_ER_IRQHandler                       0x080001df   Thumb Code     0  startup_gd32f450.o(.text)
    I2C0_EV_IRQHandler                       0x080001df   Thumb Code     0  startup_gd32f450.o(.text)
    I2C1_ER_IRQHandler                       0x080001df   Thumb Code     0  startup_gd32f450.o(.text)
    I2C1_EV_IRQHandler                       0x080001df   Thumb Code     0  startup_gd32f450.o(.text)
    I2C2_ER_IRQHandler                       0x080001df   Thumb Code     0  startup_gd32f450.o(.text)
    I2C2_EV_IRQHandler                       0x080001df   Thumb Code     0  startup_gd32f450.o(.text)
    IPA_IRQHandler                           0x080001df   Thumb Code     0  startup_gd32f450.o(.text)
    LVD_IRQHandler                           0x080001df   Thumb Code     0  startup_gd32f450.o(.text)
    RCU_CTC_IRQHandler                       0x080001df   Thumb Code     0  startup_gd32f450.o(.text)
    RTC_Alarm_IRQHandler                     0x080001df   Thumb Code     0  startup_gd32f450.o(.text)
    RTC_WKUP_IRQHandler                      0x080001df   Thumb Code     0  startup_gd32f450.o(.text)
    SDIO_IRQHandler                          0x080001df   Thumb Code     0  startup_gd32f450.o(.text)
    SPI0_IRQHandler                          0x080001df   Thumb Code     0  startup_gd32f450.o(.text)
    SPI1_IRQHandler                          0x080001df   Thumb Code     0  startup_gd32f450.o(.text)
    SPI2_IRQHandler                          0x080001df   Thumb Code     0  startup_gd32f450.o(.text)
    SPI3_IRQHandler                          0x080001df   Thumb Code     0  startup_gd32f450.o(.text)
    SPI4_IRQHandler                          0x080001df   Thumb Code     0  startup_gd32f450.o(.text)
    SPI5_IRQHandler                          0x080001df   Thumb Code     0  startup_gd32f450.o(.text)
    TAMPER_STAMP_IRQHandler                  0x080001df   Thumb Code     0  startup_gd32f450.o(.text)
    TIMER0_BRK_TIMER8_IRQHandler             0x080001df   Thumb Code     0  startup_gd32f450.o(.text)
    TIMER0_Channel_IRQHandler                0x080001df   Thumb Code     0  startup_gd32f450.o(.text)
    TIMER0_TRG_CMT_TIMER10_IRQHandler        0x080001df   Thumb Code     0  startup_gd32f450.o(.text)
    TIMER0_UP_TIMER9_IRQHandler              0x080001df   Thumb Code     0  startup_gd32f450.o(.text)
    TIMER1_IRQHandler                        0x080001df   Thumb Code     0  startup_gd32f450.o(.text)
    TIMER2_IRQHandler                        0x080001df   Thumb Code     0  startup_gd32f450.o(.text)
    TIMER4_IRQHandler                        0x080001df   Thumb Code     0  startup_gd32f450.o(.text)
    TIMER5_DAC_IRQHandler                    0x080001df   Thumb Code     0  startup_gd32f450.o(.text)
    TIMER6_IRQHandler                        0x080001df   Thumb Code     0  startup_gd32f450.o(.text)
    TIMER7_BRK_TIMER11_IRQHandler            0x080001df   Thumb Code     0  startup_gd32f450.o(.text)
    TIMER7_Channel_IRQHandler                0x080001df   Thumb Code     0  startup_gd32f450.o(.text)
    TIMER7_TRG_CMT_TIMER13_IRQHandler        0x080001df   Thumb Code     0  startup_gd32f450.o(.text)
    TIMER7_UP_TIMER12_IRQHandler             0x080001df   Thumb Code     0  startup_gd32f450.o(.text)
    TLI_ER_IRQHandler                        0x080001df   Thumb Code     0  startup_gd32f450.o(.text)
    TLI_IRQHandler                           0x080001df   Thumb Code     0  startup_gd32f450.o(.text)
    TRNG_IRQHandler                          0x080001df   Thumb Code     0  startup_gd32f450.o(.text)
    UART3_IRQHandler                         0x080001df   Thumb Code     0  startup_gd32f450.o(.text)
    UART4_IRQHandler                         0x080001df   Thumb Code     0  startup_gd32f450.o(.text)
    UART6_IRQHandler                         0x080001df   Thumb Code     0  startup_gd32f450.o(.text)
    UART7_IRQHandler                         0x080001df   Thumb Code     0  startup_gd32f450.o(.text)
    USART0_IRQHandler                        0x080001df   Thumb Code     0  startup_gd32f450.o(.text)
    USART1_IRQHandler                        0x080001df   Thumb Code     0  startup_gd32f450.o(.text)
    USART2_IRQHandler                        0x080001df   Thumb Code     0  startup_gd32f450.o(.text)
    USART5_IRQHandler                        0x080001df   Thumb Code     0  startup_gd32f450.o(.text)
    USBFS_IRQHandler                         0x080001df   Thumb Code     0  startup_gd32f450.o(.text)
    USBFS_WKUP_IRQHandler                    0x080001df   Thumb Code     0  startup_gd32f450.o(.text)
    USBHS_EP1_In_IRQHandler                  0x080001df   Thumb Code     0  startup_gd32f450.o(.text)
    USBHS_EP1_Out_IRQHandler                 0x080001df   Thumb Code     0  startup_gd32f450.o(.text)
    USBHS_IRQHandler                         0x080001df   Thumb Code     0  startup_gd32f450.o(.text)
    USBHS_WKUP_IRQHandler                    0x080001df   Thumb Code     0  startup_gd32f450.o(.text)
    WWDGT_IRQHandler                         0x080001df   Thumb Code     0  startup_gd32f450.o(.text)
    __scatterload                            0x080001e9   Thumb Code    28  init.o(.text)
    __scatterload_rt2                        0x080001e9   Thumb Code     0  init.o(.text)
    SystemInit                               0x0800020d   Thumb Code   168  system_gd32f4xx.o(i.SystemInit)
    TIMER3_IRQHandler                        0x080002c5   Thumb Code    70  main.o(i.TIMER3_IRQHandler)
    __scatterload_copy                       0x0800031d   Thumb Code    14  handlers.o(i.__scatterload_copy)
    __scatterload_null                       0x0800032b   Thumb Code     2  handlers.o(i.__scatterload_null)
    __scatterload_zeroinit                   0x0800032d   Thumb Code    14  handlers.o(i.__scatterload_zeroinit)
    e2_init                                  0x0800033d   Thumb Code   146  e2.o(i.e2_init)
    e2_speed_control                         0x080003d9   Thumb Code    50  e2.o(i.e2_speed_control)
    gpio_af_set                              0x0800040b   Thumb Code    94  gd32f4xx_gpio.o(i.gpio_af_set)
    gpio_mode_set                            0x08000469   Thumb Code    78  gd32f4xx_gpio.o(i.gpio_mode_set)
    gpio_output_options_set                  0x080004b7   Thumb Code    66  gd32f4xx_gpio.o(i.gpio_output_options_set)
    i2c0_config                              0x080004f9   Thumb Code    48  i2c.o(i.i2c0_config)
    i2c0_gpio_config                         0x08000531   Thumb Code    92  i2c.o(i.i2c0_gpio_config)
    i2c1_config                              0x08000591   Thumb Code    48  i2c.o(i.i2c1_config)
    i2c1_gpio_config                         0x080005c9   Thumb Code    80  i2c.o(i.i2c1_gpio_config)
    i2c_ack_config                           0x08000621   Thumb Code    24  gd32f4xx_i2c.o(i.i2c_ack_config)
    i2c_addr_poll                            0x08000639   Thumb Code   130  i2c.o(i.i2c_addr_poll)
    i2c_byte_write                           0x080006bb   Thumb Code   196  i2c.o(i.i2c_byte_write)
    i2c_clock_config                         0x08000781   Thumb Code   204  gd32f4xx_i2c.o(i.i2c_clock_config)
    i2c_data_transmit                        0x08000859   Thumb Code     6  gd32f4xx_i2c.o(i.i2c_data_transmit)
    i2c_delay                                0x0800085f   Thumb Code    12  i2c.o(i.i2c_delay)
    i2c_delay_byte_write                     0x0800086b   Thumb Code   278  i2c.o(i.i2c_delay_byte_write)
    i2c_enable                               0x08000981   Thumb Code    10  gd32f4xx_i2c.o(i.i2c_enable)
    i2c_flag_clear                           0x0800098b   Thumb Code    40  gd32f4xx_i2c.o(i.i2c_flag_clear)
    i2c_flag_get                             0x080009b3   Thumb Code    30  gd32f4xx_i2c.o(i.i2c_flag_get)
    i2c_master_addressing                    0x080009d1   Thumb Code    20  gd32f4xx_i2c.o(i.i2c_master_addressing)
    i2c_mode_addr_config                     0x080009e5   Thumb Code    28  gd32f4xx_i2c.o(i.i2c_mode_addr_config)
    i2c_start_on_bus                         0x08000a01   Thumb Code    10  gd32f4xx_i2c.o(i.i2c_start_on_bus)
    i2c_stop_on_bus                          0x08000a0b   Thumb Code    10  gd32f4xx_i2c.o(i.i2c_stop_on_bus)
    init_i2c                                 0x08000a15   Thumb Code    20  i2c.o(i.init_i2c)
    main                                     0x08000a29   Thumb Code   174  main.o(i.main)
    nvic_irq_enable                          0x08000ae9   Thumb Code   186  gd32f4xx_misc.o(i.nvic_irq_enable)
    nvic_priority_group_set                  0x08000bad   Thumb Code    10  gd32f4xx_misc.o(i.nvic_priority_group_set)
    pca9685_init                             0x08000bc1   Thumb Code    28  e2.o(i.pca9685_init)
    rcu_clock_freq_get                       0x08000bdd   Thumb Code   264  gd32f4xx_rcu.o(i.rcu_clock_freq_get)
    rcu_periph_clock_enable                  0x08000d01   Thumb Code    32  gd32f4xx_rcu.o(i.rcu_periph_clock_enable)
    rcu_periph_reset_disable                 0x08000d25   Thumb Code    32  gd32f4xx_rcu.o(i.rcu_periph_reset_disable)
    rcu_periph_reset_enable                  0x08000d49   Thumb Code    32  gd32f4xx_rcu.o(i.rcu_periph_reset_enable)
    set_pca9685_pwm                          0x08000d6d   Thumb Code    82  e2.o(i.set_pca9685_pwm)
    set_pca9685_pwm_off                      0x08000dbf   Thumb Code    56  e2.o(i.set_pca9685_pwm_off)
    timer3_init                              0x08000efd   Thumb Code    80  main.o(i.timer3_init)
    timer_deinit                             0x08000f51   Thumb Code   374  gd32f4xx_timer.o(i.timer_deinit)
    timer_enable                             0x080010d5   Thumb Code    10  gd32f4xx_timer.o(i.timer_enable)
    timer_init                               0x080010e1   Thumb Code   122  gd32f4xx_timer.o(i.timer_init)
    timer_interrupt_enable                   0x08001179   Thumb Code     8  gd32f4xx_timer.o(i.timer_interrupt_enable)
    timer_interrupt_flag_clear               0x08001181   Thumb Code     6  gd32f4xx_timer.o(i.timer_interrupt_flag_clear)
    timer_interrupt_flag_get                 0x08001187   Thumb Code    24  gd32f4xx_timer.o(i.timer_interrupt_flag_get)
    Region$$Table$$Base                      0x080011a0   Number         0  anon$$obj.o(Region$$Table)
    Region$$Table$$Limit                     0x080011c0   Number         0  anon$$obj.o(Region$$Table)
    delay_count                              0x20000000   Data           2  main.o(.data)
    time_count                               0x20000002   Data           2  main.o(.data)
    second_flag                              0x20000004   Data           1  main.o(.data)
    step_count                               0x20000005   Data           1  main.o(.data)
    step_status                              0x20000006   Data           1  main.o(.data)
    e2_fan_addr                              0x20000008   Data          12  main.o(.bss)
    __initial_sp                             0x20000418   Data           0  startup_gd32f450.o(STACK)



==============================================================================

Memory Map of the image

  Image Entry point : 0x080001ad

  Load Region LR_IROM1 (Base: 0x08000000, Size: 0x000011c8, Max: 0x00300000, ABSOLUTE)

    Execution Region ER_IROM1 (Exec base: 0x08000000, Load base: 0x08000000, Size: 0x000011c0, Max: 0x00300000, ABSOLUTE)

    Exec Addr    Load Addr    Size         Type   Attr      Idx    E Section Name        Object

    0x08000000   0x08000000   0x000001ac   Data   RO         5823    RESET               startup_gd32f450.o
    0x080001ac   0x080001ac   0x00000000   Code   RO         5828  * .ARM.Collect$$$$00000000  mc_w.l(entry.o)
    0x080001ac   0x080001ac   0x00000004   Code   RO         5831    .ARM.Collect$$$$00000001  mc_w.l(entry2.o)
    0x080001b0   0x080001b0   0x00000004   Code   RO         5834    .ARM.Collect$$$$00000004  mc_w.l(entry5.o)
    0x080001b4   0x080001b4   0x00000000   Code   RO         5836    .ARM.Collect$$$$00000008  mc_w.l(entry7b.o)
    0x080001b4   0x080001b4   0x00000000   Code   RO         5838    .ARM.Collect$$$$0000000A  mc_w.l(entry8b.o)
    0x080001b4   0x080001b4   0x00000008   Code   RO         5839    .ARM.Collect$$$$0000000B  mc_w.l(entry9a.o)
    0x080001bc   0x080001bc   0x00000004   Code   RO         5846    .ARM.Collect$$$$0000000E  mc_w.l(entry12b.o)
    0x080001c0   0x080001c0   0x00000000   Code   RO         5841    .ARM.Collect$$$$0000000F  mc_w.l(entry10a.o)
    0x080001c0   0x080001c0   0x00000000   Code   RO         5843    .ARM.Collect$$$$00000011  mc_w.l(entry11a.o)
    0x080001c0   0x080001c0   0x00000004   Code   RO         5832    .ARM.Collect$$$$00002712  mc_w.l(entry2.o)
    0x080001c4   0x080001c4   0x00000024   Code   RO         5824    .text               startup_gd32f450.o
    0x080001e8   0x080001e8   0x00000024   Code   RO         5847    .text               mc_w.l(init.o)
    0x0800020c   0x0800020c   0x000000b8   Code   RO         5782    i.SystemInit        system_gd32f4xx.o
    0x080002c4   0x080002c4   0x00000058   Code   RO            3    i.TIMER3_IRQHandler  main.o
    0x0800031c   0x0800031c   0x0000000e   Code   RO         5851    i.__scatterload_copy  mc_w.l(handlers.o)
    0x0800032a   0x0800032a   0x00000002   Code   RO         5852    i.__scatterload_null  mc_w.l(handlers.o)
    0x0800032c   0x0800032c   0x0000000e   Code   RO         5853    i.__scatterload_zeroinit  mc_w.l(handlers.o)
    0x0800033a   0x0800033a   0x00000002   PAD
    0x0800033c   0x0800033c   0x0000009c   Code   RO          269    i.e2_init           e2.o
    0x080003d8   0x080003d8   0x00000032   Code   RO          270    i.e2_speed_control  e2.o
    0x0800040a   0x0800040a   0x0000005e   Code   RO         2772    i.gpio_af_set       gd32f4xx_gpio.o
    0x08000468   0x08000468   0x0000004e   Code   RO         2780    i.gpio_mode_set     gd32f4xx_gpio.o
    0x080004b6   0x080004b6   0x00000042   Code   RO         2782    i.gpio_output_options_set  gd32f4xx_gpio.o
    0x080004f8   0x080004f8   0x00000038   Code   RO          173    i.i2c0_config       i2c.o
    0x08000530   0x08000530   0x00000060   Code   RO          174    i.i2c0_gpio_config  i2c.o
    0x08000590   0x08000590   0x00000038   Code   RO          175    i.i2c1_config       i2c.o
    0x080005c8   0x080005c8   0x00000058   Code   RO          176    i.i2c1_gpio_config  i2c.o
    0x08000620   0x08000620   0x00000018   Code   RO         2876    i.i2c_ack_config    gd32f4xx_i2c.o
    0x08000638   0x08000638   0x00000082   Code   RO          177    i.i2c_addr_poll     i2c.o
    0x080006ba   0x080006ba   0x000000c4   Code   RO          178    i.i2c_byte_write    i2c.o
    0x0800077e   0x0800077e   0x00000002   PAD
    0x08000780   0x08000780   0x000000d8   Code   RO         2880    i.i2c_clock_config  gd32f4xx_i2c.o
    0x08000858   0x08000858   0x00000006   Code   RO         2882    i.i2c_data_transmit  gd32f4xx_i2c.o
    0x0800085e   0x0800085e   0x0000000c   Code   RO          180    i.i2c_delay         i2c.o
    0x0800086a   0x0800086a   0x00000116   Code   RO          181    i.i2c_delay_byte_write  i2c.o
    0x08000980   0x08000980   0x0000000a   Code   RO         2890    i.i2c_enable        gd32f4xx_i2c.o
    0x0800098a   0x0800098a   0x00000028   Code   RO         2891    i.i2c_flag_clear    gd32f4xx_i2c.o
    0x080009b2   0x080009b2   0x0000001e   Code   RO         2892    i.i2c_flag_get      gd32f4xx_i2c.o
    0x080009d0   0x080009d0   0x00000014   Code   RO         2897    i.i2c_master_addressing  gd32f4xx_i2c.o
    0x080009e4   0x080009e4   0x0000001c   Code   RO         2898    i.i2c_mode_addr_config  gd32f4xx_i2c.o
    0x08000a00   0x08000a00   0x0000000a   Code   RO         2911    i.i2c_start_on_bus  gd32f4xx_i2c.o
    0x08000a0a   0x08000a0a   0x0000000a   Code   RO         2912    i.i2c_stop_on_bus   gd32f4xx_i2c.o
    0x08000a14   0x08000a14   0x00000014   Code   RO          185    i.init_i2c          i2c.o
    0x08000a28   0x08000a28   0x000000c0   Code   RO            5    i.main              main.o
    0x08000ae8   0x08000ae8   0x000000c4   Code   RO         3345    i.nvic_irq_enable   gd32f4xx_misc.o
    0x08000bac   0x08000bac   0x00000014   Code   RO         3346    i.nvic_priority_group_set  gd32f4xx_misc.o
    0x08000bc0   0x08000bc0   0x0000001c   Code   RO          271    i.pca9685_init      e2.o
    0x08000bdc   0x08000bdc   0x00000124   Code   RO         3544    i.rcu_clock_freq_get  gd32f4xx_rcu.o
    0x08000d00   0x08000d00   0x00000024   Code   RO         3563    i.rcu_periph_clock_enable  gd32f4xx_rcu.o
    0x08000d24   0x08000d24   0x00000024   Code   RO         3566    i.rcu_periph_reset_disable  gd32f4xx_rcu.o
    0x08000d48   0x08000d48   0x00000024   Code   RO         3567    i.rcu_periph_reset_enable  gd32f4xx_rcu.o
    0x08000d6c   0x08000d6c   0x00000052   Code   RO          272    i.set_pca9685_pwm   e2.o
    0x08000dbe   0x08000dbe   0x00000038   Code   RO          273    i.set_pca9685_pwm_off  e2.o
    0x08000df6   0x08000df6   0x00000002   PAD
    0x08000df8   0x08000df8   0x000000fc   Code   RO         5783    i.system_clock_168m_25m_hxtal  system_gd32f4xx.o
    0x08000ef4   0x08000ef4   0x00000008   Code   RO         5784    i.system_clock_config  system_gd32f4xx.o
    0x08000efc   0x08000efc   0x00000054   Code   RO            6    i.timer3_init       main.o
    0x08000f50   0x08000f50   0x00000184   Code   RO         4729    i.timer_deinit      gd32f4xx_timer.o
    0x080010d4   0x080010d4   0x0000000a   Code   RO         4734    i.timer_enable      gd32f4xx_timer.o
    0x080010de   0x080010de   0x00000002   PAD
    0x080010e0   0x080010e0   0x00000098   Code   RO         4744    i.timer_init        gd32f4xx_timer.o
    0x08001178   0x08001178   0x00000008   Code   RO         4751    i.timer_interrupt_enable  gd32f4xx_timer.o
    0x08001180   0x08001180   0x00000006   Code   RO         4752    i.timer_interrupt_flag_clear  gd32f4xx_timer.o
    0x08001186   0x08001186   0x00000018   Code   RO         4753    i.timer_interrupt_flag_get  gd32f4xx_timer.o
    0x0800119e   0x0800119e   0x00000002   PAD
    0x080011a0   0x080011a0   0x00000020   Data   RO         5849    Region$$Table       anon$$obj.o


    Execution Region RW_IRAM1 (Exec base: 0x20000000, Load base: 0x080011c0, Size: 0x00000418, Max: 0x00030000, ABSOLUTE)

    Exec Addr    Load Addr    Size         Type   Attr      Idx    E Section Name        Object

    0x20000000   0x080011c0   0x00000007   Data   RW            8    .data               main.o
    0x20000007   0x080011c7   0x00000001   PAD
    0x20000008        -       0x0000000c   Zero   RW            7    .bss                main.o
    0x20000014   0x080011c7   0x00000004   PAD
    0x20000018        -       0x00000400   Zero   RW         5821    STACK               startup_gd32f450.o


==============================================================================

Image component sizes


      Code (inc. data)   RO Data    RW Data    ZI Data      Debug   Object Name

       372         10          0          0          0       3844   e2.o
       238          0          0          0          0       2664   gd32f4xx_gpio.o
       394         12          0          0          0       7389   gd32f4xx_i2c.o
       216         20          0          0          0       1612   gd32f4xx_misc.o
       400         40          0          0          0       3892   gd32f4xx_rcu.o
       588         44          0          0          0       4912   gd32f4xx_timer.o
       932         28          0          0          0       5797   i2c.o
       364         40          0          7         12      59389   main.o
        36          8        428          0       1024        936   startup_gd32f450.o
       444         28          0          0          0       2729   system_gd32f4xx.o

    ----------------------------------------------------------------------
      3992        230        460          8       1040      93164   Object Totals
         0          0         32          0          0          0   (incl. Generated)
         8          0          0          1          4          0   (incl. Padding)

    ----------------------------------------------------------------------

      Code (inc. data)   RO Data    RW Data    ZI Data      Debug   Library Member Name

         0          0          0          0          0          0   entry.o
         0          0          0          0          0          0   entry10a.o
         0          0          0          0          0          0   entry11a.o
         4          0          0          0          0          0   entry12b.o
         8          4          0          0          0          0   entry2.o
         4          0          0          0          0          0   entry5.o
         0          0          0          0          0          0   entry7b.o
         0          0          0          0          0          0   entry8b.o
         8          4          0          0          0          0   entry9a.o
        30          0          0          0          0          0   handlers.o
        36          8          0          0          0         68   init.o

    ----------------------------------------------------------------------
        92         16          0          0          0         68   Library Totals
         2          0          0          0          0          0   (incl. Padding)

    ----------------------------------------------------------------------

      Code (inc. data)   RO Data    RW Data    ZI Data      Debug   Library Name

        90         16          0          0          0         68   mc_w.l

    ----------------------------------------------------------------------
        92         16          0          0          0         68   Library Totals

    ----------------------------------------------------------------------

==============================================================================


      Code (inc. data)   RO Data    RW Data    ZI Data      Debug   

      4084        246        460          8       1040      89336   Grand Totals
      4084        246        460          8       1040      89336   ELF Image Totals
      4084        246        460          8          0          0   ROM Totals

==============================================================================

    Total RO  Size (Code + RO Data)                 4544 (   4.44kB)
    Total RW  Size (RW Data + ZI Data)              1048 (   1.02kB)
    Total ROM Size (Code + RO Data + RW Data)       4552 (   4.45kB)

==============================================================================

