Component: Arm Compiler for Embedded 6.23 Tool: armlink [5f102400]

==============================================================================

Section Cross References

    main.o(.text.main) refers to gd32f4xx_misc.o(.text.nvic_priority_group_set) for nvic_priority_group_set
    main.o(.text.main) refers to gd32f470z_eval.o(.text.gd_eval_com_init) for gd_eval_com_init
    main.o(.text.main) refers to gd32f4xx_rcu.o(.text.rcu_periph_clock_enable) for rcu_periph_clock_enable
    main.o(.text.main) refers to gd32f4xx_timer.o(.text.timer_deinit) for timer_deinit
    main.o(.text.main) refers to gd32f4xx_timer.o(.text.timer_init) for timer_init
    main.o(.text.main) refers to gd32f4xx_misc.o(.text.nvic_irq_enable) for nvic_irq_enable
    main.o(.text.main) refers to gd32f4xx_timer.o(.text.timer_interrupt_enable) for timer_interrupt_enable
    main.o(.text.main) refers to gd32f4xx_timer.o(.text.timer_enable) for timer_enable
    main.o(.text.main) refers to i2c.o(.text.init_i2c) for init_i2c
    main.o(.text.main) refers to e4.o(.text.e4_init) for e4_init
    main.o(.text.main) refers to e1.o(.text.e1_init) for e1_init
    main.o(.text.main) refers to main.o(.bss.e1_rgb_led_addr) for e1_rgb_led_addr
    main.o(.text.main) refers to main.o(.bss.e1_nixie_tube_addr) for e1_nixie_tube_addr
    main.o(.text.main) refers to gd32f4xx_gpio.o(.text.gpio_mode_set) for gpio_mode_set
    main.o(.text.main) refers to gd32f4xx_gpio.o(.text.gpio_output_options_set) for gpio_output_options_set
    main.o(.text.main) refers to e1.o(.text.e1_rgb_control) for e1_rgb_control
    main.o(.text.main) refers to s1.o(.text.s1_init) for s1_init
    main.o(.text.main) refers to main.o(.bss.s1_key_addr) for s1_key_addr
    main.o(.text.main) refers to main.o(.data.s) for s
    main.o(.text.main) refers to main.o(.bss.record_signal) for record_signal
    main.o(.text.main) refers to main.o(.data.sec_flag) for sec_flag
    main.o(.text.main) refers to main.o(.bss.radio_state) for radio_state
    main.o(.text.main) refers to main.o(.bss.minutes) for minutes
    main.o(.text.main) refers to main.o(.bss.seconds) for seconds
    main.o(.text.main) refers to e1.o(.text.e1_digital_display) for e1_digital_display
    main.o(.text.main) refers to s1.o(.text.s1_key_scan) for s1_key_scan
    main.o(.text.main) refers to main.o(.bss.key_value) for key_value
    main.o(.text.main) refers to main.o(.bss.playdata) for playdata
    main.o(.text.main) refers to memseta.o(.text) for __aeabi_memclr4
    main.o(.text.main) refers to main.o(.bss.terminal_flag) for terminal_flag
    main.o(.text.main) refers to main.o(.text.handle_state) for handle_state
    main.o(.text.main) refers to e4.o(.text.e4_playback_config) for e4_playback_config
    main.o(.text.main) refers to main.o(.bss.playflag) for playflag
    main.o(.ARM.exidx.text.main) refers to main.o(.text.main) for [Anonymous Symbol]
    main.o(.text.timer3_init) refers to gd32f4xx_rcu.o(.text.rcu_periph_clock_enable) for rcu_periph_clock_enable
    main.o(.text.timer3_init) refers to gd32f4xx_timer.o(.text.timer_deinit) for timer_deinit
    main.o(.text.timer3_init) refers to gd32f4xx_timer.o(.text.timer_init) for timer_init
    main.o(.text.timer3_init) refers to gd32f4xx_misc.o(.text.nvic_irq_enable) for nvic_irq_enable
    main.o(.text.timer3_init) refers to gd32f4xx_timer.o(.text.timer_interrupt_enable) for timer_interrupt_enable
    main.o(.text.timer3_init) refers to gd32f4xx_timer.o(.text.timer_enable) for timer_enable
    main.o(.ARM.exidx.text.timer3_init) refers to main.o(.text.timer3_init) for [Anonymous Symbol]
    main.o(.text.dis_led_init) refers to gd32f4xx_rcu.o(.text.rcu_periph_clock_enable) for rcu_periph_clock_enable
    main.o(.text.dis_led_init) refers to gd32f4xx_gpio.o(.text.gpio_mode_set) for gpio_mode_set
    main.o(.text.dis_led_init) refers to gd32f4xx_gpio.o(.text.gpio_output_options_set) for gpio_output_options_set
    main.o(.ARM.exidx.text.dis_led_init) refers to main.o(.text.dis_led_init) for [Anonymous Symbol]
    main.o(.text.display_number) refers to main.o(.bss.minutes) for minutes
    main.o(.text.display_number) refers to main.o(.bss.seconds) for seconds
    main.o(.text.display_number) refers to main.o(.bss.e1_nixie_tube_addr) for e1_nixie_tube_addr
    main.o(.text.display_number) refers to e1.o(.text.e1_digital_display) for e1_digital_display
    main.o(.ARM.exidx.text.display_number) refers to main.o(.text.display_number) for [Anonymous Symbol]
    main.o(.text.handle_state) refers to main.o(.bss.radio_state) for radio_state
    main.o(.text.handle_state) refers to main.o(.bss.e1_rgb_led_addr) for e1_rgb_led_addr
    main.o(.text.handle_state) refers to e1.o(.text.e1_rgb_control) for e1_rgb_control
    main.o(.text.handle_state) refers to main.o(.bss.record_signal) for record_signal
    main.o(.text.handle_state) refers to main.o(.bss.playcnt) for playcnt
[...]
    Removing gd32f4xx_sdio.o(.ARM.exidx.text.sdio_dma_disable), (8 bytes).
    Removing gd32f4xx_sdio.o(.text.sdio_flag_get), (18 bytes).
    Removing gd32f4xx_sdio.o(.ARM.exidx.text.sdio_flag_get), (8 bytes).
    Removing gd32f4xx_sdio.o(.text.sdio_flag_clear), (12 bytes).
    Removing gd32f4xx_sdio.o(.ARM.exidx.text.sdio_flag_clear), (8 bytes).
    Removing gd32f4xx_sdio.o(.text.sdio_interrupt_enable), (16 bytes).
    Removing gd32f4xx_sdio.o(.ARM.exidx.text.sdio_interrupt_enable), (8 bytes).
    Removing gd32f4xx_sdio.o(.text.sdio_interrupt_disable), (18 bytes).
    Removing gd32f4xx_sdio.o(.ARM.exidx.text.sdio_interrupt_disable), (8 bytes).
    Removing gd32f4xx_sdio.o(.text.sdio_interrupt_flag_get), (18 bytes).
    Removing gd32f4xx_sdio.o(.ARM.exidx.text.sdio_interrupt_flag_get), (8 bytes).
    Removing gd32f4xx_sdio.o(.text.sdio_interrupt_flag_clear), (12 bytes).
    Removing gd32f4xx_sdio.o(.ARM.exidx.text.sdio_interrupt_flag_clear), (8 bytes).
    Removing gd32f4xx_sdio.o(.text.sdio_readwait_enable), (18 bytes).
    Removing gd32f4xx_sdio.o(.ARM.exidx.text.sdio_readwait_enable), (8 bytes).
    Removing gd32f4xx_sdio.o(.text.sdio_readwait_disable), (18 bytes).
    Removing gd32f4xx_sdio.o(.ARM.exidx.text.sdio_readwait_disable), (8 bytes).
    Removing gd32f4xx_sdio.o(.text.sdio_stop_readwait_enable), (18 bytes).
    Removing gd32f4xx_sdio.o(.ARM.exidx.text.sdio_stop_readwait_enable), (8 bytes).
    Removing gd32f4xx_sdio.o(.text.sdio_stop_readwait_disable), (18 bytes).
    Removing gd32f4xx_sdio.o(.ARM.exidx.text.sdio_stop_readwait_disable), (8 bytes).
    Removing gd32f4xx_sdio.o(.text.sdio_readwait_type_set), (28 bytes).
    Removing gd32f4xx_sdio.o(.ARM.exidx.text.sdio_readwait_type_set), (8 bytes).
    Removing gd32f4xx_sdio.o(.text.sdio_operation_enable), (18 bytes).
    Removing gd32f4xx_sdio.o(.ARM.exidx.text.sdio_operation_enable), (8 bytes).
    Removing gd32f4xx_sdio.o(.text.sdio_operation_disable), (18 bytes).
    Removing gd32f4xx_sdio.o(.ARM.exidx.text.sdio_operation_disable), (8 bytes).
    Removing gd32f4xx_sdio.o(.text.sdio_suspend_enable), (18 bytes).
    Removing gd32f4xx_sdio.o(.ARM.exidx.text.sdio_suspend_enable), (8 bytes).
    Removing gd32f4xx_sdio.o(.text.sdio_suspend_disable), (18 bytes).
    Removing gd32f4xx_sdio.o(.ARM.exidx.text.sdio_suspend_disable), (8 bytes).
    Removing gd32f4xx_sdio.o(.text.sdio_ceata_command_enable), (18 bytes).
    Removing gd32f4xx_sdio.o(.ARM.exidx.text.sdio_ceata_command_enable), (8 bytes).
    Removing gd32f4xx_sdio.o(.text.sdio_ceata_command_disable), (18 bytes).
    Removing gd32f4xx_sdio.o(.ARM.exidx.text.sdio_ceata_command_disable), (8 bytes).
    Removing gd32f4xx_sdio.o(.text.sdio_ceata_interrupt_enable), (18 bytes).
    Removing gd32f4xx_sdio.o(.ARM.exidx.text.sdio_ceata_interrupt_enable), (8 bytes).
    Removing gd32f4xx_sdio.o(.text.sdio_ceata_interrupt_disable), (18 bytes).
    Removing gd32f4xx_sdio.o(.ARM.exidx.text.sdio_ceata_interrupt_disable), (8 bytes).
    Removing gd32f4xx_sdio.o(.text.sdio_ceata_command_completion_enable), (18 bytes).
    Removing gd32f4xx_sdio.o(.ARM.exidx.text.sdio_ceata_command_completion_enable), (8 bytes).
    Removing gd32f4xx_sdio.o(.text.sdio_ceata_command_completion_disable), (18 bytes).
    Removing gd32f4xx_sdio.o(.ARM.exidx.text.sdio_ceata_command_completion_disable), (8 bytes).
    Removing gd32f4xx_spi.o(.text), (0 bytes).
    Removing gd32f4xx_spi.o(.ARM.exidx.text.spi_i2s_deinit), (8 bytes).
    Removing gd32f4xx_spi.o(.text.spi_struct_para_init), (18 bytes).
    Removing gd32f4xx_spi.o(.ARM.exidx.text.spi_struct_para_init), (8 bytes).
    Removing gd32f4xx_spi.o(.text.spi_init), (52 bytes).
    Removing gd32f4xx_spi.o(.ARM.exidx.text.spi_init), (8 bytes).
    Removing gd32f4xx_spi.o(.text.spi_enable), (10 bytes).
    Removing gd32f4xx_spi.o(.ARM.exidx.text.spi_enable), (8 bytes).
    Removing gd32f4xx_spi.o(.text.spi_disable), (10 bytes).
    Removing gd32f4xx_spi.o(.ARM.exidx.text.spi_disable), (8 bytes).
    Removing gd32f4xx_spi.o(.ARM.exidx.text.i2s_init), (8 bytes).
    Removing gd32f4xx_spi.o(.ARM.exidx.text.i2s_psc_config), (8 bytes).
    Removing gd32f4xx_spi.o(.ARM.exidx.text.i2s_enable), (8 bytes).
    Removing gd32f4xx_spi.o(.text.i2s_disable), (10 bytes).
    Removing gd32f4xx_spi.o(.ARM.exidx.text.i2s_disable), (8 bytes).
    Removing gd32f4xx_spi.o(.text.spi_nss_output_enable), (10 bytes).
    Removing gd32f4xx_spi.o(.ARM.exidx.text.spi_nss_output_enable), (8 bytes).
    Removing gd32f4xx_spi.o(.text.spi_nss_output_disable), (10 bytes).
    Removing gd32f4xx_spi.o(.ARM.exidx.text.spi_nss_output_disable), (8 bytes).
    Removing gd32f4xx_spi.o(.text.spi_nss_internal_high), (10 bytes).
    Removing gd32f4xx_spi.o(.ARM.exidx.text.spi_nss_internal_high), (8 bytes).
    Removing gd32f4xx_spi.o(.text.spi_nss_internal_low), (10 bytes).
    Removing gd32f4xx_spi.o(.ARM.exidx.text.spi_nss_internal_low), (8 bytes).
    Removing gd32f4xx_spi.o(.text.spi_dma_enable), (18 bytes).
    Removing gd32f4xx_spi.o(.ARM.exidx.text.spi_dma_enable), (8 bytes).
    Removing gd32f4xx_spi.o(.text.spi_dma_disable), (22 bytes).
    Removing gd32f4xx_spi.o(.ARM.exidx.text.spi_dma_disable), (8 bytes).
    Removing gd32f4xx_spi.o(.text.spi_i2s_data_frame_format_config), (16 bytes).
    Removing gd32f4xx_spi.o(.ARM.exidx.text.spi_i2s_data_frame_format_config), (8 bytes).
    Removing gd32f4xx_spi.o(.ARM.exidx.text.spi_i2s_data_transmit), (8 bytes).
    Removing gd32f4xx_spi.o(.ARM.exidx.text.spi_i2s_data_receive), (8 bytes).
    Removing gd32f4xx_spi.o(.text.spi_bidirectional_transfer_config), (20 bytes).
    Removing gd32f4xx_spi.o(.ARM.exidx.text.spi_bidirectional_transfer_config), (8 bytes).
    Removing gd32f4xx_spi.o(.text.spi_crc_polynomial_set), (12 bytes).
    Removing gd32f4xx_spi.o(.ARM.exidx.text.spi_crc_polynomial_set), (8 bytes).
    Removing gd32f4xx_spi.o(.text.spi_crc_polynomial_get), (6 bytes).
    Removing gd32f4xx_spi.o(.ARM.exidx.text.spi_crc_polynomial_get), (8 bytes).
    Removing gd32f4xx_spi.o(.text.spi_crc_on), (10 bytes).
    Removing gd32f4xx_spi.o(.ARM.exidx.text.spi_crc_on), (8 bytes).
    Removing gd32f4xx_spi.o(.text.spi_crc_off), (10 bytes).
    Removing gd32f4xx_spi.o(.ARM.exidx.text.spi_crc_off), (8 bytes).
    Removing gd32f4xx_spi.o(.text.spi_crc_next), (10 bytes).
    Removing gd32f4xx_spi.o(.ARM.exidx.text.spi_crc_next), (8 bytes).
    Removing gd32f4xx_spi.o(.text.spi_crc_get), (14 bytes).
    Removing gd32f4xx_spi.o(.ARM.exidx.text.spi_crc_get), (8 bytes).
    Removing gd32f4xx_spi.o(.text.spi_ti_mode_enable), (10 bytes).
    Removing gd32f4xx_spi.o(.ARM.exidx.text.spi_ti_mode_enable), (8 bytes).
    Removing gd32f4xx_spi.o(.text.spi_ti_mode_disable), (10 bytes).
    Removing gd32f4xx_spi.o(.ARM.exidx.text.spi_ti_mode_disable), (8 bytes).
    Removing gd32f4xx_spi.o(.ARM.exidx.text.i2s_full_duplex_mode_config), (8 bytes).
    Removing gd32f4xx_spi.o(.text.qspi_enable), (14 bytes).
    Removing gd32f4xx_spi.o(.ARM.exidx.text.qspi_enable), (8 bytes).
    Removing gd32f4xx_spi.o(.text.qspi_disable), (14 bytes).
    Removing gd32f4xx_spi.o(.ARM.exidx.text.qspi_disable), (8 bytes).
    Removing gd32f4xx_spi.o(.text.qspi_write_enable), (14 bytes).
    Removing gd32f4xx_spi.o(.ARM.exidx.text.qspi_write_enable), (8 bytes).
    Removing gd32f4xx_spi.o(.text.qspi_read_enable), (14 bytes).
    Removing gd32f4xx_spi.o(.ARM.exidx.text.qspi_read_enable), (8 bytes).
    Removing gd32f4xx_spi.o(.text.qspi_io23_output_enable), (14 bytes).
    Removing gd32f4xx_spi.o(.ARM.exidx.text.qspi_io23_output_enable), (8 bytes).
    Removing gd32f4xx_spi.o(.text.qspi_io23_output_disable), (14 bytes).
    Removing gd32f4xx_spi.o(.ARM.exidx.text.qspi_io23_output_disable), (8 bytes).
    Removing gd32f4xx_spi.o(.ARM.exidx.text.spi_i2s_interrupt_enable), (8 bytes).
    Removing gd32f4xx_spi.o(.ARM.exidx.text.spi_i2s_interrupt_disable), (8 bytes).
    Removing gd32f4xx_spi.o(.ARM.exidx.text.spi_i2s_interrupt_flag_get), (8 bytes).
    Removing gd32f4xx_spi.o(.text.spi_i2s_flag_get), (10 bytes).
    Removing gd32f4xx_spi.o(.ARM.exidx.text.spi_i2s_flag_get), (8 bytes).
    Removing gd32f4xx_spi.o(.text.spi_crc_error_clear), (10 bytes).
    Removing gd32f4xx_spi.o(.ARM.exidx.text.spi_crc_error_clear), (8 bytes).
    Removing gd32f4xx_syscfg.o(.text), (0 bytes).
    Removing gd32f4xx_syscfg.o(.text.syscfg_deinit), (22 bytes).
    Removing gd32f4xx_syscfg.o(.ARM.exidx.text.syscfg_deinit), (8 bytes).
    Removing gd32f4xx_syscfg.o(.text.syscfg_bootmode_config), (24 bytes).
    Removing gd32f4xx_syscfg.o(.ARM.exidx.text.syscfg_bootmode_config), (8 bytes).
    Removing gd32f4xx_syscfg.o(.text.syscfg_fmc_swap_config), (20 bytes).
    Removing gd32f4xx_syscfg.o(.ARM.exidx.text.syscfg_fmc_swap_config), (8 bytes).
    Removing gd32f4xx_syscfg.o(.text.syscfg_exmc_swap_config), (20 bytes).
    Removing gd32f4xx_syscfg.o(.ARM.exidx.text.syscfg_exmc_swap_config), (8 bytes).
    Removing gd32f4xx_syscfg.o(.text.syscfg_exti_line_config), (132 bytes).
    Removing gd32f4xx_syscfg.o(.ARM.exidx.text.syscfg_exti_line_config), (8 bytes).
    Removing gd32f4xx_syscfg.o(.text.syscfg_enet_phy_interface_config), (20 bytes).
    Removing gd32f4xx_syscfg.o(.ARM.exidx.text.syscfg_enet_phy_interface_config), (8 bytes).
    Removing gd32f4xx_syscfg.o(.text.syscfg_compensation_config), (20 bytes).
    Removing gd32f4xx_syscfg.o(.ARM.exidx.text.syscfg_compensation_config), (8 bytes).
    Removing gd32f4xx_syscfg.o(.text.syscfg_flag_get), (16 bytes).
    Removing gd32f4xx_syscfg.o(.ARM.exidx.text.syscfg_flag_get), (8 bytes).
    Removing gd32f4xx_timer.o(.text), (0 bytes).
    Removing gd32f4xx_timer.o(.ARM.exidx.text.timer_deinit), (8 bytes).
    Removing gd32f4xx_timer.o(.text.timer_struct_para_init), (16 bytes).
    Removing gd32f4xx_timer.o(.ARM.exidx.text.timer_struct_para_init), (8 bytes).
    Removing gd32f4xx_timer.o(.ARM.exidx.text.timer_init), (8 bytes).
    Removing gd32f4xx_timer.o(.ARM.exidx.text.timer_enable), (8 bytes).
    Removing gd32f4xx_timer.o(.text.timer_disable), (10 bytes).
    Removing gd32f4xx_timer.o(.ARM.exidx.text.timer_disable), (8 bytes).
    Removing gd32f4xx_timer.o(.text.timer_auto_reload_shadow_enable), (10 bytes).
    Removing gd32f4xx_timer.o(.ARM.exidx.text.timer_auto_reload_shadow_enable), (8 bytes).
    Removing gd32f4xx_timer.o(.text.timer_auto_reload_shadow_disable), (10 bytes).
    Removing gd32f4xx_timer.o(.ARM.exidx.text.timer_auto_reload_shadow_disable), (8 bytes).
    Removing gd32f4xx_timer.o(.text.timer_update_event_enable), (10 bytes).
    Removing gd32f4xx_timer.o(.ARM.exidx.text.timer_update_event_enable), (8 bytes).
    Removing gd32f4xx_timer.o(.text.timer_update_event_disable), (10 bytes).
    Removing gd32f4xx_timer.o(.ARM.exidx.text.timer_update_event_disable), (8 bytes).
    Removing gd32f4xx_timer.o(.text.timer_counter_alignment), (16 bytes).
    Removing gd32f4xx_timer.o(.ARM.exidx.text.timer_counter_alignment), (8 bytes).
    Removing gd32f4xx_timer.o(.text.timer_counter_up_direction), (10 bytes).
    Removing gd32f4xx_timer.o(.ARM.exidx.text.timer_counter_up_direction), (8 bytes).
    Removing gd32f4xx_timer.o(.text.timer_counter_down_direction), (10 bytes).
    Removing gd32f4xx_timer.o(.ARM.exidx.text.timer_counter_down_direction), (8 bytes).
    Removing gd32f4xx_timer.o(.text.timer_prescaler_config), (18 bytes).
    Removing gd32f4xx_timer.o(.ARM.exidx.text.timer_prescaler_config), (8 bytes).
    Removing gd32f4xx_timer.o(.text.timer_repetition_value_config), (4 bytes).
    Removing gd32f4xx_timer.o(.ARM.exidx.text.timer_repetition_value_config), (8 bytes).
    Removing gd32f4xx_timer.o(.text.timer_autoreload_value_config), (4 bytes).
    Removing gd32f4xx_timer.o(.ARM.exidx.text.timer_autoreload_value_config), (8 bytes).
    Removing gd32f4xx_timer.o(.text.timer_counter_value_config), (4 bytes).
    Removing gd32f4xx_timer.o(.ARM.exidx.text.timer_counter_value_config), (8 bytes).
    Removing gd32f4xx_timer.o(.text.timer_counter_read), (4 bytes).
    Removing gd32f4xx_timer.o(.ARM.exidx.text.timer_counter_read), (8 bytes).
    Removing gd32f4xx_timer.o(.text.timer_prescaler_read), (6 bytes).
    Removing gd32f4xx_timer.o(.ARM.exidx.text.timer_prescaler_read), (8 bytes).
    Removing gd32f4xx_timer.o(.text.timer_single_pulse_mode_config), (30 bytes).
    Removing gd32f4xx_timer.o(.ARM.exidx.text.timer_single_pulse_mode_config), (8 bytes).
    Removing gd32f4xx_timer.o(.text.timer_update_source_config), (30 bytes).
    Removing gd32f4xx_timer.o(.ARM.exidx.text.timer_update_source_config), (8 bytes).
    Removing gd32f4xx_timer.o(.ARM.exidx.text.timer_interrupt_enable), (8 bytes).
    Removing gd32f4xx_timer.o(.text.timer_interrupt_disable), (10 bytes).
    Removing gd32f4xx_timer.o(.ARM.exidx.text.timer_interrupt_disable), (8 bytes).
    Removing gd32f4xx_timer.o(.ARM.exidx.text.timer_interrupt_flag_get), (8 bytes).
    Removing gd32f4xx_timer.o(.ARM.exidx.text.timer_interrupt_flag_clear), (8 bytes).
    Removing gd32f4xx_timer.o(.text.timer_flag_get), (10 bytes).
    Removing gd32f4xx_timer.o(.ARM.exidx.text.timer_flag_get), (8 bytes).
    Removing gd32f4xx_timer.o(.text.timer_flag_clear), (6 bytes).
    Removing gd32f4xx_timer.o(.ARM.exidx.text.timer_flag_clear), (8 bytes).
    Removing gd32f4xx_timer.o(.text.timer_dma_enable), (8 bytes).
    Removing gd32f4xx_timer.o(.ARM.exidx.text.timer_dma_enable), (8 bytes).
    Removing gd32f4xx_timer.o(.text.timer_dma_disable), (10 bytes).
    Removing gd32f4xx_timer.o(.ARM.exidx.text.timer_dma_disable), (8 bytes).
    Removing gd32f4xx_timer.o(.text.timer_channel_dma_request_source_select), (30 bytes).
    Removing gd32f4xx_timer.o(.ARM.exidx.text.timer_channel_dma_request_source_select), (8 bytes).
    Removing gd32f4xx_timer.o(.text.timer_dma_transfer_config), (24 bytes).
    Removing gd32f4xx_timer.o(.ARM.exidx.text.timer_dma_transfer_config), (8 bytes).
    Removing gd32f4xx_timer.o(.text.timer_event_software_generate), (8 bytes).
    Removing gd32f4xx_timer.o(.ARM.exidx.text.timer_event_software_generate), (8 bytes).
    Removing gd32f4xx_timer.o(.text.timer_break_struct_para_init), (12 bytes).
    Removing gd32f4xx_timer.o(.ARM.exidx.text.timer_break_struct_para_init), (8 bytes).
    Removing gd32f4xx_timer.o(.text.timer_break_config), (38 bytes).
    Removing gd32f4xx_timer.o(.ARM.exidx.text.timer_break_config), (8 bytes).
    Removing gd32f4xx_timer.o(.text.timer_break_enable), (10 bytes).
    Removing gd32f4xx_timer.o(.ARM.exidx.text.timer_break_enable), (8 bytes).
    Removing gd32f4xx_timer.o(.text.timer_break_disable), (10 bytes).
    Removing gd32f4xx_timer.o(.ARM.exidx.text.timer_break_disable), (8 bytes).
    Removing gd32f4xx_timer.o(.text.timer_automatic_output_enable), (10 bytes).
    Removing gd32f4xx_timer.o(.ARM.exidx.text.timer_automatic_output_enable), (8 bytes).
    Removing gd32f4xx_timer.o(.text.timer_automatic_output_disable), (10 bytes).
    Removing gd32f4xx_timer.o(.ARM.exidx.text.timer_automatic_output_disable), (8 bytes).
    Removing gd32f4xx_timer.o(.text.timer_primary_output_config), (18 bytes).
    Removing gd32f4xx_timer.o(.ARM.exidx.text.timer_primary_output_config), (8 bytes).
    Removing gd32f4xx_timer.o(.text.timer_channel_control_shadow_config), (16 bytes).
    Removing gd32f4xx_timer.o(.ARM.exidx.text.timer_channel_control_shadow_config), (8 bytes).
    Removing gd32f4xx_timer.o(.text.timer_channel_control_shadow_update_config), (30 bytes).
    Removing gd32f4xx_timer.o(.ARM.exidx.text.timer_channel_control_shadow_update_config), (8 bytes).
    Removing gd32f4xx_timer.o(.text.timer_channel_output_struct_para_init), (10 bytes).
    Removing gd32f4xx_timer.o(.ARM.exidx.text.timer_channel_output_struct_para_init), (8 bytes).
    Removing gd32f4xx_timer.o(.text.timer_channel_output_config), (514 bytes).
    Removing gd32f4xx_timer.o(.ARM.exidx.text.timer_channel_output_config), (8 bytes).
    Removing gd32f4xx_timer.o(.text.timer_channel_output_mode_config), (56 bytes).
    Removing gd32f4xx_timer.o(.ARM.exidx.text.timer_channel_output_mode_config), (8 bytes).
    Removing gd32f4xx_timer.o(.text.timer_channel_output_pulse_value_config), (14 bytes).
    Removing gd32f4xx_timer.o(.ARM.exidx.text.timer_channel_output_pulse_value_config), (8 bytes).
    Removing gd32f4xx_timer.o(.text.timer_channel_output_shadow_config), (56 bytes).
    Removing gd32f4xx_timer.o(.ARM.exidx.text.timer_channel_output_shadow_config), (8 bytes).
    Removing gd32f4xx_timer.o(.text.timer_channel_output_fast_config), (56 bytes).
    Removing gd32f4xx_timer.o(.ARM.exidx.text.timer_channel_output_fast_config), (8 bytes).
    Removing gd32f4xx_timer.o(.text.timer_channel_output_clear_config), (56 bytes).
    Removing gd32f4xx_timer.o(.ARM.exidx.text.timer_channel_output_clear_config), (8 bytes).
    Removing gd32f4xx_timer.o(.text.timer_channel_output_polarity_config), (68 bytes).
    Removing gd32f4xx_timer.o(.ARM.exidx.text.timer_channel_output_polarity_config), (8 bytes).
    Removing gd32f4xx_timer.o(.text.timer_channel_complementary_output_polarity_config), (56 bytes).
    Removing gd32f4xx_timer.o(.ARM.exidx.text.timer_channel_complementary_output_polarity_config), (8 bytes).
    Removing gd32f4xx_timer.o(.text.timer_channel_output_state_config), (68 bytes).
    Removing gd32f4xx_timer.o(.ARM.exidx.text.timer_channel_output_state_config), (8 bytes).
    Removing gd32f4xx_timer.o(.text.timer_channel_complementary_output_state_config), (56 bytes).
    Removing gd32f4xx_timer.o(.ARM.exidx.text.timer_channel_complementary_output_state_config), (8 bytes).
    Removing gd32f4xx_timer.o(.text.timer_channel_input_struct_para_init), (12 bytes).
    Removing gd32f4xx_timer.o(.ARM.exidx.text.timer_channel_input_struct_para_init), (8 bytes).
    Removing gd32f4xx_timer.o(.text.timer_input_capture_config), (350 bytes).
    Removing gd32f4xx_timer.o(.ARM.exidx.text.timer_input_capture_config), (8 bytes).
    Removing gd32f4xx_timer.o(.text.timer_channel_input_capture_prescaler_config), (56 bytes).
    Removing gd32f4xx_timer.o(.ARM.exidx.text.timer_channel_input_capture_prescaler_config), (8 bytes).
    Removing gd32f4xx_timer.o(.text.timer_channel_capture_value_register_read), (16 bytes).
    Removing gd32f4xx_timer.o(.ARM.exidx.text.timer_channel_capture_value_register_read), (8 bytes).
    Removing gd32f4xx_timer.o(.text.timer_input_pwm_capture_config), (354 bytes).
    Removing gd32f4xx_timer.o(.ARM.exidx.text.timer_input_pwm_capture_config), (8 bytes).
    Removing gd32f4xx_timer.o(.text.timer_hall_mode_config), (30 bytes).
    Removing gd32f4xx_timer.o(.ARM.exidx.text.timer_hall_mode_config), (8 bytes).
    Removing gd32f4xx_timer.o(.text.timer_input_trigger_source_select), (16 bytes).
    Removing gd32f4xx_timer.o(.ARM.exidx.text.timer_input_trigger_source_select), (8 bytes).
    Removing gd32f4xx_timer.o(.text.timer_master_output_trigger_source_select), (16 bytes).
    Removing gd32f4xx_timer.o(.ARM.exidx.text.timer_master_output_trigger_source_select), (8 bytes).
    Removing gd32f4xx_timer.o(.text.timer_slave_mode_select), (16 bytes).
    Removing gd32f4xx_timer.o(.ARM.exidx.text.timer_slave_mode_select), (8 bytes).
    Removing gd32f4xx_timer.o(.text.timer_master_slave_mode_config), (30 bytes).
    Removing gd32f4xx_timer.o(.ARM.exidx.text.timer_master_slave_mode_config), (8 bytes).
    Removing gd32f4xx_timer.o(.text.timer_external_trigger_config), (34 bytes).
    Removing gd32f4xx_timer.o(.ARM.exidx.text.timer_external_trigger_config), (8 bytes).
    Removing gd32f4xx_timer.o(.text.timer_quadrature_decoder_mode_config), (78 bytes).
    Removing gd32f4xx_timer.o(.ARM.exidx.text.timer_quadrature_decoder_mode_config), (8 bytes).
    Removing gd32f4xx_timer.o(.text.timer_internal_clock_config), (10 bytes).
    Removing gd32f4xx_timer.o(.ARM.exidx.text.timer_internal_clock_config), (8 bytes).
    Removing gd32f4xx_timer.o(.text.timer_internal_trigger_as_external_clock_config), (32 bytes).
    Removing gd32f4xx_timer.o(.ARM.exidx.text.timer_internal_trigger_as_external_clock_config), (8 bytes).
    Removing gd32f4xx_timer.o(.text.timer_external_trigger_as_external_clock_config), (152 bytes).
    Removing gd32f4xx_timer.o(.ARM.exidx.text.timer_external_trigger_as_external_clock_config), (8 bytes).
    Removing gd32f4xx_timer.o(.text.timer_external_clock_mode0_config), (50 bytes).
    Removing gd32f4xx_timer.o(.ARM.exidx.text.timer_external_clock_mode0_config), (8 bytes).
    Removing gd32f4xx_timer.o(.text.timer_external_clock_mode1_config), (42 bytes).
    Removing gd32f4xx_timer.o(.ARM.exidx.text.timer_external_clock_mode1_config), (8 bytes).
    Removing gd32f4xx_timer.o(.text.timer_external_clock_mode1_disable), (10 bytes).
    Removing gd32f4xx_timer.o(.ARM.exidx.text.timer_external_clock_mode1_disable), (8 bytes).
    Removing gd32f4xx_timer.o(.text.timer_channel_remap_config), (4 bytes).
    Removing gd32f4xx_timer.o(.ARM.exidx.text.timer_channel_remap_config), (8 bytes).
    Removing gd32f4xx_timer.o(.text.timer_write_chxval_register_config), (36 bytes).
    Removing gd32f4xx_timer.o(.ARM.exidx.text.timer_write_chxval_register_config), (8 bytes).
    Removing gd32f4xx_timer.o(.text.timer_output_value_selection_config), (36 bytes).
    Removing gd32f4xx_timer.o(.ARM.exidx.text.timer_output_value_selection_config), (8 bytes).
    Removing gd32f4xx_tli.o(.text), (0 bytes).
    Removing gd32f4xx_tli.o(.text.tli_deinit), (22 bytes).
    Removing gd32f4xx_tli.o(.ARM.exidx.text.tli_deinit), (8 bytes).
    Removing gd32f4xx_tli.o(.text.tli_struct_para_init), (10 bytes).
    Removing gd32f4xx_tli.o(.ARM.exidx.text.tli_struct_para_init), (8 bytes).
    Removing gd32f4xx_tli.o(.text.tli_init), (148 bytes).
    Removing gd32f4xx_tli.o(.ARM.exidx.text.tli_init), (8 bytes).
    Removing gd32f4xx_tli.o(.text.tli_dither_config), (26 bytes).
    Removing gd32f4xx_tli.o(.ARM.exidx.text.tli_dither_config), (8 bytes).
    Removing gd32f4xx_tli.o(.text.tli_enable), (18 bytes).
    Removing gd32f4xx_tli.o(.ARM.exidx.text.tli_enable), (8 bytes).
    Removing gd32f4xx_tli.o(.text.tli_disable), (18 bytes).
    Removing gd32f4xx_tli.o(.ARM.exidx.text.tli_disable), (8 bytes).
    Removing gd32f4xx_tli.o(.text.tli_reload_config), (26 bytes).
    Removing gd32f4xx_tli.o(.ARM.exidx.text.tli_reload_config), (8 bytes).
    Removing gd32f4xx_tli.o(.text.tli_layer_struct_para_init), (34 bytes).
    Removing gd32f4xx_tli.o(.ARM.exidx.text.tli_layer_struct_para_init), (8 bytes).
    Removing gd32f4xx_tli.o(.text.tli_layer_init), (192 bytes).
    Removing gd32f4xx_tli.o(.ARM.exidx.text.tli_layer_init), (8 bytes).
    Removing gd32f4xx_tli.o(.text.tli_layer_window_offset_modify), (182 bytes).
    Removing gd32f4xx_tli.o(.ARM.exidx.text.tli_layer_window_offset_modify), (8 bytes).
    Removing gd32f4xx_tli.o(.text.tli_lut_struct_para_init), (10 bytes).
    Removing gd32f4xx_tli.o(.ARM.exidx.text.tli_lut_struct_para_init), (8 bytes).
    Removing gd32f4xx_tli.o(.text.tli_lut_init), (34 bytes).
    Removing gd32f4xx_tli.o(.ARM.exidx.text.tli_lut_init), (8 bytes).
    Removing gd32f4xx_tli.o(.text.tli_color_key_init), (14 bytes).
    Removing gd32f4xx_tli.o(.ARM.exidx.text.tli_color_key_init), (8 bytes).
    Removing gd32f4xx_tli.o(.text.tli_layer_enable), (14 bytes).
    Removing gd32f4xx_tli.o(.ARM.exidx.text.tli_layer_enable), (8 bytes).
    Removing gd32f4xx_tli.o(.text.tli_layer_disable), (14 bytes).
    Removing gd32f4xx_tli.o(.ARM.exidx.text.tli_layer_disable), (8 bytes).
    Removing gd32f4xx_tli.o(.text.tli_color_key_enable), (14 bytes).
    Removing gd32f4xx_tli.o(.ARM.exidx.text.tli_color_key_enable), (8 bytes).
    Removing gd32f4xx_tli.o(.text.tli_color_key_disable), (14 bytes).
    Removing gd32f4xx_tli.o(.ARM.exidx.text.tli_color_key_disable), (8 bytes).
    Removing gd32f4xx_tli.o(.text.tli_lut_enable), (14 bytes).
    Removing gd32f4xx_tli.o(.ARM.exidx.text.tli_lut_enable), (8 bytes).
    Removing gd32f4xx_tli.o(.text.tli_lut_disable), (14 bytes).
    Removing gd32f4xx_tli.o(.ARM.exidx.text.tli_lut_disable), (8 bytes).
    Removing gd32f4xx_tli.o(.text.tli_line_mark_set), (22 bytes).
    Removing gd32f4xx_tli.o(.ARM.exidx.text.tli_line_mark_set), (8 bytes).
    Removing gd32f4xx_tli.o(.text.tli_current_pos_get), (12 bytes).
    Removing gd32f4xx_tli.o(.ARM.exidx.text.tli_current_pos_get), (8 bytes).
    Removing gd32f4xx_tli.o(.text.tli_interrupt_enable), (16 bytes).
    Removing gd32f4xx_tli.o(.ARM.exidx.text.tli_interrupt_enable), (8 bytes).
    Removing gd32f4xx_tli.o(.text.tli_interrupt_disable), (18 bytes).
    Removing gd32f4xx_tli.o(.ARM.exidx.text.tli_interrupt_disable), (8 bytes).
    Removing gd32f4xx_tli.o(.text.tli_interrupt_flag_get), (28 bytes).
    Removing gd32f4xx_tli.o(.ARM.exidx.text.tli_interrupt_flag_get), (8 bytes).
    Removing gd32f4xx_tli.o(.text.tli_interrupt_flag_clear), (16 bytes).
    Removing gd32f4xx_tli.o(.ARM.exidx.text.tli_interrupt_flag_clear), (8 bytes).
    Removing gd32f4xx_tli.o(.text.tli_flag_get), (26 bytes).
    Removing gd32f4xx_tli.o(.ARM.exidx.text.tli_flag_get), (8 bytes).
    Removing gd32f4xx_trng.o(.text), (0 bytes).
    Removing gd32f4xx_trng.o(.text.trng_deinit), (22 bytes).
    Removing gd32f4xx_trng.o(.ARM.exidx.text.trng_deinit), (8 bytes).
    Removing gd32f4xx_trng.o(.text.trng_enable), (18 bytes).
    Removing gd32f4xx_trng.o(.ARM.exidx.text.trng_enable), (8 bytes).
    Removing gd32f4xx_trng.o(.text.trng_disable), (18 bytes).
    Removing gd32f4xx_trng.o(.ARM.exidx.text.trng_disable), (8 bytes).
    Removing gd32f4xx_trng.o(.text.trng_get_true_random_data), (12 bytes).
    Removing gd32f4xx_trng.o(.ARM.exidx.text.trng_get_true_random_data), (8 bytes).
    Removing gd32f4xx_trng.o(.text.trng_interrupt_enable), (18 bytes).
    Removing gd32f4xx_trng.o(.ARM.exidx.text.trng_interrupt_enable), (8 bytes).
    Removing gd32f4xx_trng.o(.text.trng_interrupt_disable), (18 bytes).
    Removing gd32f4xx_trng.o(.ARM.exidx.text.trng_interrupt_disable), (8 bytes).
    Removing gd32f4xx_trng.o(.text.trng_flag_get), (18 bytes).
    Removing gd32f4xx_trng.o(.ARM.exidx.text.trng_flag_get), (8 bytes).
    Removing gd32f4xx_trng.o(.text.trng_interrupt_flag_get), (18 bytes).
    Removing gd32f4xx_trng.o(.ARM.exidx.text.trng_interrupt_flag_get), (8 bytes).
    Removing gd32f4xx_trng.o(.text.trng_interrupt_flag_clear), (18 bytes).
    Removing gd32f4xx_trng.o(.ARM.exidx.text.trng_interrupt_flag_clear), (8 bytes).
    Removing gd32f4xx_usart.o(.text), (0 bytes).
    Removing gd32f4xx_usart.o(.ARM.exidx.text.usart_deinit), (8 bytes).
    Removing gd32f4xx_usart.o(.ARM.exidx.text.usart_baudrate_set), (8 bytes).
    Removing gd32f4xx_usart.o(.text.usart_parity_config), (16 bytes).
    Removing gd32f4xx_usart.o(.ARM.exidx.text.usart_parity_config), (8 bytes).
    Removing gd32f4xx_usart.o(.text.usart_word_length_set), (16 bytes).
    Removing gd32f4xx_usart.o(.ARM.exidx.text.usart_word_length_set), (8 bytes).
    Removing gd32f4xx_usart.o(.text.usart_stop_bit_set), (16 bytes).
    Removing gd32f4xx_usart.o(.ARM.exidx.text.usart_stop_bit_set), (8 bytes).
    Removing gd32f4xx_usart.o(.ARM.exidx.text.usart_enable), (8 bytes).
    Removing gd32f4xx_usart.o(.text.usart_disable), (10 bytes).
    Removing gd32f4xx_usart.o(.ARM.exidx.text.usart_disable), (8 bytes).
    Removing gd32f4xx_usart.o(.ARM.exidx.text.usart_transmit_config), (8 bytes).
    Removing gd32f4xx_usart.o(.ARM.exidx.text.usart_receive_config), (8 bytes).
    Removing gd32f4xx_usart.o(.text.usart_data_first_config), (16 bytes).
    Removing gd32f4xx_usart.o(.ARM.exidx.text.usart_data_first_config), (8 bytes).
    Removing gd32f4xx_usart.o(.text.usart_invert_config), (100 bytes).
    Removing gd32f4xx_usart.o(.ARM.exidx.text.usart_invert_config), (8 bytes).
    Removing gd32f4xx_usart.o(.text.usart_oversample_config), (16 bytes).
    Removing gd32f4xx_usart.o(.ARM.exidx.text.usart_oversample_config), (8 bytes).
    Removing gd32f4xx_usart.o(.text.usart_sample_bit_config), (16 bytes).
    Removing gd32f4xx_usart.o(.ARM.exidx.text.usart_sample_bit_config), (8 bytes).
    Removing gd32f4xx_usart.o(.text.usart_receiver_timeout_enable), (14 bytes).
    Removing gd32f4xx_usart.o(.ARM.exidx.text.usart_receiver_timeout_enable), (8 bytes).
    Removing gd32f4xx_usart.o(.text.usart_receiver_timeout_disable), (14 bytes).
    Removing gd32f4xx_usart.o(.ARM.exidx.text.usart_receiver_timeout_disable), (8 bytes).
    Removing gd32f4xx_usart.o(.text.usart_receiver_timeout_threshold_config), (24 bytes).
    Removing gd32f4xx_usart.o(.ARM.exidx.text.usart_receiver_timeout_threshold_config), (8 bytes).
    Removing gd32f4xx_usart.o(.text.usart_data_transmit), (8 bytes).
    Removing gd32f4xx_usart.o(.ARM.exidx.text.usart_data_transmit), (8 bytes).
    Removing gd32f4xx_usart.o(.text.usart_data_receive), (8 bytes).
    Removing gd32f4xx_usart.o(.ARM.exidx.text.usart_data_receive), (8 bytes).
    Removing gd32f4xx_usart.o(.text.usart_address_config), (20 bytes).
    Removing gd32f4xx_usart.o(.ARM.exidx.text.usart_address_config), (8 bytes).
    Removing gd32f4xx_usart.o(.text.usart_mute_mode_enable), (10 bytes).
    Removing gd32f4xx_usart.o(.ARM.exidx.text.usart_mute_mode_enable), (8 bytes).
    Removing gd32f4xx_usart.o(.text.usart_mute_mode_disable), (10 bytes).
    Removing gd32f4xx_usart.o(.ARM.exidx.text.usart_mute_mode_disable), (8 bytes).
    Removing gd32f4xx_usart.o(.text.usart_mute_mode_wakeup_config), (16 bytes).
    Removing gd32f4xx_usart.o(.ARM.exidx.text.usart_mute_mode_wakeup_config), (8 bytes).
    Removing gd32f4xx_usart.o(.text.usart_lin_mode_enable), (10 bytes).
    Removing gd32f4xx_usart.o(.ARM.exidx.text.usart_lin_mode_enable), (8 bytes).
    Removing gd32f4xx_usart.o(.text.usart_lin_mode_disable), (10 bytes).
    Removing gd32f4xx_usart.o(.ARM.exidx.text.usart_lin_mode_disable), (8 bytes).
    Removing gd32f4xx_usart.o(.text.usart_lin_break_detection_length_config), (20 bytes).
    Removing gd32f4xx_usart.o(.ARM.exidx.text.usart_lin_break_detection_length_config), (8 bytes).
    Removing gd32f4xx_usart.o(.text.usart_send_break), (10 bytes).
    Removing gd32f4xx_usart.o(.ARM.exidx.text.usart_send_break), (8 bytes).
    Removing gd32f4xx_usart.o(.text.usart_halfduplex_enable), (10 bytes).
    Removing gd32f4xx_usart.o(.ARM.exidx.text.usart_halfduplex_enable), (8 bytes).
    Removing gd32f4xx_usart.o(.text.usart_halfduplex_disable), (10 bytes).
    Removing gd32f4xx_usart.o(.ARM.exidx.text.usart_halfduplex_disable), (8 bytes).
    Removing gd32f4xx_usart.o(.text.usart_synchronous_clock_enable), (10 bytes).
    Removing gd32f4xx_usart.o(.ARM.exidx.text.usart_synchronous_clock_enable), (8 bytes).
    Removing gd32f4xx_usart.o(.text.usart_synchronous_clock_disable), (10 bytes).
    Removing gd32f4xx_usart.o(.ARM.exidx.text.usart_synchronous_clock_disable), (8 bytes).
    Removing gd32f4xx_usart.o(.text.usart_synchronous_clock_config), (30 bytes).
    Removing gd32f4xx_usart.o(.ARM.exidx.text.usart_synchronous_clock_config), (8 bytes).
    Removing gd32f4xx_usart.o(.text.usart_guard_time_config), (20 bytes).
    Removing gd32f4xx_usart.o(.ARM.exidx.text.usart_guard_time_config), (8 bytes).
    Removing gd32f4xx_usart.o(.text.usart_smartcard_mode_enable), (10 bytes).
    Removing gd32f4xx_usart.o(.ARM.exidx.text.usart_smartcard_mode_enable), (8 bytes).
    Removing gd32f4xx_usart.o(.text.usart_smartcard_mode_disable), (10 bytes).
    Removing gd32f4xx_usart.o(.ARM.exidx.text.usart_smartcard_mode_disable), (8 bytes).
    Removing gd32f4xx_usart.o(.text.usart_smartcard_mode_nack_enable), (10 bytes).
    Removing gd32f4xx_usart.o(.ARM.exidx.text.usart_smartcard_mode_nack_enable), (8 bytes).
    Removing gd32f4xx_usart.o(.text.usart_smartcard_mode_nack_disable), (10 bytes).
    Removing gd32f4xx_usart.o(.ARM.exidx.text.usart_smartcard_mode_nack_disable), (8 bytes).
    Removing gd32f4xx_usart.o(.text.usart_smartcard_autoretry_config), (30 bytes).
    Removing gd32f4xx_usart.o(.ARM.exidx.text.usart_smartcard_autoretry_config), (8 bytes).
    Removing gd32f4xx_usart.o(.text.usart_block_length_config), (26 bytes).
    Removing gd32f4xx_usart.o(.ARM.exidx.text.usart_block_length_config), (8 bytes).
    Removing gd32f4xx_usart.o(.text.usart_irda_mode_enable), (10 bytes).
    Removing gd32f4xx_usart.o(.ARM.exidx.text.usart_irda_mode_enable), (8 bytes).
    Removing gd32f4xx_usart.o(.text.usart_irda_mode_disable), (10 bytes).
    Removing gd32f4xx_usart.o(.ARM.exidx.text.usart_irda_mode_disable), (8 bytes).
    Removing gd32f4xx_usart.o(.text.usart_prescaler_config), (16 bytes).
    Removing gd32f4xx_usart.o(.ARM.exidx.text.usart_prescaler_config), (8 bytes).
    Removing gd32f4xx_usart.o(.text.usart_irda_lowpower_config), (20 bytes).
    Removing gd32f4xx_usart.o(.ARM.exidx.text.usart_irda_lowpower_config), (8 bytes).
    Removing gd32f4xx_usart.o(.text.usart_hardware_flow_rts_config), (12 bytes).
    Removing gd32f4xx_usart.o(.ARM.exidx.text.usart_hardware_flow_rts_config), (8 bytes).
    Removing gd32f4xx_usart.o(.text.usart_hardware_flow_cts_config), (12 bytes).
    Removing gd32f4xx_usart.o(.ARM.exidx.text.usart_hardware_flow_cts_config), (8 bytes).
    Removing gd32f4xx_usart.o(.text.usart_break_frame_coherence_config), (28 bytes).
    Removing gd32f4xx_usart.o(.ARM.exidx.text.usart_break_frame_coherence_config), (8 bytes).
    Removing gd32f4xx_usart.o(.text.usart_parity_check_coherence_config), (28 bytes).
    Removing gd32f4xx_usart.o(.ARM.exidx.text.usart_parity_check_coherence_config), (8 bytes).
    Removing gd32f4xx_usart.o(.text.usart_hardware_flow_coherence_config), (28 bytes).
    Removing gd32f4xx_usart.o(.ARM.exidx.text.usart_hardware_flow_coherence_config), (8 bytes).
    Removing gd32f4xx_usart.o(.text.usart_dma_receive_config), (12 bytes).
    Removing gd32f4xx_usart.o(.ARM.exidx.text.usart_dma_receive_config), (8 bytes).
    Removing gd32f4xx_usart.o(.text.usart_dma_transmit_config), (12 bytes).
    Removing gd32f4xx_usart.o(.ARM.exidx.text.usart_dma_transmit_config), (8 bytes).
    Removing gd32f4xx_usart.o(.text.usart_flag_get), (16 bytes).
    Removing gd32f4xx_usart.o(.ARM.exidx.text.usart_flag_get), (8 bytes).
    Removing gd32f4xx_usart.o(.text.usart_flag_clear), (24 bytes).
    Removing gd32f4xx_usart.o(.ARM.exidx.text.usart_flag_clear), (8 bytes).
    Removing gd32f4xx_usart.o(.text.usart_interrupt_enable), (22 bytes).
    Removing gd32f4xx_usart.o(.ARM.exidx.text.usart_interrupt_enable), (8 bytes).
    Removing gd32f4xx_usart.o(.text.usart_interrupt_disable), (24 bytes).
    Removing gd32f4xx_usart.o(.ARM.exidx.text.usart_interrupt_disable), (8 bytes).
    Removing gd32f4xx_usart.o(.text.usart_interrupt_flag_get), (40 bytes).
    Removing gd32f4xx_usart.o(.ARM.exidx.text.usart_interrupt_flag_get), (8 bytes).
    Removing gd32f4xx_usart.o(.text.usart_interrupt_flag_clear), (24 bytes).
    Removing gd32f4xx_usart.o(.ARM.exidx.text.usart_interrupt_flag_clear), (8 bytes).
    Removing gd32f4xx_wwdgt.o(.text), (0 bytes).
    Removing gd32f4xx_wwdgt.o(.text.wwdgt_deinit), (22 bytes).
    Removing gd32f4xx_wwdgt.o(.ARM.exidx.text.wwdgt_deinit), (8 bytes).
    Removing gd32f4xx_wwdgt.o(.text.wwdgt_enable), (18 bytes).
    Removing gd32f4xx_wwdgt.o(.ARM.exidx.text.wwdgt_enable), (8 bytes).
    Removing gd32f4xx_wwdgt.o(.text.wwdgt_counter_update), (18 bytes).
    Removing gd32f4xx_wwdgt.o(.ARM.exidx.text.wwdgt_counter_update), (8 bytes).
    Removing gd32f4xx_wwdgt.o(.text.wwdgt_config), (50 bytes).
    Removing gd32f4xx_wwdgt.o(.ARM.exidx.text.wwdgt_config), (8 bytes).
    Removing gd32f4xx_wwdgt.o(.text.wwdgt_interrupt_enable), (18 bytes).
    Removing gd32f4xx_wwdgt.o(.ARM.exidx.text.wwdgt_interrupt_enable), (8 bytes).
    Removing gd32f4xx_wwdgt.o(.text.wwdgt_flag_get), (16 bytes).
    Removing gd32f4xx_wwdgt.o(.ARM.exidx.text.wwdgt_flag_get), (8 bytes).
    Removing gd32f4xx_wwdgt.o(.text.wwdgt_flag_clear), (18 bytes).
    Removing gd32f4xx_wwdgt.o(.ARM.exidx.text.wwdgt_flag_clear), (8 bytes).
    Removing system_gd32f4xx.o(.text), (0 bytes).
    Removing system_gd32f4xx.o(.ARM.exidx.text.SystemInit), (8 bytes).
    Removing system_gd32f4xx.o(.text.SystemCoreClockUpdate), (140 bytes).
    Removing system_gd32f4xx.o(.ARM.exidx.text.SystemCoreClockUpdate), (8 bytes).
    Removing system_gd32f4xx.o(.data.SystemCoreClock), (4 bytes).
    Removing startup_gd32f470.o(HEAP), (1024 bytes).

1828 unused section(s) (total 60980 bytes) removed from the image.

==============================================================================

Image Symbol Table

    Local Symbols

    Symbol Name                              Value     Ov Type        Size  Object(Section)

    ../clib/microlib/init/entry.s            0x00000000   Number         0  entry.o ABSOLUTE
    ../clib/microlib/init/entry.s            0x00000000   Number         0  entry2.o ABSOLUTE
    ../clib/microlib/init/entry.s            0x00000000   Number         0  entry5.o ABSOLUTE
    ../clib/microlib/init/entry.s            0x00000000   Number         0  entry7a.o ABSOLUTE
    ../clib/microlib/init/entry.s            0x00000000   Number         0  entry7b.o ABSOLUTE
    ../clib/microlib/init/entry.s            0x00000000   Number         0  entry8a.o ABSOLUTE
    ../clib/microlib/init/entry.s            0x00000000   Number         0  entry8b.o ABSOLUTE
    ../clib/microlib/init/entry.s            0x00000000   Number         0  entry9a.o ABSOLUTE
    ../clib/microlib/init/entry.s            0x00000000   Number         0  entry9b.o ABSOLUTE
    ../clib/microlib/init/entry.s            0x00000000   Number         0  entry10a.o ABSOLUTE
    ../clib/microlib/init/entry.s            0x00000000   Number         0  entry10b.o ABSOLUTE
    ../clib/microlib/init/entry.s            0x00000000   Number         0  entry11a.o ABSOLUTE
    ../clib/microlib/init/entry.s            0x00000000   Number         0  entry11b.o ABSOLUTE
    ../clib/microlib/string/memset.c         0x00000000   Number         0  memseta.o ABSOLUTE
    ..\..\..\Library\Firmware\CMSIS\GD\GD32F4xx\Source\ARM\startup_gd32f470.s 0x00000000   Number         0  startup_gd32f470.o ABSOLUTE
    dc.s                                     0x00000000   Number         0  dc.o ABSOLUTE
    e1.c                                     0x00000000   Number         0  e1.o ABSOLUTE
    e4.c                                     0x00000000   Number         0  e4.o ABSOLUTE
    gd32f470z_eval.c                         0x00000000   Number         0  gd32f470z_eval.o ABSOLUTE
    gd32f4xx_adc.c                           0x00000000   Number         0  gd32f4xx_adc.o ABSOLUTE
    gd32f4xx_can.c                           0x00000000   Number         0  gd32f4xx_can.o ABSOLUTE
    gd32f4xx_crc.c                           0x00000000   Number         0  gd32f4xx_crc.o ABSOLUTE
    gd32f4xx_ctc.c                           0x00000000   Number         0  gd32f4xx_ctc.o ABSOLUTE
    gd32f4xx_dac.c                           0x00000000   Number         0  gd32f4xx_dac.o ABSOLUTE
    gd32f4xx_dbg.c                           0x00000000   Number         0  gd32f4xx_dbg.o ABSOLUTE
    gd32f4xx_dci.c                           0x00000000   Number         0  gd32f4xx_dci.o ABSOLUTE
    gd32f4xx_dma.c                           0x00000000   Number         0  gd32f4xx_dma.o ABSOLUTE
    gd32f4xx_enet.c                          0x00000000   Number         0  gd32f4xx_enet.o ABSOLUTE
    gd32f4xx_exmc.c                          0x00000000   Number         0  gd32f4xx_exmc.o ABSOLUTE
    gd32f4xx_exti.c                          0x00000000   Number         0  gd32f4xx_exti.o ABSOLUTE
    gd32f4xx_fmc.c                           0x00000000   Number         0  gd32f4xx_fmc.o ABSOLUTE
    gd32f4xx_fwdgt.c                         0x00000000   Number         0  gd32f4xx_fwdgt.o ABSOLUTE
    gd32f4xx_gpio.c                          0x00000000   Number         0  gd32f4xx_gpio.o ABSOLUTE
    gd32f4xx_i2c.c                           0x00000000   Number         0  gd32f4xx_i2c.o ABSOLUTE
    gd32f4xx_ipa.c                           0x00000000   Number         0  gd32f4xx_ipa.o ABSOLUTE
    gd32f4xx_iref.c                          0x00000000   Number         0  gd32f4xx_iref.o ABSOLUTE
    gd32f4xx_misc.c                          0x00000000   Number         0  gd32f4xx_misc.o ABSOLUTE
    gd32f4xx_pmu.c                           0x00000000   Number         0  gd32f4xx_pmu.o ABSOLUTE
    gd32f4xx_rcu.c                           0x00000000   Number         0  gd32f4xx_rcu.o ABSOLUTE
    gd32f4xx_rtc.c                           0x00000000   Number         0  gd32f4xx_rtc.o ABSOLUTE
    gd32f4xx_sdio.c                          0x00000000   Number         0  gd32f4xx_sdio.o ABSOLUTE
    gd32f4xx_spi.c                           0x00000000   Number         0  gd32f4xx_spi.o ABSOLUTE
    gd32f4xx_syscfg.c                        0x00000000   Number         0  gd32f4xx_syscfg.o ABSOLUTE
    gd32f4xx_timer.c                         0x00000000   Number         0  gd32f4xx_timer.o ABSOLUTE
    gd32f4xx_tli.c                           0x00000000   Number         0  gd32f4xx_tli.o ABSOLUTE
    gd32f4xx_trng.c                          0x00000000   Number         0  gd32f4xx_trng.o ABSOLUTE
    gd32f4xx_usart.c                         0x00000000   Number         0  gd32f4xx_usart.o ABSOLUTE
    gd32f4xx_wwdgt.c                         0x00000000   Number         0  gd32f4xx_wwdgt.o ABSOLUTE
    handlers.s                               0x00000000   Number         0  handlers.o ABSOLUTE
    i2c.c                                    0x00000000   Number         0  i2c.o ABSOLUTE
    init.s                                   0x00000000   Number         0  init.o ABSOLUTE
    main.c                                   0x00000000   Number         0  main.o ABSOLUTE
    s1.c                                     0x00000000   Number         0  s1.o ABSOLUTE
    system_gd32f4xx.c                        0x00000000   Number         0  system_gd32f4xx.o ABSOLUTE
    RESET                                    0x08000000   Section      428  startup_gd32f470.o(RESET)
    .ARM.Collect$$$$00000000                 0x080001ac   Section        0  entry.o(.ARM.Collect$$$$00000000)
    .ARM.Collect$$$$00000001                 0x080001ac   Section        4  entry2.o(.ARM.Collect$$$$00000001)
    .ARM.Collect$$$$00000004                 0x080001b0   Section        4  entry5.o(.ARM.Collect$$$$00000004)
    .ARM.Collect$$$$00000008                 0x080001b4   Section        0  entry7b.o(.ARM.Collect$$$$00000008)
    .ARM.Collect$$$$0000000A                 0x080001b4   Section        0  entry8b.o(.ARM.Collect$$$$0000000A)
    .ARM.Collect$$$$0000000B                 0x080001b4   Section        8  entry9a.o(.ARM.Collect$$$$0000000B)
    __lit__00000000                          0x080001bc   Data           4  entry2.o(.ARM.Collect$$$$00002712)
    .ARM.Collect$$$$0000000D                 0x080001bc   Section        0  entry10a.o(.ARM.Collect$$$$0000000D)
    .ARM.Collect$$$$0000000F                 0x080001bc   Section        0  entry11a.o(.ARM.Collect$$$$0000000F)
    .ARM.Collect$$$$00002712                 0x080001bc   Section        4  entry2.o(.ARM.Collect$$$$00002712)
    $v0                                      0x080001c0   Number         0  startup_gd32f470.o(.text)
    .text                                    0x080001c0   Section       36  startup_gd32f470.o(.text)
    .text                                    0x080001e4   Section        0  memseta.o(.text)
    .text                                    0x08000208   Section       48  init.o(.text)
    [Anonymous Symbol]                       0x08000238   Section        0  main.o(.text.SPI1_IRQHandler)
    [Anonymous Symbol]                       0x08000324   Section        0  system_gd32f4xx.o(.text.SystemInit)
    [Anonymous Symbol]                       0x080004ac   Section        0  main.o(.text.TIMER3_IRQHandler)
    [Anonymous Symbol]                       0x08000518   Section        0  e4.o(.text.WM8978_Init)
    [Anonymous Symbol]                       0x08000584   Section        0  e4.o(.text.WM8978_Write_Reg)
    [Anonymous Symbol]                       0x080006a4   Section        0  e1.o(.text.e1_digital_display)
    [Anonymous Symbol]                       0x0800075c   Section        0  e1.o(.text.e1_init)
    [Anonymous Symbol]                       0x0800084c   Section        0  e1.o(.text.e1_rgb_control)
    [Anonymous Symbol]                       0x0800090c   Section        0  e4.o(.text.e4_init)
    [Anonymous Symbol]                       0x08000944   Section        0  e4.o(.text.e4_playback_config)
    [Anonymous Symbol]                       0x080009e0   Section        0  e4.o(.text.e4_sound_recording_config)
    [Anonymous Symbol]                       0x08000a90   Section        0  gd32f470z_eval.o(.text.gd_eval_com_init)
    [Anonymous Symbol]                       0x08000b28   Section        0  i2c.o(.text.get_board_address)
    [Anonymous Symbol]                       0x08000b6c   Section        0  gd32f4xx_gpio.o(.text.gpio_af_set)
    [Anonymous Symbol]                       0x08000bdc   Section        0  gd32f4xx_gpio.o(.text.gpio_mode_set)
    [Anonymous Symbol]                       0x08000c30   Section        0  gd32f4xx_gpio.o(.text.gpio_output_options_set)
    [Anonymous Symbol]                       0x08000c78   Section        0  main.o(.text.handle_state)
    [Anonymous Symbol]                       0x08000dcc   Section        0  e1.o(.text.ht16k33_e1_display_off)
    [Anonymous Symbol]                       0x08000e3c   Section        0  i2c.o(.text.i2c2_config)
    [Anonymous Symbol]                       0x08000e7c   Section        0  i2c.o(.text.i2c2_gpio_config)
    [Anonymous Symbol]                       0x08000ee8   Section        0  gd32f4xx_i2c.o(.text.i2c_ack_config)
    [Anonymous Symbol]                       0x08000efc   Section        0  gd32f4xx_i2c.o(.text.i2c_ackpos_config)
    [Anonymous Symbol]                       0x08000f10   Section        0  i2c.o(.text.i2c_addr_poll)
    [Anonymous Symbol]                       0x08000fb4   Section        0  i2c.o(.text.i2c_byte_write)
    [Anonymous Symbol]                       0x080010e8   Section        0  gd32f4xx_i2c.o(.text.i2c_clock_config)
    [Anonymous Symbol]                       0x080011b0   Section        0  i2c.o(.text.i2c_cmd_write)
    [Anonymous Symbol]                       0x080012b8   Section        0  gd32f4xx_i2c.o(.text.i2c_data_receive)
    [Anonymous Symbol]                       0x080012c0   Section        0  gd32f4xx_i2c.o(.text.i2c_data_transmit)
    [Anonymous Symbol]                       0x080012c4   Section        0  i2c.o(.text.i2c_delay)
    [Anonymous Symbol]                       0x080012c8   Section        0  i2c.o(.text.i2c_delay_byte_write)
    [Anonymous Symbol]                       0x080013fc   Section        0  gd32f4xx_i2c.o(.text.i2c_enable)
    [Anonymous Symbol]                       0x08001408   Section        0  gd32f4xx_i2c.o(.text.i2c_flag_clear)
    [Anonymous Symbol]                       0x08001430   Section        0  gd32f4xx_i2c.o(.text.i2c_flag_get)
    [Anonymous Symbol]                       0x08001440   Section        0  gd32f4xx_i2c.o(.text.i2c_master_addressing)
    [Anonymous Symbol]                       0x08001450   Section        0  gd32f4xx_i2c.o(.text.i2c_mode_addr_config)
    [Anonymous Symbol]                       0x0800146c   Section        0  i2c.o(.text.i2c_read)
    [Anonymous Symbol]                       0x08001694   Section        0  gd32f4xx_i2c.o(.text.i2c_start_on_bus)
    [Anonymous Symbol]                       0x080016a0   Section        0  gd32f4xx_i2c.o(.text.i2c_stop_on_bus)
    [Anonymous Symbol]                       0x080016ac   Section        0  e4.o(.text.i2s_config)
    [Anonymous Symbol]                       0x080017d4   Section        0  gd32f4xx_spi.o(.text.i2s_enable)
    [Anonymous Symbol]                       0x080017e0   Section        0  gd32f4xx_spi.o(.text.i2s_full_duplex_mode_config)
    [Anonymous Symbol]                       0x0800180c   Section        0  gd32f4xx_spi.o(.text.i2s_init)
    [Anonymous Symbol]                       0x0800182c   Section        0  gd32f4xx_spi.o(.text.i2s_psc_config)
    [Anonymous Symbol]                       0x080018f8   Section        0  i2c.o(.text.init_i2c)
    [Anonymous Symbol]                       0x08001a18   Section        0  main.o(.text.main)
    [Anonymous Symbol]                       0x08001cc0   Section        0  gd32f4xx_misc.o(.text.nvic_irq_enable)
    [Anonymous Symbol]                       0x08001d68   Section        0  gd32f4xx_misc.o(.text.nvic_priority_group_set)
    [Anonymous Symbol]                       0x08001d7c   Section        0  gd32f4xx_rcu.o(.text.rcu_clock_freq_get)
    [Anonymous Symbol]                       0x08001e38   Section        0  gd32f4xx_rcu.o(.text.rcu_i2s_clock_config)
    [Anonymous Symbol]                       0x08001e4c   Section        0  gd32f4xx_rcu.o(.text.rcu_osci_on)
    [Anonymous Symbol]                       0x08001e6c   Section        0  gd32f4xx_rcu.o(.text.rcu_osci_stab_wait)
    [Anonymous Symbol]                       0x08002030   Section        0  gd32f4xx_rcu.o(.text.rcu_periph_clock_enable)
    [Anonymous Symbol]                       0x08002050   Section        0  gd32f4xx_rcu.o(.text.rcu_periph_reset_disable)
    [Anonymous Symbol]                       0x08002070   Section        0  gd32f4xx_rcu.o(.text.rcu_periph_reset_enable)
    [Anonymous Symbol]                       0x08002090   Section        0  s1.o(.text.s1_init)
    [Anonymous Symbol]                       0x080020ac   Section        0  s1.o(.text.s1_key_scan)
    [Anonymous Symbol]                       0x08002138   Section        0  gd32f4xx_spi.o(.text.spi_i2s_data_receive)
    [Anonymous Symbol]                       0x08002140   Section        0  gd32f4xx_spi.o(.text.spi_i2s_data_transmit)
    [Anonymous Symbol]                       0x08002144   Section        0  gd32f4xx_spi.o(.text.spi_i2s_deinit)
    [Anonymous Symbol]                       0x080021d0   Section        0  gd32f4xx_spi.o(.text.spi_i2s_interrupt_disable)
    [Anonymous Symbol]                       0x080021f0   Section        0  gd32f4xx_spi.o(.text.spi_i2s_interrupt_enable)
    [Anonymous Symbol]                       0x08002210   Section        0  gd32f4xx_spi.o(.text.spi_i2s_interrupt_flag_get)
    [Anonymous Symbol]                       0x08002268   Section        0  gd32f4xx_timer.o(.text.timer_deinit)
    [Anonymous Symbol]                       0x080023b0   Section        0  gd32f4xx_timer.o(.text.timer_enable)
    [Anonymous Symbol]                       0x080023bc   Section        0  gd32f4xx_timer.o(.text.timer_init)
    [Anonymous Symbol]                       0x0800246c   Section        0  gd32f4xx_timer.o(.text.timer_interrupt_enable)
    [Anonymous Symbol]                       0x08002474   Section        0  gd32f4xx_timer.o(.text.timer_interrupt_flag_clear)
    [Anonymous Symbol]                       0x0800247c   Section        0  gd32f4xx_timer.o(.text.timer_interrupt_flag_get)
    [Anonymous Symbol]                       0x08002494   Section        0  gd32f4xx_usart.o(.text.usart_baudrate_set)
    [Anonymous Symbol]                       0x08002554   Section        0  gd32f4xx_usart.o(.text.usart_deinit)
    [Anonymous Symbol]                       0x0800261c   Section        0  gd32f4xx_usart.o(.text.usart_enable)
    [Anonymous Symbol]                       0x08002628   Section        0  gd32f4xx_usart.o(.text.usart_receive_config)
    [Anonymous Symbol]                       0x08002634   Section        0  gd32f4xx_usart.o(.text.usart_transmit_config)
    i.__scatterload_copy                     0x08002640   Section       14  handlers.o(i.__scatterload_copy)
    i.__scatterload_null                     0x0800264e   Section        2  handlers.o(i.__scatterload_null)
    i.__scatterload_zeroinit                 0x08002650   Section       14  handlers.o(i.__scatterload_zeroinit)
    .L__const.rcu_clock_freq_get.apb2_exp    0x0800265e   Data           8  gd32f4xx_rcu.o(.rodata.cst8)
    WM8978_REGVAL_TBL                        0x20000000   Data         116  e4.o(.data.WM8978_REGVAL_TBL)
    [Anonymous Symbol]                       0x20000000   Section        0  e4.o(.data.WM8978_REGVAL_TBL)
    STACK                                    0x20013938   Section     1024  startup_gd32f470.o(STACK)

    Global Symbols

    Symbol Name                              Value     Ov Type        Size  Object(Section)

    BuildAttributes$$THM_ISAv4$E$P$D$K$B$S$7EM$VFPi3$EXTD16$VFPS$VFMA$PE$A:L22UL41UL21$X:L11$S22US41US21$IEEE1$IW$~IW$USESV6$~STKCKD$USESV7$~SHL$OTIME$EBA8$MICROLIB$REQ8$PRES8$EABIv2 0x00000000   Number         0  anon$$obj.o ABSOLUTE
    __cpp_initialize__aeabi_                  - Undefined Weak Reference
    __cxa_finalize                            - Undefined Weak Reference
    __decompress                              - Undefined Weak Reference
    _clock_init                               - Undefined Weak Reference
    _microlib_exit                            - Undefined Weak Reference
    __Vectors_Size                           0x000001ac   Number         0  startup_gd32f470.o ABSOLUTE
    __Vectors                                0x08000000   Data           4  startup_gd32f470.o(RESET)
    __Vectors_End                            0x080001ac   Data           0  startup_gd32f470.o(RESET)
    __main                                   0x080001ad   Thumb Code     0  entry.o(.ARM.Collect$$$$00000000)
    _main_stk                                0x080001ad   Thumb Code     0  entry2.o(.ARM.Collect$$$$00000001)
    _main_scatterload                        0x080001b1   Thumb Code     0  entry5.o(.ARM.Collect$$$$00000004)
    __main_after_scatterload                 0x080001b5   Thumb Code     0  entry5.o(.ARM.Collect$$$$00000004)
    _main_clock                              0x080001b5   Thumb Code     0  entry7b.o(.ARM.Collect$$$$00000008)
    _main_cpp_init                           0x080001b5   Thumb Code     0  entry8b.o(.ARM.Collect$$$$0000000A)
    _main_init                               0x080001b5   Thumb Code     0  entry9a.o(.ARM.Collect$$$$0000000B)
    __rt_final_cpp                           0x080001bd   Thumb Code     0  entry10a.o(.ARM.Collect$$$$0000000D)
    __rt_final_exit                          0x080001bd   Thumb Code     0  entry11a.o(.ARM.Collect$$$$0000000F)
    Reset_Handler                            0x080001c1   Thumb Code     8  startup_gd32f470.o(.text)
    NMI_Handler                              0x080001c9   Thumb Code     2  startup_gd32f470.o(.text)
    HardFault_Handler                        0x080001cb   Thumb Code     2  startup_gd32f470.o(.text)
    MemManage_Handler                        0x080001cd   Thumb Code     2  startup_gd32f470.o(.text)
    BusFault_Handler                         0x080001cf   Thumb Code     2  startup_gd32f470.o(.text)
    UsageFault_Handler                       0x080001d1   Thumb Code     2  startup_gd32f470.o(.text)
    SVC_Handler                              0x080001d3   Thumb Code     2  startup_gd32f470.o(.text)
    DebugMon_Handler                         0x080001d5   Thumb Code     2  startup_gd32f470.o(.text)
    PendSV_Handler                           0x080001d7   Thumb Code     2  startup_gd32f470.o(.text)
    SysTick_Handler                          0x080001d9   Thumb Code     2  startup_gd32f470.o(.text)
    ADC_IRQHandler                           0x080001db   Thumb Code     0  startup_gd32f470.o(.text)
    CAN0_EWMC_IRQHandler                     0x080001db   Thumb Code     0  startup_gd32f470.o(.text)
    CAN0_RX0_IRQHandler                      0x080001db   Thumb Code     0  startup_gd32f470.o(.text)
    CAN0_RX1_IRQHandler                      0x080001db   Thumb Code     0  startup_gd32f470.o(.text)
    CAN0_TX_IRQHandler                       0x080001db   Thumb Code     0  startup_gd32f470.o(.text)
    CAN1_EWMC_IRQHandler                     0x080001db   Thumb Code     0  startup_gd32f470.o(.text)
    CAN1_RX0_IRQHandler                      0x080001db   Thumb Code     0  startup_gd32f470.o(.text)
    CAN1_RX1_IRQHandler                      0x080001db   Thumb Code     0  startup_gd32f470.o(.text)
    CAN1_TX_IRQHandler                       0x080001db   Thumb Code     0  startup_gd32f470.o(.text)
    DCI_IRQHandler                           0x080001db   Thumb Code     0  startup_gd32f470.o(.text)
    DMA0_Channel0_IRQHandler                 0x080001db   Thumb Code     0  startup_gd32f470.o(.text)
    DMA0_Channel1_IRQHandler                 0x080001db   Thumb Code     0  startup_gd32f470.o(.text)
    DMA0_Channel2_IRQHandler                 0x080001db   Thumb Code     0  startup_gd32f470.o(.text)
    DMA0_Channel3_IRQHandler                 0x080001db   Thumb Code     0  startup_gd32f470.o(.text)
    DMA0_Channel4_IRQHandler                 0x080001db   Thumb Code     0  startup_gd32f470.o(.text)
    DMA0_Channel5_IRQHandler                 0x080001db   Thumb Code     0  startup_gd32f470.o(.text)
    DMA0_Channel6_IRQHandler                 0x080001db   Thumb Code     0  startup_gd32f470.o(.text)
    DMA0_Channel7_IRQHandler                 0x080001db   Thumb Code     0  startup_gd32f470.o(.text)
    DMA1_Channel0_IRQHandler                 0x080001db   Thumb Code     0  startup_gd32f470.o(.text)
    DMA1_Channel1_IRQHandler                 0x080001db   Thumb Code     0  startup_gd32f470.o(.text)
    DMA1_Channel2_IRQHandler                 0x080001db   Thumb Code     0  startup_gd32f470.o(.text)
    DMA1_Channel3_IRQHandler                 0x080001db   Thumb Code     0  startup_gd32f470.o(.text)
    DMA1_Channel4_IRQHandler                 0x080001db   Thumb Code     0  startup_gd32f470.o(.text)
    DMA1_Channel5_IRQHandler                 0x080001db   Thumb Code     0  startup_gd32f470.o(.text)
    DMA1_Channel6_IRQHandler                 0x080001db   Thumb Code     0  startup_gd32f470.o(.text)
    DMA1_Channel7_IRQHandler                 0x080001db   Thumb Code     0  startup_gd32f470.o(.text)
    ENET_IRQHandler                          0x080001db   Thumb Code     0  startup_gd32f470.o(.text)
    ENET_WKUP_IRQHandler                     0x080001db   Thumb Code     0  startup_gd32f470.o(.text)
    EXMC_IRQHandler                          0x080001db   Thumb Code     0  startup_gd32f470.o(.text)
    EXTI0_IRQHandler                         0x080001db   Thumb Code     0  startup_gd32f470.o(.text)
    EXTI10_15_IRQHandler                     0x080001db   Thumb Code     0  startup_gd32f470.o(.text)
    EXTI1_IRQHandler                         0x080001db   Thumb Code     0  startup_gd32f470.o(.text)
    EXTI2_IRQHandler                         0x080001db   Thumb Code     0  startup_gd32f470.o(.text)
    EXTI3_IRQHandler                         0x080001db   Thumb Code     0  startup_gd32f470.o(.text)
    EXTI4_IRQHandler                         0x080001db   Thumb Code     0  startup_gd32f470.o(.text)
    EXTI5_9_IRQHandler                       0x080001db   Thumb Code     0  startup_gd32f470.o(.text)
    FMC_IRQHandler                           0x080001db   Thumb Code     0  startup_gd32f470.o(.text)
    FPU_IRQHandler                           0x080001db   Thumb Code     0  startup_gd32f470.o(.text)
    I2C0_ER_IRQHandler                       0x080001db   Thumb Code     0  startup_gd32f470.o(.text)
    I2C0_EV_IRQHandler                       0x080001db   Thumb Code     0  startup_gd32f470.o(.text)
    I2C1_ER_IRQHandler                       0x080001db   Thumb Code     0  startup_gd32f470.o(.text)
    I2C1_EV_IRQHandler                       0x080001db   Thumb Code     0  startup_gd32f470.o(.text)
    I2C2_ER_IRQHandler                       0x080001db   Thumb Code     0  startup_gd32f470.o(.text)
    I2C2_EV_IRQHandler                       0x080001db   Thumb Code     0  startup_gd32f470.o(.text)
    IPA_IRQHandler                           0x080001db   Thumb Code     0  startup_gd32f470.o(.text)
    LVD_IRQHandler                           0x080001db   Thumb Code     0  startup_gd32f470.o(.text)
    RCU_CTC_IRQHandler                       0x080001db   Thumb Code     0  startup_gd32f470.o(.text)
    RTC_Alarm_IRQHandler                     0x080001db   Thumb Code     0  startup_gd32f470.o(.text)
    RTC_WKUP_IRQHandler                      0x080001db   Thumb Code     0  startup_gd32f470.o(.text)
    SDIO_IRQHandler                          0x080001db   Thumb Code     0  startup_gd32f470.o(.text)
    SPI0_IRQHandler                          0x080001db   Thumb Code     0  startup_gd32f470.o(.text)
    SPI2_IRQHandler                          0x080001db   Thumb Code     0  startup_gd32f470.o(.text)
    SPI3_IRQHandler                          0x080001db   Thumb Code     0  startup_gd32f470.o(.text)
    SPI4_IRQHandler                          0x080001db   Thumb Code     0  startup_gd32f470.o(.text)
    SPI5_IRQHandler                          0x080001db   Thumb Code     0  startup_gd32f470.o(.text)
    TAMPER_STAMP_IRQHandler                  0x080001db   Thumb Code     0  startup_gd32f470.o(.text)
    TIMER0_BRK_TIMER8_IRQHandler             0x080001db   Thumb Code     0  startup_gd32f470.o(.text)
    TIMER0_Channel_IRQHandler                0x080001db   Thumb Code     0  startup_gd32f470.o(.text)
    TIMER0_TRG_CMT_TIMER10_IRQHandler        0x080001db   Thumb Code     0  startup_gd32f470.o(.text)
    TIMER0_UP_TIMER9_IRQHandler              0x080001db   Thumb Code     0  startup_gd32f470.o(.text)
    TIMER1_IRQHandler                        0x080001db   Thumb Code     0  startup_gd32f470.o(.text)
    TIMER2_IRQHandler                        0x080001db   Thumb Code     0  startup_gd32f470.o(.text)
    TIMER4_IRQHandler                        0x080001db   Thumb Code     0  startup_gd32f470.o(.text)
    TIMER5_DAC_IRQHandler                    0x080001db   Thumb Code     0  startup_gd32f470.o(.text)
    TIMER6_IRQHandler                        0x080001db   Thumb Code     0  startup_gd32f470.o(.text)
    TIMER7_BRK_TIMER11_IRQHandler            0x080001db   Thumb Code     0  startup_gd32f470.o(.text)
    TIMER7_Channel_IRQHandler                0x080001db   Thumb Code     0  startup_gd32f470.o(.text)
    TIMER7_TRG_CMT_TIMER13_IRQHandler        0x080001db   Thumb Code     0  startup_gd32f470.o(.text)
    TIMER7_UP_TIMER12_IRQHandler             0x080001db   Thumb Code     0  startup_gd32f470.o(.text)
    TLI_ER_IRQHandler                        0x080001db   Thumb Code     0  startup_gd32f470.o(.text)
    TLI_IRQHandler                           0x080001db   Thumb Code     0  startup_gd32f470.o(.text)
    TRNG_IRQHandler                          0x080001db   Thumb Code     0  startup_gd32f470.o(.text)
    UART3_IRQHandler                         0x080001db   Thumb Code     0  startup_gd32f470.o(.text)
    UART4_IRQHandler                         0x080001db   Thumb Code     0  startup_gd32f470.o(.text)
    UART6_IRQHandler                         0x080001db   Thumb Code     0  startup_gd32f470.o(.text)
    UART7_IRQHandler                         0x080001db   Thumb Code     0  startup_gd32f470.o(.text)
    USART0_IRQHandler                        0x080001db   Thumb Code     0  startup_gd32f470.o(.text)
    USART1_IRQHandler                        0x080001db   Thumb Code     0  startup_gd32f470.o(.text)
    USART2_IRQHandler                        0x080001db   Thumb Code     0  startup_gd32f470.o(.text)
    USART5_IRQHandler                        0x080001db   Thumb Code     0  startup_gd32f470.o(.text)
    USBFS_IRQHandler                         0x080001db   Thumb Code     0  startup_gd32f470.o(.text)
    USBFS_WKUP_IRQHandler                    0x080001db   Thumb Code     0  startup_gd32f470.o(.text)
    USBHS_EP1_In_IRQHandler                  0x080001db   Thumb Code     0  startup_gd32f470.o(.text)
    USBHS_EP1_Out_IRQHandler                 0x080001db   Thumb Code     0  startup_gd32f470.o(.text)
    USBHS_IRQHandler                         0x080001db   Thumb Code     0  startup_gd32f470.o(.text)
    USBHS_WKUP_IRQHandler                    0x080001db   Thumb Code     0  startup_gd32f470.o(.text)
    WWDGT_IRQHandler                         0x080001db   Thumb Code     0  startup_gd32f470.o(.text)
    __aeabi_memset                           0x080001e5   Thumb Code    14  memseta.o(.text)
    __aeabi_memset4                          0x080001e5   Thumb Code     0  memseta.o(.text)
    __aeabi_memset8                          0x080001e5   Thumb Code     0  memseta.o(.text)
    __aeabi_memclr                           0x080001f3   Thumb Code     4  memseta.o(.text)
    __aeabi_memclr4                          0x080001f3   Thumb Code     0  memseta.o(.text)
    __aeabi_memclr8                          0x080001f3   Thumb Code     0  memseta.o(.text)
    _memset$wrapper                          0x080001f7   Thumb Code    18  memseta.o(.text)
    __scatterload                            0x08000209   Thumb Code    38  init.o(.text)
    __scatterload_rt2                        0x08000209   Thumb Code     0  init.o(.text)
    SPI1_IRQHandler                          0x08000239   Thumb Code   234  main.o(.text.SPI1_IRQHandler)
    SystemInit                               0x08000325   Thumb Code   392  system_gd32f4xx.o(.text.SystemInit)
    TIMER3_IRQHandler                        0x080004ad   Thumb Code   108  main.o(.text.TIMER3_IRQHandler)
    WM8978_Init                              0x08000519   Thumb Code   108  e4.o(.text.WM8978_Init)
    WM8978_Write_Reg                         0x08000585   Thumb Code   288  e4.o(.text.WM8978_Write_Reg)
    e1_digital_display                       0x080006a5   Thumb Code   182  e1.o(.text.e1_digital_display)
    e1_init                                  0x0800075d   Thumb Code   238  e1.o(.text.e1_init)
    e1_rgb_control                           0x0800084d   Thumb Code   190  e1.o(.text.e1_rgb_control)
    e4_init                                  0x0800090d   Thumb Code    54  e4.o(.text.e4_init)
    e4_playback_config                       0x08000945   Thumb Code   154  e4.o(.text.e4_playback_config)
    e4_sound_recording_config                0x080009e1   Thumb Code   174  e4.o(.text.e4_sound_recording_config)
    gd_eval_com_init                         0x08000a91   Thumb Code   150  gd32f470z_eval.o(.text.gd_eval_com_init)
    get_board_address                        0x08000b29   Thumb Code    68  i2c.o(.text.get_board_address)
    gpio_af_set                              0x08000b6d   Thumb Code   110  gd32f4xx_gpio.o(.text.gpio_af_set)
    gpio_mode_set                            0x08000bdd   Thumb Code    84  gd32f4xx_gpio.o(.text.gpio_mode_set)
    gpio_output_options_set                  0x08000c31   Thumb Code    70  gd32f4xx_gpio.o(.text.gpio_output_options_set)
    handle_state                             0x08000c79   Thumb Code   340  main.o(.text.handle_state)
    ht16k33_e1_display_off                   0x08000dcd   Thumb Code   112  e1.o(.text.ht16k33_e1_display_off)
    i2c2_config                              0x08000e3d   Thumb Code    64  i2c.o(.text.i2c2_config)
    i2c2_gpio_config                         0x08000e7d   Thumb Code   106  i2c.o(.text.i2c2_gpio_config)
    i2c_ack_config                           0x08000ee9   Thumb Code    18  gd32f4xx_i2c.o(.text.i2c_ack_config)
    i2c_ackpos_config                        0x08000efd   Thumb Code    18  gd32f4xx_i2c.o(.text.i2c_ackpos_config)
    i2c_addr_poll                            0x08000f11   Thumb Code   162  i2c.o(.text.i2c_addr_poll)
    i2c_byte_write                           0x08000fb5   Thumb Code   306  i2c.o(.text.i2c_byte_write)
    i2c_clock_config                         0x080010e9   Thumb Code   200  gd32f4xx_i2c.o(.text.i2c_clock_config)
    i2c_cmd_write                            0x080011b1   Thumb Code   262  i2c.o(.text.i2c_cmd_write)
    i2c_data_receive                         0x080012b9   Thumb Code     6  gd32f4xx_i2c.o(.text.i2c_data_receive)
    i2c_data_transmit                        0x080012c1   Thumb Code     4  gd32f4xx_i2c.o(.text.i2c_data_transmit)
    i2c_delay                                0x080012c5   Thumb Code     2  i2c.o(.text.i2c_delay)
    i2c_delay_byte_write                     0x080012c9   Thumb Code   306  i2c.o(.text.i2c_delay_byte_write)
    i2c_enable                               0x080013fd   Thumb Code    10  gd32f4xx_i2c.o(.text.i2c_enable)
    i2c_flag_clear                           0x08001409   Thumb Code    38  gd32f4xx_i2c.o(.text.i2c_flag_clear)
    i2c_flag_get                             0x08001431   Thumb Code    16  gd32f4xx_i2c.o(.text.i2c_flag_get)
    i2c_master_addressing                    0x08001441   Thumb Code    14  gd32f4xx_i2c.o(.text.i2c_master_addressing)
    i2c_mode_addr_config                     0x08001451   Thumb Code    26  gd32f4xx_i2c.o(.text.i2c_mode_addr_config)
    i2c_read                                 0x0800146d   Thumb Code   552  i2c.o(.text.i2c_read)
    i2c_start_on_bus                         0x08001695   Thumb Code    10  gd32f4xx_i2c.o(.text.i2c_start_on_bus)
    i2c_stop_on_bus                          0x080016a1   Thumb Code    10  gd32f4xx_i2c.o(.text.i2c_stop_on_bus)
    i2s_config                               0x080016ad   Thumb Code   294  e4.o(.text.i2s_config)
    i2s_enable                               0x080017d5   Thumb Code    10  gd32f4xx_spi.o(.text.i2s_enable)
    i2s_full_duplex_mode_config              0x080017e1   Thumb Code    44  gd32f4xx_spi.o(.text.i2s_full_duplex_mode_config)
    i2s_init                                 0x0800180d   Thumb Code    30  gd32f4xx_spi.o(.text.i2s_init)
    i2s_psc_config                           0x0800182d   Thumb Code   204  gd32f4xx_spi.o(.text.i2s_psc_config)
    init_i2c                                 0x080018f9   Thumb Code   288  i2c.o(.text.init_i2c)
    main                                     0x08001a19   Thumb Code   678  main.o(.text.main)
    nvic_irq_enable                          0x08001cc1   Thumb Code   166  gd32f4xx_misc.o(.text.nvic_irq_enable)
    nvic_priority_group_set                  0x08001d69   Thumb Code    20  gd32f4xx_misc.o(.text.nvic_priority_group_set)
    rcu_clock_freq_get                       0x08001d7d   Thumb Code   172  gd32f4xx_rcu.o(.text.rcu_clock_freq_get)
    rcu_i2s_clock_config                     0x08001e39   Thumb Code    20  gd32f4xx_rcu.o(.text.rcu_i2s_clock_config)
    rcu_osci_on                              0x08001e4d   Thumb Code    30  gd32f4xx_rcu.o(.text.rcu_osci_on)
    rcu_osci_stab_wait                       0x08001e6d   Thumb Code   452  gd32f4xx_rcu.o(.text.rcu_osci_stab_wait)
    rcu_periph_clock_enable                  0x08002031   Thumb Code    30  gd32f4xx_rcu.o(.text.rcu_periph_clock_enable)
    rcu_periph_reset_disable                 0x08002051   Thumb Code    32  gd32f4xx_rcu.o(.text.rcu_periph_reset_disable)
    rcu_periph_reset_enable                  0x08002071   Thumb Code    30  gd32f4xx_rcu.o(.text.rcu_periph_reset_enable)
    s1_init                                  0x08002091   Thumb Code    28  s1.o(.text.s1_init)
    s1_key_scan                              0x080020ad   Thumb Code   140  s1.o(.text.s1_key_scan)
    spi_i2s_data_receive                     0x08002139   Thumb Code     6  gd32f4xx_spi.o(.text.spi_i2s_data_receive)
    spi_i2s_data_transmit                    0x08002141   Thumb Code     4  gd32f4xx_spi.o(.text.spi_i2s_data_transmit)
    spi_i2s_deinit                           0x08002145   Thumb Code   140  gd32f4xx_spi.o(.text.spi_i2s_deinit)
    spi_i2s_interrupt_disable                0x080021d1   Thumb Code    20  gd32f4xx_spi.o(.text.spi_i2s_interrupt_disable)
    spi_i2s_interrupt_enable                 0x080021f1   Thumb Code    20  gd32f4xx_spi.o(.text.spi_i2s_interrupt_enable)
    spi_i2s_interrupt_flag_get               0x08002211   Thumb Code    88  gd32f4xx_spi.o(.text.spi_i2s_interrupt_flag_get)
    timer_deinit                             0x08002269   Thumb Code   326  gd32f4xx_timer.o(.text.timer_deinit)
    timer_enable                             0x080023b1   Thumb Code    10  gd32f4xx_timer.o(.text.timer_enable)
    timer_init                               0x080023bd   Thumb Code   174  gd32f4xx_timer.o(.text.timer_init)
    timer_interrupt_enable                   0x0800246d   Thumb Code     8  gd32f4xx_timer.o(.text.timer_interrupt_enable)
    timer_interrupt_flag_clear               0x08002475   Thumb Code     6  gd32f4xx_timer.o(.text.timer_interrupt_flag_clear)
    timer_interrupt_flag_get                 0x0800247d   Thumb Code    22  gd32f4xx_timer.o(.text.timer_interrupt_flag_get)
    usart_baudrate_set                       0x08002495   Thumb Code   190  gd32f4xx_usart.o(.text.usart_baudrate_set)
    usart_deinit                             0x08002555   Thumb Code   200  gd32f4xx_usart.o(.text.usart_deinit)
    usart_enable                             0x0800261d   Thumb Code    10  gd32f4xx_usart.o(.text.usart_enable)
    usart_receive_config                     0x08002629   Thumb Code    12  gd32f4xx_usart.o(.text.usart_receive_config)
    usart_transmit_config                    0x08002635   Thumb Code    12  gd32f4xx_usart.o(.text.usart_transmit_config)
    __scatterload_copy                       0x08002641   Thumb Code    14  handlers.o(i.__scatterload_copy)
    __scatterload_null                       0x0800264f   Thumb Code     2  handlers.o(i.__scatterload_null)
    __scatterload_zeroinit                   0x08002651   Thumb Code    14  handlers.o(i.__scatterload_zeroinit)
    disdata                                  0x08002666   Data          34  e1.o(.rodata.disdata)
    Region$$Table$$Base                      0x08002688   Number         0  anon$$obj.o(Region$$Table)
    Region$$Table$$Limit                     0x080026a8   Number         0  anon$$obj.o(Region$$Table)
    s                                        0x20000074   Data           2  main.o(.data.s)
    sec_flag                                 0x20000076   Data           1  main.o(.data.sec_flag)
    data_cnt                                 0x20000078   Data           2  main.o(.bss.data_cnt)
    delay_count                              0x2000007a   Data           2  main.o(.bss.delay_count)
    e1_nixie_tube_addr                       0x2000007c   Data          12  main.o(.bss.e1_nixie_tube_addr)
    e1_rgb_led_addr                          0x20000088   Data          12  main.o(.bss.e1_rgb_led_addr)
    i2c_over_time                            0x20000094   Data           2  i2c.o(.bss.i2c_over_time)
    key_value                                0x20000096   Data           1  main.o(.bss.key_value)
    minutes                                  0x20000097   Data           1  main.o(.bss.minutes)
    playcnt                                  0x20000098   Data           4  main.o(.bss.playcnt)
    playdata                                 0x2000009c   Data       80000  main.o(.bss.playdata)
    playflag                                 0x2001391c   Data           1  main.o(.bss.playflag)
    radio_state                              0x2001391d   Data           1  main.o(.bss.radio_state)
    record_flag                              0x2001391e   Data           1  main.o(.bss.record_flag)
    record_signal                            0x2001391f   Data           1  main.o(.bss.record_signal)
    s1_key_addr                              0x20013920   Data          12  main.o(.bss.s1_key_addr)
    sec_count                                0x2001392c   Data           2  main.o(.bss.sec_count)
    seconds                                  0x2001392e   Data           1  main.o(.bss.seconds)
    terminal_flag                            0x2001392f   Data           1  main.o(.bss.terminal_flag)
    time_count                               0x20013930   Data           2  main.o(.bss.time_count)
    __initial_sp                             0x20013d38   Data           0  startup_gd32f470.o(STACK)



==============================================================================

Memory Map of the image

  Image Entry point : 0x080001ad

  Load Region LR_IROM1 (Base: 0x08000000, Size: 0x00002720, Max: 0x00300000, ABSOLUTE)

    Execution Region ER_IROM1 (Exec base: 0x08000000, Load base: 0x08000000, Size: 0x000026a8, Max: 0x00300000, ABSOLUTE)

    Exec Addr    Load Addr    Size         Type   Attr      Idx    E Section Name        Object

    0x08000000   0x08000000   0x000001ac   Data   RO         2178    RESET               startup_gd32f470.o
    0x080001ac   0x080001ac   0x00000000   Code   RO         2185  * .ARM.Collect$$$$00000000  mc_w.l(entry.o)
    0x080001ac   0x080001ac   0x00000004   Code   RO         2190    .ARM.Collect$$$$00000001  mc_w.l(entry2.o)
    0x080001b0   0x080001b0   0x00000004   Code   RO         2193    .ARM.Collect$$$$00000004  mc_w.l(entry5.o)
    0x080001b4   0x080001b4   0x00000000   Code   RO         2195    .ARM.Collect$$$$00000008  mc_w.l(entry7b.o)
    0x080001b4   0x080001b4   0x00000000   Code   RO         2197    .ARM.Collect$$$$0000000A  mc_w.l(entry8b.o)
    0x080001b4   0x080001b4   0x00000008   Code   RO         2198    .ARM.Collect$$$$0000000B  mc_w.l(entry9a.o)
    0x080001bc   0x080001bc   0x00000000   Code   RO         2200    .ARM.Collect$$$$0000000D  mc_w.l(entry10a.o)
    0x080001bc   0x080001bc   0x00000000   Code   RO         2202    .ARM.Collect$$$$0000000F  mc_w.l(entry11a.o)
    0x080001bc   0x080001bc   0x00000004   Code   RO         2191    .ARM.Collect$$$$00002712  mc_w.l(entry2.o)
    0x080001c0   0x080001c0   0x00000024   Code   RO         2179    .text               startup_gd32f470.o
    0x080001e4   0x080001e4   0x00000024   Code   RO         2188    .text               mc_w.l(memseta.o)
    0x08000208   0x08000208   0x00000030   Code   RO         2204    .text               mc_w.l(init.o)
    0x08000238   0x08000238   0x000000ea   Code   RO           14    .text.SPI1_IRQHandler  main.o
    0x08000322   0x08000322   0x00000002   PAD
    0x08000324   0x08000324   0x00000188   Code   RO         2164    .text.SystemInit    system_gd32f4xx.o
    0x080004ac   0x080004ac   0x0000006c   Code   RO           12    .text.TIMER3_IRQHandler  main.o
    0x08000518   0x08000518   0x0000006c   Code   RO           93    .text.WM8978_Init   e4.o
    0x08000584   0x08000584   0x00000120   Code   RO           91    .text.WM8978_Write_Reg  e4.o
    0x080006a4   0x080006a4   0x000000b6   Code   RO          168    .text.e1_digital_display  e1.o
    0x0800075a   0x0800075a   0x00000002   PAD
    0x0800075c   0x0800075c   0x000000ee   Code   RO          152    .text.e1_init       e1.o
    0x0800084a   0x0800084a   0x00000002   PAD
    0x0800084c   0x0800084c   0x000000be   Code   RO          162    .text.e1_rgb_control  e1.o
    0x0800090a   0x0800090a   0x00000002   PAD
    0x0800090c   0x0800090c   0x00000036   Code   RO          131    .text.e4_init       e4.o
    0x08000942   0x08000942   0x00000002   PAD
    0x08000944   0x08000944   0x0000009a   Code   RO          135    .text.e4_playback_config  e4.o
    0x080009de   0x080009de   0x00000002   PAD
    0x080009e0   0x080009e0   0x000000ae   Code   RO          133    .text.e4_sound_recording_config  e4.o
    0x08000a8e   0x08000a8e   0x00000002   PAD
    0x08000a90   0x08000a90   0x00000096   Code   RO          191    .text.gd_eval_com_init  gd32f470z_eval.o
    0x08000b26   0x08000b26   0x00000002   PAD
    0x08000b28   0x08000b28   0x00000044   Code   RO           74    .text.get_board_address  i2c.o
    0x08000b6c   0x08000b6c   0x0000006e   Code   RO         1125    .text.gpio_af_set   gd32f4xx_gpio.o
    0x08000bda   0x08000bda   0x00000002   PAD
    0x08000bdc   0x08000bdc   0x00000054   Code   RO         1105    .text.gpio_mode_set  gd32f4xx_gpio.o
    0x08000c30   0x08000c30   0x00000046   Code   RO         1107    .text.gpio_output_options_set  gd32f4xx_gpio.o
    0x08000c76   0x08000c76   0x00000002   PAD
    0x08000c78   0x08000c78   0x00000154   Code   RO           10    .text.handle_state  main.o
    0x08000dcc   0x08000dcc   0x00000070   Code   RO          164    .text.ht16k33_e1_display_off  e1.o
    0x08000e3c   0x08000e3c   0x00000040   Code   RO           56    .text.i2c2_config   i2c.o
    0x08000e7c   0x08000e7c   0x0000006a   Code   RO           54    .text.i2c2_gpio_config  i2c.o
    0x08000ee6   0x08000ee6   0x00000002   PAD
    0x08000ee8   0x08000ee8   0x00000012   Code   RO         1149    .text.i2c_ack_config  gd32f4xx_i2c.o
    0x08000efa   0x08000efa   0x00000002   PAD
    0x08000efc   0x08000efc   0x00000012   Code   RO         1151    .text.i2c_ackpos_config  gd32f4xx_i2c.o
    0x08000f0e   0x08000f0e   0x00000002   PAD
    0x08000f10   0x08000f10   0x000000a2   Code   RO           58    .text.i2c_addr_poll  i2c.o
    0x08000fb2   0x08000fb2   0x00000002   PAD
    0x08000fb4   0x08000fb4   0x00000132   Code   RO           64    .text.i2c_byte_write  i2c.o
    0x080010e6   0x080010e6   0x00000002   PAD
    0x080010e8   0x080010e8   0x000000c8   Code   RO         1143    .text.i2c_clock_config  gd32f4xx_i2c.o
    0x080011b0   0x080011b0   0x00000106   Code   RO           62    .text.i2c_cmd_write  i2c.o
    0x080012b6   0x080012b6   0x00000002   PAD
    0x080012b8   0x080012b8   0x00000006   Code   RO         1169    .text.i2c_data_receive  gd32f4xx_i2c.o
    0x080012be   0x080012be   0x00000002   PAD
    0x080012c0   0x080012c0   0x00000004   Code   RO         1167    .text.i2c_data_transmit  gd32f4xx_i2c.o
    0x080012c4   0x080012c4   0x00000002   Code   RO           60    .text.i2c_delay     i2c.o
    0x080012c6   0x080012c6   0x00000002   PAD
    0x080012c8   0x080012c8   0x00000132   Code   RO           76    .text.i2c_delay_byte_write  i2c.o
    0x080013fa   0x080013fa   0x00000002   PAD
    0x080013fc   0x080013fc   0x0000000a   Code   RO         1159    .text.i2c_enable    gd32f4xx_i2c.o
    0x08001406   0x08001406   0x00000002   PAD
    0x08001408   0x08001408   0x00000026   Code   RO         1207    .text.i2c_flag_clear  gd32f4xx_i2c.o
    0x0800142e   0x0800142e   0x00000002   PAD
    0x08001430   0x08001430   0x00000010   Code   RO         1205    .text.i2c_flag_get  gd32f4xx_i2c.o
    0x08001440   0x08001440   0x0000000e   Code   RO         1153    .text.i2c_master_addressing  gd32f4xx_i2c.o
    0x0800144e   0x0800144e   0x00000002   PAD
    0x08001450   0x08001450   0x0000001a   Code   RO         1145    .text.i2c_mode_addr_config  gd32f4xx_i2c.o
    0x0800146a   0x0800146a   0x00000002   PAD
    0x0800146c   0x0800146c   0x00000228   Code   RO           70    .text.i2c_read      i2c.o
    0x08001694   0x08001694   0x0000000a   Code   RO         1163    .text.i2c_start_on_bus  gd32f4xx_i2c.o
    0x0800169e   0x0800169e   0x00000002   PAD
    0x080016a0   0x080016a0   0x0000000a   Code   RO         1165    .text.i2c_stop_on_bus  gd32f4xx_i2c.o
    0x080016aa   0x080016aa   0x00000002   PAD
    0x080016ac   0x080016ac   0x00000126   Code   RO          129    .text.i2s_config    e4.o
    0x080017d2   0x080017d2   0x00000002   PAD
    0x080017d4   0x080017d4   0x0000000a   Code   RO         1690    .text.i2s_enable    gd32f4xx_spi.o
    0x080017de   0x080017de   0x00000002   PAD
    0x080017e0   0x080017e0   0x0000002c   Code   RO         1730    .text.i2s_full_duplex_mode_config  gd32f4xx_spi.o
    0x0800180c   0x0800180c   0x0000001e   Code   RO         1686    .text.i2s_init      gd32f4xx_spi.o
    0x0800182a   0x0800182a   0x00000002   PAD
    0x0800182c   0x0800182c   0x000000cc   Code   RO         1688    .text.i2s_psc_config  gd32f4xx_spi.o
    0x080018f8   0x080018f8   0x00000120   Code   RO           72    .text.init_i2c      i2c.o
    0x08001a18   0x08001a18   0x000002a6   Code   RO            2    .text.main          main.o
    0x08001cbe   0x08001cbe   0x00000002   PAD
    0x08001cc0   0x08001cc0   0x000000a6   Code   RO         1309    .text.nvic_irq_enable  gd32f4xx_misc.o
    0x08001d66   0x08001d66   0x00000002   PAD
    0x08001d68   0x08001d68   0x00000014   Code   RO         1307    .text.nvic_priority_group_set  gd32f4xx_misc.o
    0x08001d7c   0x08001d7c   0x000000bc   Code   RO         1473    .text.rcu_clock_freq_get  gd32f4xx_rcu.o
    0x08001e38   0x08001e38   0x00000014   Code   RO         1425    .text.rcu_i2s_clock_config  gd32f4xx_rcu.o
    0x08001e4c   0x08001e4c   0x0000001e   Code   RO         1449    .text.rcu_osci_on   gd32f4xx_rcu.o
    0x08001e6a   0x08001e6a   0x00000002   PAD
    0x08001e6c   0x08001e6c   0x000001c4   Code   RO         1383    .text.rcu_osci_stab_wait  gd32f4xx_rcu.o
    0x08002030   0x08002030   0x0000001e   Code   RO         1385    .text.rcu_periph_clock_enable  gd32f4xx_rcu.o
    0x0800204e   0x0800204e   0x00000002   PAD
    0x08002050   0x08002050   0x00000020   Code   RO         1395    .text.rcu_periph_reset_disable  gd32f4xx_rcu.o
    0x08002070   0x08002070   0x0000001e   Code   RO         1393    .text.rcu_periph_reset_enable  gd32f4xx_rcu.o
    0x0800208e   0x0800208e   0x00000002   PAD
    0x08002090   0x08002090   0x0000001c   Code   RO          207    .text.s1_init       s1.o
    0x080020ac   0x080020ac   0x0000008c   Code   RO          211    .text.s1_key_scan   s1.o
    0x08002138   0x08002138   0x00000006   Code   RO         1710    .text.spi_i2s_data_receive  gd32f4xx_spi.o
    0x0800213e   0x0800213e   0x00000002   PAD
    0x08002140   0x08002140   0x00000004   Code   RO         1708    .text.spi_i2s_data_transmit  gd32f4xx_spi.o
    0x08002144   0x08002144   0x0000008c   Code   RO         1676    .text.spi_i2s_deinit  gd32f4xx_spi.o
    0x080021d0   0x080021d0   0x00000020   Code   RO         1746    .text.spi_i2s_interrupt_disable  gd32f4xx_spi.o
    0x080021f0   0x080021f0   0x00000020   Code   RO         1744    .text.spi_i2s_interrupt_enable  gd32f4xx_spi.o
    0x08002210   0x08002210   0x00000058   Code   RO         1748    .text.spi_i2s_interrupt_flag_get  gd32f4xx_spi.o
    0x08002268   0x08002268   0x00000146   Code   RO         1786    .text.timer_deinit  gd32f4xx_timer.o
    0x080023ae   0x080023ae   0x00000002   PAD
    0x080023b0   0x080023b0   0x0000000a   Code   RO         1792    .text.timer_enable  gd32f4xx_timer.o
    0x080023ba   0x080023ba   0x00000002   PAD
    0x080023bc   0x080023bc   0x000000ae   Code   RO         1790    .text.timer_init    gd32f4xx_timer.o
    0x0800246a   0x0800246a   0x00000002   PAD
    0x0800246c   0x0800246c   0x00000008   Code   RO         1826    .text.timer_interrupt_enable  gd32f4xx_timer.o
    0x08002474   0x08002474   0x00000006   Code   RO         1832    .text.timer_interrupt_flag_clear  gd32f4xx_timer.o
    0x0800247a   0x0800247a   0x00000002   PAD
    0x0800247c   0x0800247c   0x00000016   Code   RO         1830    .text.timer_interrupt_flag_get  gd32f4xx_timer.o
    0x08002492   0x08002492   0x00000002   PAD
    0x08002494   0x08002494   0x000000be   Code   RO         2026    .text.usart_baudrate_set  gd32f4xx_usart.o
    0x08002552   0x08002552   0x00000002   PAD
    0x08002554   0x08002554   0x000000c8   Code   RO         2024    .text.usart_deinit  gd32f4xx_usart.o
    0x0800261c   0x0800261c   0x0000000a   Code   RO         2034    .text.usart_enable  gd32f4xx_usart.o
    0x08002626   0x08002626   0x00000002   PAD
    0x08002628   0x08002628   0x0000000c   Code   RO         2040    .text.usart_receive_config  gd32f4xx_usart.o
    0x08002634   0x08002634   0x0000000c   Code   RO         2038    .text.usart_transmit_config  gd32f4xx_usart.o
    0x08002640   0x08002640   0x0000000e   Code   RO         2208    i.__scatterload_copy  mc_w.l(handlers.o)
    0x0800264e   0x0800264e   0x00000002   Code   RO         2209    i.__scatterload_null  mc_w.l(handlers.o)
    0x08002650   0x08002650   0x0000000e   Code   RO         2210    i.__scatterload_zeroinit  mc_w.l(handlers.o)
    0x0800265e   0x0800265e   0x00000008   Data   RO         1475    .rodata.cst8        gd32f4xx_rcu.o
    0x08002666   0x08002666   0x00000022   Data   RO          170    .rodata.disdata     e1.o
    0x08002688   0x08002688   0x00000020   Data   RO         2207    Region$$Table       anon$$obj.o


    Execution Region RW_IRAM1 (Exec base: 0x20000000, Load base: 0x080026a8, Size: 0x00013d38, Max: 0x00030000, ABSOLUTE)

    Exec Addr    Load Addr    Size         Type   Attr      Idx    E Section Name        Object

    0x20000000   0x080026a8   0x00000074   Data   RW          137    .data.WM8978_REGVAL_TBL  e4.o
    0x20000074   0x0800271c   0x00000002   Data   RW           27    .data.s             main.o
    0x20000076   0x0800271e   0x00000001   Data   RW           22    .data.sec_flag      main.o
    0x20000077   0x0800271f   0x00000001   PAD
    0x20000078        -       0x00000002   Zero   RW           18    .bss.data_cnt       main.o
    0x2000007a        -       0x00000002   Zero   RW           16    .bss.delay_count    main.o
    0x2000007c        -       0x0000000c   Zero   RW           29    .bss.e1_nixie_tube_addr  main.o
    0x20000088        -       0x0000000c   Zero   RW           28    .bss.e1_rgb_led_addr  main.o
    0x20000094        -       0x00000002   Zero   RW           82    .bss.i2c_over_time  i2c.o
    0x20000096        -       0x00000001   Zero   RW           31    .bss.key_value      main.o
    0x20000097        -       0x00000001   Zero   RW           33    .bss.minutes        main.o
    0x20000098        -       0x00000004   Zero   RW           20    .bss.playcnt        main.o
    0x2000009c        -       0x00013880   Zero   RW           32    .bss.playdata       main.o
    0x2001391c        -       0x00000001   Zero   RW           21    .bss.playflag       main.o
    0x2001391d        -       0x00000001   Zero   RW           23    .bss.radio_state    main.o
    0x2001391e        -       0x00000001   Zero   RW           26    .bss.record_flag    main.o
    0x2001391f        -       0x00000001   Zero   RW           25    .bss.record_signal  main.o
    0x20013920        -       0x0000000c   Zero   RW           30    .bss.s1_key_addr    main.o
    0x2001392c        -       0x00000002   Zero   RW           19    .bss.sec_count      main.o
    0x2001392e        -       0x00000001   Zero   RW           34    .bss.seconds        main.o
    0x2001392f        -       0x00000001   Zero   RW           24    .bss.terminal_flag  main.o
    0x20013930        -       0x00000002   Zero   RW           17    .bss.time_count     main.o
    0x20013932   0x0800271f   0x00000006   PAD
    0x20013938        -       0x00000400   Zero   RW         2176    STACK               startup_gd32f470.o


==============================================================================

Image component sizes


      Code (inc. data)   RO Data    RW Data    ZI Data      Debug   Object Name

       722          0         34          0          0       7391   e1.o
      1072          0          0        116          0      10059   e4.o
       150          0          0          0          0       4976   gd32f470z_eval.o
       264          0          0          0          0       5441   gd32f4xx_gpio.o
       370          0          0          0          0      11688   gd32f4xx_i2c.o
       186          0          0          0          0       3697   gd32f4xx_misc.o
       782         54          8          0          0      19004   gd32f4xx_rcu.o
       590         32          0          0          0       9503   gd32f4xx_spi.o
       546          0          0          0          0      21597   gd32f4xx_timer.o
       424          0          0          0          0      13909   gd32f4xx_usart.o
      2116          0          0          0          2      14877   i2c.o
      1360          6          0          3      80056       7315   main.o
       168          0          0          0          0       1812   s1.o
        36          8        428          0       1024        976   startup_gd32f470.o
       392          0          0          0          0       2670   system_gd32f4xx.o

    ----------------------------------------------------------------------
      9260        100        502        120      81088     134915   Object Totals
         0          0         32          0          0          0   (incl. Generated)
        82          0          0          1          6          0   (incl. Padding)

    ----------------------------------------------------------------------

      Code (inc. data)   RO Data    RW Data    ZI Data      Debug   Library Member Name

         0          0          0          0          0          0   entry.o
         0          0          0          0          0          0   entry10a.o
         0          0          0          0          0          0   entry11a.o
         8          4          0          0          0          0   entry2.o
         4          0          0          0          0          0   entry5.o
         0          0          0          0          0          0   entry7b.o
         0          0          0          0          0          0   entry8b.o
         8          4          0          0          0          0   entry9a.o
        30          0          0          0          0          0   handlers.o
        48         10          0          0          0         68   init.o
        36          0          0          0          0        108   memseta.o

    ----------------------------------------------------------------------
       134         18          0          0          0        176   Library Totals
         0          0          0          0          0          0   (incl. Padding)

    ----------------------------------------------------------------------

      Code (inc. data)   RO Data    RW Data    ZI Data      Debug   Library Name

       134         18          0          0          0        176   mc_w.l

    ----------------------------------------------------------------------
       134         18          0          0          0        176   Library Totals

    ----------------------------------------------------------------------

==============================================================================


      Code (inc. data)   RO Data    RW Data    ZI Data      Debug   

      9394        118        502        120      81088     135035   Grand Totals
      9394        118        502        120      81088     135035   ELF Image Totals
      9394        118        502        120          0          0   ROM Totals

==============================================================================

    Total RO  Size (Code + RO Data)                 9896 (   9.66kB)
    Total RW  Size (RW Data + ZI Data)             81208 (  79.30kB)
    Total ROM Size (Code + RO Data + RW Data)      10016 (   9.78kB)

==============================================================================

