Component: ARM Compiler 5.06 update 7 (build 960) Tool: armlink [4d3601]

==============================================================================

Section Cross References

    main.o(i.main) refers to gd32f4xx_misc.o(i.nvic_priority_group_set) for nvic_priority_group_set
    main.o(i.main) refers to uart.o(i.timer3_init) for timer3_init
    main.o(i.main) refers to uart.o(i.uart_init) for uart_init
    main.o(i.main) refers to c3.o(i.c3_wifi_init) for c3_wifi_init
    main.o(i.main) refers to c3.o(i.c3_wifi_tcp_receive) for c3_wifi_tcp_receive
    main.o(i.main) refers to c3.o(i.c3_wifi_tcp_lead) for c3_wifi_tcp_lead
    main.o(i.main) refers to uart.o(i.delay_ms) for delay_ms
    main.o(i.main) refers to c3.o(i.c3_wifi_tcp_send) for c3_wifi_tcp_send
    main.o(i.main) refers to main.o(.data) for c3_result
    main.o(i.main) refers to main.o(.bss) for rec_buffer
    uart.o(i.TIMER3_IRQHandler) refers to gd32f4xx_timer.o(i.timer_interrupt_flag_get) for timer_interrupt_flag_get
    uart.o(i.TIMER3_IRQHandler) refers to gd32f4xx_timer.o(i.timer_interrupt_flag_clear) for timer_interrupt_flag_clear
    uart.o(i.TIMER3_IRQHandler) refers to uart.o(.data) for delay_count
    uart.o(i.USART0_IRQHandler) refers to gd32f4xx_usart.o(i.usart_interrupt_flag_get) for usart_interrupt_flag_get
    uart.o(i.USART0_IRQHandler) refers to gd32f4xx_usart.o(i.usart_interrupt_flag_clear) for usart_interrupt_flag_clear
    uart.o(i.USART0_IRQHandler) refers to gd32f4xx_usart.o(i.usart_data_receive) for usart_data_receive
    uart.o(i.USART0_IRQHandler) refers to uart.o(.bss) for Uart0_RecvBuffer
    uart.o(i.USART0_IRQHandler) refers to uart.o(.data) for Uart0_RecvLenth
    uart.o(i.USART2_IRQHandler) refers to gd32f4xx_usart.o(i.usart_interrupt_flag_get) for usart_interrupt_flag_get
    uart.o(i.USART2_IRQHandler) refers to gd32f4xx_usart.o(i.usart_interrupt_flag_clear) for usart_interrupt_flag_clear
    uart.o(i.USART2_IRQHandler) refers to gd32f4xx_usart.o(i.usart_data_receive) for usart_data_receive
    uart.o(i.USART2_IRQHandler) refers to uart.o(.bss) for Uart2_RecvBuffer
    uart.o(i.USART2_IRQHandler) refers to uart.o(.data) for Uart2_RecvLenth
    uart.o(i.delay_ms) refers to uart.o(.data) for delay_count
    uart.o(i.timer3_init) refers to gd32f4xx_rcu.o(i.rcu_periph_clock_enable) for rcu_periph_clock_enable
    uart.o(i.timer3_init) refers to gd32f4xx_timer.o(i.timer_deinit) for timer_deinit
    uart.o(i.timer3_init) refers to gd32f4xx_timer.o(i.timer_init) for timer_init
    uart.o(i.timer3_init) refers to gd32f4xx_misc.o(i.nvic_irq_enable) for nvic_irq_enable
    uart.o(i.timer3_init) refers to gd32f4xx_timer.o(i.timer_interrupt_enable) for timer_interrupt_enable
    uart.o(i.timer3_init) refers to gd32f4xx_timer.o(i.timer_enable) for timer_enable
    uart.o(i.uart_init) refers to gd32f4xx_misc.o(i.nvic_irq_enable) for nvic_irq_enable
    uart.o(i.uart_init) refers to gd32f4xx_rcu.o(i.rcu_periph_clock_enable) for rcu_periph_clock_enable
    uart.o(i.uart_init) refers to gd32f4xx_gpio.o(i.gpio_af_set) for gpio_af_set
    uart.o(i.uart_init) refers to gd32f4xx_gpio.o(i.gpio_mode_set) for gpio_mode_set
    uart.o(i.uart_init) refers to gd32f4xx_gpio.o(i.gpio_output_options_set) for gpio_output_options_set
    uart.o(i.uart_init) refers to gd32f4xx_usart.o(i.usart_deinit) for usart_deinit
    uart.o(i.uart_init) refers to gd32f4xx_usart.o(i.usart_baudrate_set) for usart_baudrate_set
    uart.o(i.uart_init) refers to gd32f4xx_usart.o(i.usart_receive_config) for usart_receive_config
    uart.o(i.uart_init) refers to gd32f4xx_usart.o(i.usart_transmit_config) for usart_transmit_config
    uart.o(i.uart_init) refers to gd32f4xx_usart.o(i.usart_enable) for usart_enable
    uart.o(i.uart_init) refers to gd32f4xx_usart.o(i.usart_interrupt_enable) for usart_interrupt_enable
    uart.o(i.uart_rece_bytes) refers to memcpya.o(.text) for __aeabi_memcpy
    uart.o(i.uart_rece_bytes) refers to memseta.o(.text) for __aeabi_memclr
    uart.o(i.uart_rece_bytes) refers to uart.o(i.delay_ms) for delay_ms
    uart.o(i.uart_rece_bytes) refers to uart.o(.data) for Uart0_RecvFlag
    uart.o(i.uart_rece_bytes) refers to uart.o(.bss) for Uart0_RecvBuffer
    uart.o(i.uart_send_bytes) refers to gd32f4xx_usart.o(i.usart_flag_get) for usart_flag_get
    uart.o(i.uart_send_bytes) refers to gd32f4xx_usart.o(i.usart_data_transmit) for usart_data_transmit
    c3.o(i.Uart_read) refers to uart.o(i.uart_rece_bytes) for uart_rece_bytes
    c3.o(i.Uart_write) refers to uart.o(i.uart_send_bytes) for uart_send_bytes
    c3.o(i.at_cmd) refers to memseta.o(.text) for __aeabi_memclr4
    c3.o(i.at_cmd) refers to strlen.o(.text) for strlen
    c3.o(i.at_cmd) refers to c3.o(i.Uart_write) for Uart_write
    c3.o(i.at_cmd) refers to c3.o(i.Uart_read) for Uart_read
    c3.o(i.at_cmd) refers to strstr.o(.text) for strstr
    c3.o(i.c3_wifi_init) refers to memseta.o(.text) for __aeabi_memclr4
    c3.o(i.c3_wifi_init) refers to c3.o(i.Uart_write) for Uart_write
[...]
    Removing gd32f4xx_fmc.o(i.fmc_unlock), (36 bytes).
    Removing gd32f4xx_fmc.o(i.fmc_word_program), (84 bytes).
    Removing gd32f4xx_fmc.o(i.fmc_wscnt_set), (24 bytes).
    Removing gd32f4xx_fmc.o(i.ob_boot_mode_config), (24 bytes).
    Removing gd32f4xx_fmc.o(i.ob_drp0_get), (16 bytes).
    Removing gd32f4xx_fmc.o(i.ob_drp1_get), (16 bytes).
    Removing gd32f4xx_fmc.o(i.ob_drp_disable), (116 bytes).
    Removing gd32f4xx_fmc.o(i.ob_drp_enable), (128 bytes).
    Removing gd32f4xx_fmc.o(i.ob_erase), (76 bytes).
    Removing gd32f4xx_fmc.o(i.ob_lock), (20 bytes).
    Removing gd32f4xx_fmc.o(i.ob_security_protection_config), (40 bytes).
    Removing gd32f4xx_fmc.o(i.ob_spc_get), (28 bytes).
    Removing gd32f4xx_fmc.o(i.ob_start), (36 bytes).
    Removing gd32f4xx_fmc.o(i.ob_unlock), (36 bytes).
    Removing gd32f4xx_fmc.o(i.ob_user_bor_threshold), (24 bytes).
    Removing gd32f4xx_fmc.o(i.ob_user_bor_threshold_get), (16 bytes).
    Removing gd32f4xx_fmc.o(i.ob_user_get), (16 bytes).
    Removing gd32f4xx_fmc.o(i.ob_user_write), (48 bytes).
    Removing gd32f4xx_fmc.o(i.ob_write_protection0_get), (16 bytes).
    Removing gd32f4xx_fmc.o(i.ob_write_protection1_get), (16 bytes).
    Removing gd32f4xx_fmc.o(i.ob_write_protection_disable), (64 bytes).
    Removing gd32f4xx_fmc.o(i.ob_write_protection_enable), (64 bytes).
    Removing gd32f4xx_fwdgt.o(.rev16_text), (4 bytes).
    Removing gd32f4xx_fwdgt.o(.revsh_text), (4 bytes).
    Removing gd32f4xx_fwdgt.o(i.fwdgt_config), (104 bytes).
    Removing gd32f4xx_fwdgt.o(i.fwdgt_counter_reload), (16 bytes).
    Removing gd32f4xx_fwdgt.o(i.fwdgt_enable), (16 bytes).
    Removing gd32f4xx_fwdgt.o(i.fwdgt_flag_get), (24 bytes).
    Removing gd32f4xx_fwdgt.o(i.fwdgt_write_disable), (12 bytes).
    Removing gd32f4xx_fwdgt.o(i.fwdgt_write_enable), (16 bytes).
    Removing gd32f4xx_gpio.o(.rev16_text), (4 bytes).
    Removing gd32f4xx_gpio.o(.revsh_text), (4 bytes).
    Removing gd32f4xx_gpio.o(i.gpio_bit_reset), (4 bytes).
    Removing gd32f4xx_gpio.o(i.gpio_bit_set), (4 bytes).
    Removing gd32f4xx_gpio.o(i.gpio_bit_toggle), (4 bytes).
    Removing gd32f4xx_gpio.o(i.gpio_bit_write), (10 bytes).
    Removing gd32f4xx_gpio.o(i.gpio_deinit), (206 bytes).
    Removing gd32f4xx_gpio.o(i.gpio_input_bit_get), (16 bytes).
    Removing gd32f4xx_gpio.o(i.gpio_input_port_get), (8 bytes).
    Removing gd32f4xx_gpio.o(i.gpio_output_bit_get), (16 bytes).
    Removing gd32f4xx_gpio.o(i.gpio_output_port_get), (8 bytes).
    Removing gd32f4xx_gpio.o(i.gpio_pin_lock), (18 bytes).
    Removing gd32f4xx_gpio.o(i.gpio_port_toggle), (8 bytes).
    Removing gd32f4xx_gpio.o(i.gpio_port_write), (4 bytes).
    Removing gd32f4xx_i2c.o(.rev16_text), (4 bytes).
    Removing gd32f4xx_i2c.o(.revsh_text), (4 bytes).
    Removing gd32f4xx_i2c.o(i.i2c_ack_config), (24 bytes).
    Removing gd32f4xx_i2c.o(i.i2c_ackpos_config), (22 bytes).
    Removing gd32f4xx_i2c.o(i.i2c_analog_noise_filter_disable), (10 bytes).
    Removing gd32f4xx_i2c.o(i.i2c_analog_noise_filter_enable), (10 bytes).
    Removing gd32f4xx_i2c.o(i.i2c_clock_config), (216 bytes).
    Removing gd32f4xx_i2c.o(i.i2c_data_receive), (8 bytes).
    Removing gd32f4xx_i2c.o(i.i2c_data_transmit), (6 bytes).
    Removing gd32f4xx_i2c.o(i.i2c_deinit), (88 bytes).
    Removing gd32f4xx_i2c.o(i.i2c_digital_noise_filter_config), (8 bytes).
    Removing gd32f4xx_i2c.o(i.i2c_disable), (10 bytes).
    Removing gd32f4xx_i2c.o(i.i2c_dma_enable), (16 bytes).
    Removing gd32f4xx_i2c.o(i.i2c_dma_last_transfer_config), (16 bytes).
    Removing gd32f4xx_i2c.o(i.i2c_dualaddr_disable), (10 bytes).
    Removing gd32f4xx_i2c.o(i.i2c_dualaddr_enable), (12 bytes).
    Removing gd32f4xx_i2c.o(i.i2c_enable), (10 bytes).
    Removing gd32f4xx_i2c.o(i.i2c_flag_clear), (40 bytes).
    Removing gd32f4xx_i2c.o(i.i2c_flag_get), (30 bytes).
    Removing gd32f4xx_i2c.o(i.i2c_interrupt_disable), (26 bytes).
    Removing gd32f4xx_i2c.o(i.i2c_interrupt_enable), (26 bytes).
    Removing gd32f4xx_i2c.o(i.i2c_interrupt_flag_clear), (44 bytes).
    Removing gd32f4xx_i2c.o(i.i2c_interrupt_flag_get), (92 bytes).
    Removing gd32f4xx_i2c.o(i.i2c_master_addressing), (20 bytes).
    Removing gd32f4xx_i2c.o(i.i2c_mode_addr_config), (28 bytes).
    Removing gd32f4xx_i2c.o(i.i2c_pec_enable), (16 bytes).
    Removing gd32f4xx_i2c.o(i.i2c_pec_transfer_enable), (16 bytes).
    Removing gd32f4xx_i2c.o(i.i2c_pec_value_get), (10 bytes).
    Removing gd32f4xx_i2c.o(i.i2c_sam_disable), (14 bytes).
    Removing gd32f4xx_i2c.o(i.i2c_sam_enable), (14 bytes).
    Removing gd32f4xx_i2c.o(i.i2c_sam_timeout_disable), (14 bytes).
    Removing gd32f4xx_i2c.o(i.i2c_sam_timeout_enable), (14 bytes).
    Removing gd32f4xx_i2c.o(i.i2c_slave_response_to_gcall_config), (16 bytes).
    Removing gd32f4xx_i2c.o(i.i2c_smbus_arp_enable), (16 bytes).
    Removing gd32f4xx_i2c.o(i.i2c_smbus_issue_alert), (16 bytes).
    Removing gd32f4xx_i2c.o(i.i2c_smbus_type_config), (24 bytes).
    Removing gd32f4xx_i2c.o(i.i2c_software_reset_config), (16 bytes).
    Removing gd32f4xx_i2c.o(i.i2c_start_on_bus), (10 bytes).
    Removing gd32f4xx_i2c.o(i.i2c_stop_on_bus), (10 bytes).
    Removing gd32f4xx_i2c.o(i.i2c_stretch_scl_low_config), (16 bytes).
    Removing gd32f4xx_ipa.o(.rev16_text), (4 bytes).
    Removing gd32f4xx_ipa.o(.revsh_text), (4 bytes).
    Removing gd32f4xx_ipa.o(i.ipa_background_init), (164 bytes).
    Removing gd32f4xx_ipa.o(i.ipa_background_lut_init), (100 bytes).
    Removing gd32f4xx_ipa.o(i.ipa_background_lut_loading_enable), (20 bytes).
    Removing gd32f4xx_ipa.o(i.ipa_background_struct_para_init), (20 bytes).
    Removing gd32f4xx_ipa.o(i.ipa_deinit), (20 bytes).
    Removing gd32f4xx_ipa.o(i.ipa_destination_init), (316 bytes).
    Removing gd32f4xx_ipa.o(i.ipa_destination_struct_para_init), (22 bytes).
    Removing gd32f4xx_ipa.o(i.ipa_flag_clear), (16 bytes).
    Removing gd32f4xx_ipa.o(i.ipa_flag_get), (24 bytes).
    Removing gd32f4xx_ipa.o(i.ipa_foreground_init), (164 bytes).
    Removing gd32f4xx_ipa.o(i.ipa_foreground_lut_init), (100 bytes).
    Removing gd32f4xx_ipa.o(i.ipa_foreground_lut_loading_enable), (20 bytes).
    Removing gd32f4xx_ipa.o(i.ipa_foreground_struct_para_init), (20 bytes).
    Removing gd32f4xx_ipa.o(i.ipa_inter_timer_config), (36 bytes).
    Removing gd32f4xx_ipa.o(i.ipa_interrupt_disable), (16 bytes).
    Removing gd32f4xx_ipa.o(i.ipa_interrupt_enable), (16 bytes).
    Removing gd32f4xx_ipa.o(i.ipa_interrupt_flag_clear), (16 bytes).
    Removing gd32f4xx_ipa.o(i.ipa_interrupt_flag_get), (24 bytes).
    Removing gd32f4xx_ipa.o(i.ipa_interval_clock_num_config), (28 bytes).
    Removing gd32f4xx_ipa.o(i.ipa_line_mark_config), (24 bytes).
    Removing gd32f4xx_ipa.o(i.ipa_pixel_format_convert_mode_set), (16 bytes).
    Removing gd32f4xx_ipa.o(i.ipa_transfer_enable), (20 bytes).
    Removing gd32f4xx_ipa.o(i.ipa_transfer_hangup_disable), (20 bytes).
    Removing gd32f4xx_ipa.o(i.ipa_transfer_hangup_enable), (20 bytes).
    Removing gd32f4xx_ipa.o(i.ipa_transfer_stop_disable), (20 bytes).
    Removing gd32f4xx_ipa.o(i.ipa_transfer_stop_enable), (20 bytes).
    Removing gd32f4xx_iref.o(.rev16_text), (4 bytes).
    Removing gd32f4xx_iref.o(.revsh_text), (4 bytes).
    Removing gd32f4xx_iref.o(i.iref_deinit), (20 bytes).
    Removing gd32f4xx_iref.o(i.iref_disable), (20 bytes).
    Removing gd32f4xx_iref.o(i.iref_enable), (20 bytes).
    Removing gd32f4xx_iref.o(i.iref_mode_set), (28 bytes).
    Removing gd32f4xx_iref.o(i.iref_precision_trim_value_set), (28 bytes).
    Removing gd32f4xx_iref.o(i.iref_sink_set), (28 bytes).
    Removing gd32f4xx_iref.o(i.iref_step_data_config), (28 bytes).
    Removing gd32f4xx_misc.o(.rev16_text), (4 bytes).
    Removing gd32f4xx_misc.o(.revsh_text), (4 bytes).
    Removing gd32f4xx_misc.o(i.nvic_irq_disable), (24 bytes).
    Removing gd32f4xx_misc.o(i.nvic_vector_table_set), (20 bytes).
    Removing gd32f4xx_misc.o(i.system_lowpower_reset), (16 bytes).
    Removing gd32f4xx_misc.o(i.system_lowpower_set), (16 bytes).
    Removing gd32f4xx_misc.o(i.systick_clksource_set), (40 bytes).
    Removing gd32f4xx_pmu.o(.rev16_text), (4 bytes).
    Removing gd32f4xx_pmu.o(.revsh_text), (4 bytes).
    Removing gd32f4xx_pmu.o(i.pmu_backup_ldo_config), (28 bytes).
    Removing gd32f4xx_pmu.o(i.pmu_backup_write_disable), (20 bytes).
    Removing gd32f4xx_pmu.o(i.pmu_backup_write_enable), (20 bytes).
    Removing gd32f4xx_pmu.o(i.pmu_deinit), (20 bytes).
    Removing gd32f4xx_pmu.o(i.pmu_flag_get), (24 bytes).
    Removing gd32f4xx_pmu.o(i.pmu_flag_reset), (48 bytes).
    Removing gd32f4xx_pmu.o(i.pmu_highdriver_mode_disable), (20 bytes).
    Removing gd32f4xx_pmu.o(i.pmu_highdriver_mode_enable), (20 bytes).
    Removing gd32f4xx_pmu.o(i.pmu_highdriver_switch_select), (44 bytes).
    Removing gd32f4xx_pmu.o(i.pmu_ldo_output_select), (28 bytes).
    Removing gd32f4xx_pmu.o(i.pmu_low_driver_mode_enable), (28 bytes).
    Removing gd32f4xx_pmu.o(i.pmu_lowdriver_lowpower_config), (28 bytes).
    Removing gd32f4xx_pmu.o(i.pmu_lowdriver_normalpower_config), (28 bytes).
    Removing gd32f4xx_pmu.o(i.pmu_lvd_disable), (20 bytes).
    Removing gd32f4xx_pmu.o(i.pmu_lvd_select), (48 bytes).
    Removing gd32f4xx_pmu.o(i.pmu_to_deepsleepmode), (196 bytes).
    Removing gd32f4xx_pmu.o(i.pmu_to_sleepmode), (28 bytes).
    Removing gd32f4xx_pmu.o(i.pmu_to_standbymode), (52 bytes).
    Removing gd32f4xx_pmu.o(i.pmu_wakeup_pin_disable), (20 bytes).
    Removing gd32f4xx_pmu.o(i.pmu_wakeup_pin_enable), (20 bytes).
    Removing gd32f4xx_pmu.o(.bss), (16 bytes).
    Removing gd32f4xx_rcu.o(.rev16_text), (4 bytes).
    Removing gd32f4xx_rcu.o(.revsh_text), (4 bytes).
    Removing gd32f4xx_rcu.o(i.rcu_ahb_clock_config), (24 bytes).
    Removing gd32f4xx_rcu.o(i.rcu_all_reset_flag_clear), (20 bytes).
    Removing gd32f4xx_rcu.o(i.rcu_apb1_clock_config), (24 bytes).
    Removing gd32f4xx_rcu.o(i.rcu_apb2_clock_config), (24 bytes).
    Removing gd32f4xx_rcu.o(i.rcu_bkp_reset_disable), (20 bytes).
    Removing gd32f4xx_rcu.o(i.rcu_bkp_reset_enable), (20 bytes).
    Removing gd32f4xx_rcu.o(i.rcu_ck48m_clock_config), (24 bytes).
    Removing gd32f4xx_rcu.o(i.rcu_ckout0_config), (28 bytes).
    Removing gd32f4xx_rcu.o(i.rcu_ckout1_config), (28 bytes).
    Removing gd32f4xx_rcu.o(i.rcu_deepsleep_voltage_set), (16 bytes).
    Removing gd32f4xx_rcu.o(i.rcu_deinit), (124 bytes).
    Removing gd32f4xx_rcu.o(i.rcu_flag_get), (36 bytes).
    Removing gd32f4xx_rcu.o(i.rcu_hxtal_clock_monitor_disable), (20 bytes).
    Removing gd32f4xx_rcu.o(i.rcu_hxtal_clock_monitor_enable), (20 bytes).
    Removing gd32f4xx_rcu.o(i.rcu_i2s_clock_config), (24 bytes).
    Removing gd32f4xx_rcu.o(i.rcu_interrupt_disable), (36 bytes).
    Removing gd32f4xx_rcu.o(i.rcu_interrupt_enable), (36 bytes).
    Removing gd32f4xx_rcu.o(i.rcu_interrupt_flag_clear), (36 bytes).
    Removing gd32f4xx_rcu.o(i.rcu_interrupt_flag_get), (36 bytes).
    Removing gd32f4xx_rcu.o(i.rcu_irc16m_adjust_value_set), (28 bytes).
    Removing gd32f4xx_rcu.o(i.rcu_lxtal_drive_capability_config), (24 bytes).
    Removing gd32f4xx_rcu.o(i.rcu_osci_bypass_mode_disable), (116 bytes).
    Removing gd32f4xx_rcu.o(i.rcu_osci_bypass_mode_enable), (116 bytes).
    Removing gd32f4xx_rcu.o(i.rcu_osci_off), (36 bytes).
    Removing gd32f4xx_rcu.o(i.rcu_osci_on), (36 bytes).
    Removing gd32f4xx_rcu.o(i.rcu_osci_stab_wait), (348 bytes).
    Removing gd32f4xx_rcu.o(i.rcu_periph_clock_disable), (36 bytes).
    Removing gd32f4xx_rcu.o(i.rcu_periph_clock_sleep_disable), (36 bytes).
    Removing gd32f4xx_rcu.o(i.rcu_periph_clock_sleep_enable), (36 bytes).
    Removing gd32f4xx_rcu.o(i.rcu_pll48m_clock_config), (24 bytes).
    Removing gd32f4xx_rcu.o(i.rcu_pll_config), (132 bytes).
    Removing gd32f4xx_rcu.o(i.rcu_plli2s_config), (44 bytes).
    Removing gd32f4xx_rcu.o(i.rcu_pllsai_config), (72 bytes).
    Removing gd32f4xx_rcu.o(i.rcu_rtc_clock_config), (24 bytes).
    Removing gd32f4xx_rcu.o(i.rcu_rtc_div_config), (24 bytes).
    Removing gd32f4xx_rcu.o(i.rcu_spread_spectrum_config), (32 bytes).
    Removing gd32f4xx_rcu.o(i.rcu_spread_spectrum_disable), (20 bytes).
    Removing gd32f4xx_rcu.o(i.rcu_spread_spectrum_enable), (20 bytes).
    Removing gd32f4xx_rcu.o(i.rcu_system_clock_source_config), (24 bytes).
    Removing gd32f4xx_rcu.o(i.rcu_system_clock_source_get), (16 bytes).
    Removing gd32f4xx_rcu.o(i.rcu_timer_clock_prescaler_config), (36 bytes).
    Removing gd32f4xx_rcu.o(i.rcu_tli_clock_div_config), (24 bytes).
    Removing gd32f4xx_rcu.o(i.rcu_voltage_key_unlock), (16 bytes).
    Removing gd32f4xx_rtc.o(.rev16_text), (4 bytes).
    Removing gd32f4xx_rtc.o(.revsh_text), (4 bytes).
    Removing gd32f4xx_rtc.o(i.rtc_alarm_config), (100 bytes).
    Removing gd32f4xx_rtc.o(i.rtc_alarm_disable), (128 bytes).
    Removing gd32f4xx_rtc.o(i.rtc_alarm_enable), (60 bytes).
    Removing gd32f4xx_rtc.o(i.rtc_alarm_get), (68 bytes).
    Removing gd32f4xx_rtc.o(i.rtc_alarm_output_config), (84 bytes).
    Removing gd32f4xx_rtc.o(i.rtc_alarm_subsecond_config), (52 bytes).
    Removing gd32f4xx_rtc.o(i.rtc_alarm_subsecond_get), (32 bytes).
    Removing gd32f4xx_rtc.o(i.rtc_bypass_shadow_disable), (40 bytes).
    Removing gd32f4xx_rtc.o(i.rtc_bypass_shadow_enable), (40 bytes).
    Removing gd32f4xx_rtc.o(i.rtc_calibration_output_config), (48 bytes).
    Removing gd32f4xx_rtc.o(i.rtc_coarse_calibration_config), (116 bytes).
    Removing gd32f4xx_rtc.o(i.rtc_coarse_calibration_disable), (56 bytes).
    Removing gd32f4xx_rtc.o(i.rtc_coarse_calibration_enable), (56 bytes).
    Removing gd32f4xx_rtc.o(i.rtc_current_time_get), (100 bytes).
    Removing gd32f4xx_rtc.o(i.rtc_deinit), (204 bytes).
    Removing gd32f4xx_rtc.o(i.rtc_flag_clear), (16 bytes).
    Removing gd32f4xx_rtc.o(i.rtc_flag_get), (20 bytes).
    Removing gd32f4xx_rtc.o(i.rtc_hour_adjust), (36 bytes).
    Removing gd32f4xx_rtc.o(i.rtc_init), (196 bytes).
    Removing gd32f4xx_rtc.o(i.rtc_init_mode_enter), (72 bytes).
    Removing gd32f4xx_rtc.o(i.rtc_init_mode_exit), (20 bytes).
    Removing gd32f4xx_rtc.o(i.rtc_interrupt_disable), (60 bytes).
    Removing gd32f4xx_rtc.o(i.rtc_interrupt_enable), (60 bytes).
    Removing gd32f4xx_rtc.o(i.rtc_refclock_detection_disable), (56 bytes).
    Removing gd32f4xx_rtc.o(i.rtc_refclock_detection_enable), (56 bytes).
    Removing gd32f4xx_rtc.o(i.rtc_register_sync_wait), (96 bytes).
    Removing gd32f4xx_rtc.o(i.rtc_second_adjust), (108 bytes).
    Removing gd32f4xx_rtc.o(i.rtc_smooth_calibration_config), (80 bytes).
    Removing gd32f4xx_rtc.o(i.rtc_subsecond_get), (20 bytes).
    Removing gd32f4xx_rtc.o(i.rtc_tamper0_pin_map), (28 bytes).
    Removing gd32f4xx_rtc.o(i.rtc_tamper_disable), (16 bytes).
    Removing gd32f4xx_rtc.o(i.rtc_tamper_enable), (200 bytes).
    Removing gd32f4xx_rtc.o(i.rtc_timestamp_disable), (40 bytes).
    Removing gd32f4xx_rtc.o(i.rtc_timestamp_enable), (48 bytes).
    Removing gd32f4xx_rtc.o(i.rtc_timestamp_get), (60 bytes).
    Removing gd32f4xx_rtc.o(i.rtc_timestamp_pin_map), (28 bytes).
    Removing gd32f4xx_rtc.o(i.rtc_timestamp_subsecond_get), (12 bytes).
    Removing gd32f4xx_rtc.o(i.rtc_wakeup_clock_set), (92 bytes).
    Removing gd32f4xx_rtc.o(i.rtc_wakeup_disable), (84 bytes).
    Removing gd32f4xx_rtc.o(i.rtc_wakeup_enable), (40 bytes).
    Removing gd32f4xx_rtc.o(i.rtc_wakeup_timer_get), (12 bytes).
    Removing gd32f4xx_rtc.o(i.rtc_wakeup_timer_set), (76 bytes).
    Removing gd32f4xx_sdio.o(.rev16_text), (4 bytes).
    Removing gd32f4xx_sdio.o(.revsh_text), (4 bytes).
    Removing gd32f4xx_sdio.o(i.sdio_bus_mode_set), (28 bytes).
    Removing gd32f4xx_sdio.o(i.sdio_ceata_command_completion_disable), (20 bytes).
    Removing gd32f4xx_sdio.o(i.sdio_ceata_command_completion_enable), (20 bytes).
    Removing gd32f4xx_sdio.o(i.sdio_ceata_command_disable), (20 bytes).
    Removing gd32f4xx_sdio.o(i.sdio_ceata_command_enable), (20 bytes).
    Removing gd32f4xx_sdio.o(i.sdio_ceata_interrupt_disable), (20 bytes).
    Removing gd32f4xx_sdio.o(i.sdio_ceata_interrupt_enable), (20 bytes).
    Removing gd32f4xx_sdio.o(i.sdio_clock_config), (52 bytes).
    Removing gd32f4xx_sdio.o(i.sdio_clock_disable), (20 bytes).
    Removing gd32f4xx_sdio.o(i.sdio_clock_enable), (20 bytes).
    Removing gd32f4xx_sdio.o(i.sdio_command_index_get), (12 bytes).
    Removing gd32f4xx_sdio.o(i.sdio_command_response_config), (56 bytes).
    Removing gd32f4xx_sdio.o(i.sdio_csm_disable), (20 bytes).
    Removing gd32f4xx_sdio.o(i.sdio_csm_enable), (20 bytes).
    Removing gd32f4xx_sdio.o(i.sdio_data_config), (60 bytes).
    Removing gd32f4xx_sdio.o(i.sdio_data_counter_get), (12 bytes).
    Removing gd32f4xx_sdio.o(i.sdio_data_read), (12 bytes).
    Removing gd32f4xx_sdio.o(i.sdio_data_transfer_config), (28 bytes).
    Removing gd32f4xx_sdio.o(i.sdio_data_write), (12 bytes).
    Removing gd32f4xx_sdio.o(i.sdio_deinit), (20 bytes).
    Removing gd32f4xx_sdio.o(i.sdio_dma_disable), (20 bytes).
    Removing gd32f4xx_sdio.o(i.sdio_dma_enable), (20 bytes).
    Removing gd32f4xx_sdio.o(i.sdio_dsm_disable), (20 bytes).
    Removing gd32f4xx_sdio.o(i.sdio_dsm_enable), (20 bytes).
    Removing gd32f4xx_sdio.o(i.sdio_fifo_counter_get), (12 bytes).
    Removing gd32f4xx_sdio.o(i.sdio_flag_clear), (12 bytes).
    Removing gd32f4xx_sdio.o(i.sdio_flag_get), (20 bytes).
    Removing gd32f4xx_sdio.o(i.sdio_hardware_clock_disable), (20 bytes).
    Removing gd32f4xx_sdio.o(i.sdio_hardware_clock_enable), (20 bytes).
    Removing gd32f4xx_sdio.o(i.sdio_interrupt_disable), (16 bytes).
    Removing gd32f4xx_sdio.o(i.sdio_interrupt_enable), (16 bytes).
    Removing gd32f4xx_sdio.o(i.sdio_interrupt_flag_clear), (12 bytes).
    Removing gd32f4xx_sdio.o(i.sdio_interrupt_flag_get), (20 bytes).
    Removing gd32f4xx_sdio.o(i.sdio_operation_disable), (20 bytes).
    Removing gd32f4xx_sdio.o(i.sdio_operation_enable), (20 bytes).
    Removing gd32f4xx_sdio.o(i.sdio_power_state_get), (12 bytes).
    Removing gd32f4xx_sdio.o(i.sdio_power_state_set), (12 bytes).
    Removing gd32f4xx_sdio.o(i.sdio_readwait_disable), (20 bytes).
    Removing gd32f4xx_sdio.o(i.sdio_readwait_enable), (20 bytes).
    Removing gd32f4xx_sdio.o(i.sdio_readwait_type_set), (40 bytes).
    Removing gd32f4xx_sdio.o(i.sdio_response_get), (60 bytes).
    Removing gd32f4xx_sdio.o(i.sdio_stop_readwait_disable), (20 bytes).
    Removing gd32f4xx_sdio.o(i.sdio_stop_readwait_enable), (20 bytes).
    Removing gd32f4xx_sdio.o(i.sdio_suspend_disable), (20 bytes).
    Removing gd32f4xx_sdio.o(i.sdio_suspend_enable), (20 bytes).
    Removing gd32f4xx_sdio.o(i.sdio_wait_type_set), (28 bytes).
    Removing gd32f4xx_spi.o(.rev16_text), (4 bytes).
    Removing gd32f4xx_spi.o(.revsh_text), (4 bytes).
    Removing gd32f4xx_spi.o(i.i2s_disable), (10 bytes).
    Removing gd32f4xx_spi.o(i.i2s_enable), (10 bytes).
    Removing gd32f4xx_spi.o(i.i2s_full_duplex_mode_config), (48 bytes).
    Removing gd32f4xx_spi.o(i.i2s_init), (28 bytes).
    Removing gd32f4xx_spi.o(i.i2s_psc_config), (292 bytes).
    Removing gd32f4xx_spi.o(i.qspi_disable), (14 bytes).
    Removing gd32f4xx_spi.o(i.qspi_enable), (14 bytes).
    Removing gd32f4xx_spi.o(i.qspi_io23_output_disable), (14 bytes).
    Removing gd32f4xx_spi.o(i.qspi_io23_output_enable), (14 bytes).
    Removing gd32f4xx_spi.o(i.qspi_read_enable), (14 bytes).
    Removing gd32f4xx_spi.o(i.qspi_write_enable), (14 bytes).
    Removing gd32f4xx_spi.o(i.spi_bidirectional_transfer_config), (26 bytes).
    Removing gd32f4xx_spi.o(i.spi_crc_error_clear), (10 bytes).
    Removing gd32f4xx_spi.o(i.spi_crc_get), (16 bytes).
    Removing gd32f4xx_spi.o(i.spi_crc_next), (10 bytes).
    Removing gd32f4xx_spi.o(i.spi_crc_off), (10 bytes).
    Removing gd32f4xx_spi.o(i.spi_crc_on), (10 bytes).
    Removing gd32f4xx_spi.o(i.spi_crc_polynomial_get), (8 bytes).
    Removing gd32f4xx_spi.o(i.spi_crc_polynomial_set), (12 bytes).
    Removing gd32f4xx_spi.o(i.spi_disable), (10 bytes).
    Removing gd32f4xx_spi.o(i.spi_dma_disable), (22 bytes).
    Removing gd32f4xx_spi.o(i.spi_dma_enable), (22 bytes).
    Removing gd32f4xx_spi.o(i.spi_enable), (10 bytes).
    Removing gd32f4xx_spi.o(i.spi_i2s_data_frame_format_config), (16 bytes).
    Removing gd32f4xx_spi.o(i.spi_i2s_data_receive), (8 bytes).
    Removing gd32f4xx_spi.o(i.spi_i2s_data_transmit), (4 bytes).
    Removing gd32f4xx_spi.o(i.spi_i2s_deinit), (172 bytes).
    Removing gd32f4xx_spi.o(i.spi_i2s_flag_get), (16 bytes).
    Removing gd32f4xx_spi.o(i.spi_i2s_interrupt_disable), (48 bytes).
    Removing gd32f4xx_spi.o(i.spi_i2s_interrupt_enable), (48 bytes).
    Removing gd32f4xx_spi.o(i.spi_i2s_interrupt_flag_get), (112 bytes).
    Removing gd32f4xx_spi.o(i.spi_init), (50 bytes).
    Removing gd32f4xx_spi.o(i.spi_nss_internal_high), (10 bytes).
    Removing gd32f4xx_spi.o(i.spi_nss_internal_low), (10 bytes).
    Removing gd32f4xx_spi.o(i.spi_nss_output_disable), (10 bytes).
    Removing gd32f4xx_spi.o(i.spi_nss_output_enable), (10 bytes).
    Removing gd32f4xx_spi.o(i.spi_struct_para_init), (18 bytes).
    Removing gd32f4xx_spi.o(i.spi_ti_mode_disable), (10 bytes).
    Removing gd32f4xx_spi.o(i.spi_ti_mode_enable), (10 bytes).
    Removing gd32f4xx_syscfg.o(.rev16_text), (4 bytes).
    Removing gd32f4xx_syscfg.o(.revsh_text), (4 bytes).
    Removing gd32f4xx_syscfg.o(i.syscfg_bootmode_config), (28 bytes).
    Removing gd32f4xx_syscfg.o(i.syscfg_compensation_config), (24 bytes).
    Removing gd32f4xx_syscfg.o(i.syscfg_deinit), (20 bytes).
    Removing gd32f4xx_syscfg.o(i.syscfg_enet_phy_interface_config), (24 bytes).
    Removing gd32f4xx_syscfg.o(i.syscfg_exmc_swap_config), (24 bytes).
    Removing gd32f4xx_syscfg.o(i.syscfg_exti_line_config), (172 bytes).
    Removing gd32f4xx_syscfg.o(i.syscfg_flag_get), (24 bytes).
    Removing gd32f4xx_syscfg.o(i.syscfg_fmc_swap_config), (24 bytes).
    Removing gd32f4xx_timer.o(.rev16_text), (4 bytes).
    Removing gd32f4xx_timer.o(.revsh_text), (4 bytes).
    Removing gd32f4xx_timer.o(i.timer_auto_reload_shadow_disable), (10 bytes).
    Removing gd32f4xx_timer.o(i.timer_auto_reload_shadow_enable), (10 bytes).
    Removing gd32f4xx_timer.o(i.timer_automatic_output_disable), (10 bytes).
    Removing gd32f4xx_timer.o(i.timer_automatic_output_enable), (10 bytes).
    Removing gd32f4xx_timer.o(i.timer_autoreload_value_config), (4 bytes).
    Removing gd32f4xx_timer.o(i.timer_break_config), (30 bytes).
    Removing gd32f4xx_timer.o(i.timer_break_disable), (10 bytes).
    Removing gd32f4xx_timer.o(i.timer_break_enable), (10 bytes).
    Removing gd32f4xx_timer.o(i.timer_break_struct_para_init), (18 bytes).
    Removing gd32f4xx_timer.o(i.timer_channel_capture_value_register_read), (42 bytes).
    Removing gd32f4xx_timer.o(i.timer_channel_complementary_output_polarity_config), (70 bytes).
    Removing gd32f4xx_timer.o(i.timer_channel_complementary_output_state_config), (70 bytes).
    Removing gd32f4xx_timer.o(i.timer_channel_control_shadow_config), (24 bytes).
    Removing gd32f4xx_timer.o(i.timer_channel_control_shadow_update_config), (26 bytes).
    Removing gd32f4xx_timer.o(i.timer_channel_dma_request_source_select), (26 bytes).
    Removing gd32f4xx_timer.o(i.timer_channel_input_capture_prescaler_config), (90 bytes).
    Removing gd32f4xx_timer.o(i.timer_channel_input_struct_para_init), (16 bytes).
    Removing gd32f4xx_timer.o(i.timer_channel_output_clear_config), (90 bytes).
    Removing gd32f4xx_timer.o(i.timer_channel_output_config), (492 bytes).
    Removing gd32f4xx_timer.o(i.timer_channel_output_fast_config), (90 bytes).
    Removing gd32f4xx_timer.o(i.timer_channel_output_mode_config), (90 bytes).
    Removing gd32f4xx_timer.o(i.timer_channel_output_polarity_config), (92 bytes).
    Removing gd32f4xx_timer.o(i.timer_channel_output_pulse_value_config), (38 bytes).
    Removing gd32f4xx_timer.o(i.timer_channel_output_shadow_config), (90 bytes).
    Removing gd32f4xx_timer.o(i.timer_channel_output_state_config), (92 bytes).
    Removing gd32f4xx_timer.o(i.timer_channel_output_struct_para_init), (16 bytes).
    Removing gd32f4xx_timer.o(i.timer_channel_remap_config), (4 bytes).
    Removing gd32f4xx_timer.o(i.timer_counter_alignment), (16 bytes).
    Removing gd32f4xx_timer.o(i.timer_counter_down_direction), (10 bytes).
    Removing gd32f4xx_timer.o(i.timer_counter_read), (8 bytes).
    Removing gd32f4xx_timer.o(i.timer_counter_up_direction), (10 bytes).
    Removing gd32f4xx_timer.o(i.timer_counter_value_config), (4 bytes).
    Removing gd32f4xx_timer.o(i.timer_disable), (10 bytes).
    Removing gd32f4xx_timer.o(i.timer_dma_disable), (8 bytes).
    Removing gd32f4xx_timer.o(i.timer_dma_enable), (8 bytes).
    Removing gd32f4xx_timer.o(i.timer_dma_transfer_config), (24 bytes).
    Removing gd32f4xx_timer.o(i.timer_event_software_generate), (8 bytes).
    Removing gd32f4xx_timer.o(i.timer_external_clock_mode0_config), (40 bytes).
    Removing gd32f4xx_timer.o(i.timer_external_clock_mode1_config), (32 bytes).
    Removing gd32f4xx_timer.o(i.timer_external_clock_mode1_disable), (10 bytes).
    Removing gd32f4xx_timer.o(i.timer_external_trigger_as_external_clock_config), (166 bytes).
    Removing gd32f4xx_timer.o(i.timer_external_trigger_config), (30 bytes).
    Removing gd32f4xx_timer.o(i.timer_flag_clear), (6 bytes).
    Removing gd32f4xx_timer.o(i.timer_flag_get), (16 bytes).
    Removing gd32f4xx_timer.o(i.timer_hall_mode_config), (26 bytes).
    Removing gd32f4xx_timer.o(i.timer_input_capture_config), (326 bytes).
    Removing gd32f4xx_timer.o(i.timer_input_pwm_capture_config), (356 bytes).
    Removing gd32f4xx_timer.o(i.timer_input_trigger_source_select), (16 bytes).
    Removing gd32f4xx_timer.o(i.timer_internal_clock_config), (10 bytes).
    Removing gd32f4xx_timer.o(i.timer_internal_trigger_as_external_clock_config), (32 bytes).
    Removing gd32f4xx_timer.o(i.timer_interrupt_disable), (8 bytes).
    Removing gd32f4xx_timer.o(i.timer_master_output_trigger_source_select), (16 bytes).
    Removing gd32f4xx_timer.o(i.timer_master_slave_mode_config), (26 bytes).
    Removing gd32f4xx_timer.o(i.timer_output_value_selection_config), (34 bytes).
    Removing gd32f4xx_timer.o(i.timer_prescaler_config), (14 bytes).
    Removing gd32f4xx_timer.o(i.timer_prescaler_read), (10 bytes).
    Removing gd32f4xx_timer.o(i.timer_primary_output_config), (24 bytes).
    Removing gd32f4xx_timer.o(i.timer_quadrature_decoder_mode_config), (64 bytes).
    Removing gd32f4xx_timer.o(i.timer_repetition_value_config), (4 bytes).
    Removing gd32f4xx_timer.o(i.timer_single_pulse_mode_config), (26 bytes).
    Removing gd32f4xx_timer.o(i.timer_slave_mode_select), (16 bytes).
    Removing gd32f4xx_timer.o(i.timer_struct_para_init), (22 bytes).
    Removing gd32f4xx_timer.o(i.timer_update_event_disable), (10 bytes).
    Removing gd32f4xx_timer.o(i.timer_update_event_enable), (10 bytes).
    Removing gd32f4xx_timer.o(i.timer_update_source_config), (26 bytes).
    Removing gd32f4xx_timer.o(i.timer_write_chxval_register_config), (34 bytes).
    Removing gd32f4xx_tli.o(.rev16_text), (4 bytes).
    Removing gd32f4xx_tli.o(.revsh_text), (4 bytes).
    Removing gd32f4xx_tli.o(i.tli_color_key_disable), (14 bytes).
    Removing gd32f4xx_tli.o(i.tli_color_key_enable), (14 bytes).
    Removing gd32f4xx_tli.o(i.tli_color_key_init), (16 bytes).
    Removing gd32f4xx_tli.o(i.tli_current_pos_get), (12 bytes).
    Removing gd32f4xx_tli.o(i.tli_deinit), (20 bytes).
    Removing gd32f4xx_tli.o(i.tli_disable), (20 bytes).
    Removing gd32f4xx_tli.o(i.tli_dither_config), (36 bytes).
    Removing gd32f4xx_tli.o(i.tli_enable), (20 bytes).
    Removing gd32f4xx_tli.o(i.tli_flag_get), (36 bytes).
    Removing gd32f4xx_tli.o(i.tli_init), (188 bytes).
    Removing gd32f4xx_tli.o(i.tli_interrupt_disable), (16 bytes).
    Removing gd32f4xx_tli.o(i.tli_interrupt_enable), (16 bytes).
    Removing gd32f4xx_tli.o(i.tli_interrupt_flag_clear), (16 bytes).
    Removing gd32f4xx_tli.o(i.tli_interrupt_flag_get), (36 bytes).
    Removing gd32f4xx_tli.o(i.tli_layer_disable), (14 bytes).
    Removing gd32f4xx_tli.o(i.tli_layer_enable), (14 bytes).
    Removing gd32f4xx_tli.o(i.tli_layer_init), (152 bytes).
    Removing gd32f4xx_tli.o(i.tli_layer_struct_para_init), (48 bytes).
    Removing gd32f4xx_tli.o(i.tli_layer_window_offset_modify), (228 bytes).
    Removing gd32f4xx_tli.o(i.tli_line_mark_set), (24 bytes).
    Removing gd32f4xx_tli.o(i.tli_lut_disable), (14 bytes).
    Removing gd32f4xx_tli.o(i.tli_lut_enable), (14 bytes).
    Removing gd32f4xx_tli.o(i.tli_lut_init), (36 bytes).
    Removing gd32f4xx_tli.o(i.tli_lut_struct_para_init), (12 bytes).
    Removing gd32f4xx_tli.o(i.tli_reload_config), (36 bytes).
    Removing gd32f4xx_tli.o(i.tli_struct_para_init), (34 bytes).
    Removing gd32f4xx_trng.o(.rev16_text), (4 bytes).
    Removing gd32f4xx_trng.o(.revsh_text), (4 bytes).
    Removing gd32f4xx_trng.o(i.trng_deinit), (20 bytes).
    Removing gd32f4xx_trng.o(i.trng_disable), (20 bytes).
    Removing gd32f4xx_trng.o(i.trng_enable), (20 bytes).
    Removing gd32f4xx_trng.o(i.trng_flag_get), (24 bytes).
    Removing gd32f4xx_trng.o(i.trng_get_true_random_data), (12 bytes).
    Removing gd32f4xx_trng.o(i.trng_interrupt_disable), (20 bytes).
    Removing gd32f4xx_trng.o(i.trng_interrupt_enable), (20 bytes).
    Removing gd32f4xx_trng.o(i.trng_interrupt_flag_clear), (16 bytes).
    Removing gd32f4xx_trng.o(i.trng_interrupt_flag_get), (24 bytes).
    Removing gd32f4xx_usart.o(.rev16_text), (4 bytes).
    Removing gd32f4xx_usart.o(.revsh_text), (4 bytes).
    Removing gd32f4xx_usart.o(i.usart_address_config), (20 bytes).
    Removing gd32f4xx_usart.o(i.usart_block_length_config), (28 bytes).
    Removing gd32f4xx_usart.o(i.usart_break_frame_coherence_config), (24 bytes).
    Removing gd32f4xx_usart.o(i.usart_data_first_config), (20 bytes).
    Removing gd32f4xx_usart.o(i.usart_disable), (10 bytes).
    Removing gd32f4xx_usart.o(i.usart_dma_receive_config), (16 bytes).
    Removing gd32f4xx_usart.o(i.usart_dma_transmit_config), (16 bytes).
    Removing gd32f4xx_usart.o(i.usart_flag_clear), (26 bytes).
    Removing gd32f4xx_usart.o(i.usart_guard_time_config), (24 bytes).
    Removing gd32f4xx_usart.o(i.usart_halfduplex_disable), (10 bytes).
    Removing gd32f4xx_usart.o(i.usart_halfduplex_enable), (10 bytes).
    Removing gd32f4xx_usart.o(i.usart_hardware_flow_coherence_config), (24 bytes).
    Removing gd32f4xx_usart.o(i.usart_hardware_flow_cts_config), (16 bytes).
    Removing gd32f4xx_usart.o(i.usart_hardware_flow_rts_config), (16 bytes).
    Removing gd32f4xx_usart.o(i.usart_interrupt_disable), (26 bytes).
    Removing gd32f4xx_usart.o(i.usart_invert_config), (104 bytes).
    Removing gd32f4xx_usart.o(i.usart_irda_lowpower_config), (20 bytes).
    Removing gd32f4xx_usart.o(i.usart_irda_mode_disable), (10 bytes).
    Removing gd32f4xx_usart.o(i.usart_irda_mode_enable), (10 bytes).
    Removing gd32f4xx_usart.o(i.usart_lin_break_detection_length_config), (20 bytes).
    Removing gd32f4xx_usart.o(i.usart_lin_mode_disable), (10 bytes).
    Removing gd32f4xx_usart.o(i.usart_lin_mode_enable), (10 bytes).
    Removing gd32f4xx_usart.o(i.usart_mute_mode_disable), (10 bytes).
    Removing gd32f4xx_usart.o(i.usart_mute_mode_enable), (10 bytes).
    Removing gd32f4xx_usart.o(i.usart_mute_mode_wakeup_config), (16 bytes).
    Removing gd32f4xx_usart.o(i.usart_oversample_config), (16 bytes).
    Removing gd32f4xx_usart.o(i.usart_parity_check_coherence_config), (24 bytes).
    Removing gd32f4xx_usart.o(i.usart_parity_config), (16 bytes).
    Removing gd32f4xx_usart.o(i.usart_prescaler_config), (16 bytes).
    Removing gd32f4xx_usart.o(i.usart_receiver_timeout_disable), (14 bytes).
    Removing gd32f4xx_usart.o(i.usart_receiver_timeout_enable), (14 bytes).
    Removing gd32f4xx_usart.o(i.usart_receiver_timeout_threshold_config), (20 bytes).
    Removing gd32f4xx_usart.o(i.usart_sample_bit_config), (16 bytes).
    Removing gd32f4xx_usart.o(i.usart_send_break), (10 bytes).
    Removing gd32f4xx_usart.o(i.usart_smartcard_autoretry_config), (26 bytes).
    Removing gd32f4xx_usart.o(i.usart_smartcard_mode_disable), (10 bytes).
    Removing gd32f4xx_usart.o(i.usart_smartcard_mode_enable), (10 bytes).
    Removing gd32f4xx_usart.o(i.usart_smartcard_mode_nack_disable), (10 bytes).
    Removing gd32f4xx_usart.o(i.usart_smartcard_mode_nack_enable), (10 bytes).
    Removing gd32f4xx_usart.o(i.usart_stop_bit_set), (16 bytes).
    Removing gd32f4xx_usart.o(i.usart_synchronous_clock_config), (34 bytes).
    Removing gd32f4xx_usart.o(i.usart_synchronous_clock_disable), (10 bytes).
    Removing gd32f4xx_usart.o(i.usart_synchronous_clock_enable), (10 bytes).
    Removing gd32f4xx_usart.o(i.usart_word_length_set), (16 bytes).
    Removing gd32f4xx_wwdgt.o(.rev16_text), (4 bytes).
    Removing gd32f4xx_wwdgt.o(.revsh_text), (4 bytes).
    Removing gd32f4xx_wwdgt.o(i.wwdgt_config), (56 bytes).
    Removing gd32f4xx_wwdgt.o(i.wwdgt_counter_update), (28 bytes).
    Removing gd32f4xx_wwdgt.o(i.wwdgt_deinit), (20 bytes).
    Removing gd32f4xx_wwdgt.o(i.wwdgt_enable), (20 bytes).
    Removing gd32f4xx_wwdgt.o(i.wwdgt_flag_clear), (20 bytes).
    Removing gd32f4xx_wwdgt.o(i.wwdgt_flag_get), (24 bytes).
    Removing gd32f4xx_wwdgt.o(i.wwdgt_interrupt_enable), (20 bytes).
    Removing system_gd32f4xx.o(.rev16_text), (4 bytes).
    Removing system_gd32f4xx.o(.revsh_text), (4 bytes).
    Removing system_gd32f4xx.o(i.SystemCoreClockUpdate), (272 bytes).
    Removing system_gd32f4xx.o(.data), (4 bytes).
    Removing startup_gd32f450.o(HEAP), (1024 bytes).
    Removing dadd.o(.text), (334 bytes).
    Removing dmul.o(.text), (228 bytes).
    Removing ddiv.o(.text), (222 bytes).
    Removing dfixul.o(.text), (48 bytes).
    Removing cdrcmple.o(.text), (48 bytes).
    Removing depilogue.o(.text), (186 bytes).

897 unused section(s) (total 55262 bytes) removed from the image.

==============================================================================

Image Symbol Table

    Local Symbols

    Symbol Name                              Value     Ov Type        Size  Object(Section)

    ../clib/microlib/division.c              0x00000000   Number         0  uidiv.o ABSOLUTE
    ../clib/microlib/division.c              0x00000000   Number         0  uldiv.o ABSOLUTE
    ../clib/microlib/init/entry.s            0x00000000   Number         0  entry8a.o ABSOLUTE
    ../clib/microlib/init/entry.s            0x00000000   Number         0  entry5.o ABSOLUTE
    ../clib/microlib/init/entry.s            0x00000000   Number         0  entry.o ABSOLUTE
    ../clib/microlib/init/entry.s            0x00000000   Number         0  entry2.o ABSOLUTE
    ../clib/microlib/init/entry.s            0x00000000   Number         0  entry12b.o ABSOLUTE
    ../clib/microlib/init/entry.s            0x00000000   Number         0  entry12a.o ABSOLUTE
    ../clib/microlib/init/entry.s            0x00000000   Number         0  entry11b.o ABSOLUTE
    ../clib/microlib/init/entry.s            0x00000000   Number         0  entry11a.o ABSOLUTE
    ../clib/microlib/init/entry.s            0x00000000   Number         0  entry10b.o ABSOLUTE
    ../clib/microlib/init/entry.s            0x00000000   Number         0  entry10a.o ABSOLUTE
    ../clib/microlib/init/entry.s            0x00000000   Number         0  entry9b.o ABSOLUTE
    ../clib/microlib/init/entry.s            0x00000000   Number         0  entry9a.o ABSOLUTE
    ../clib/microlib/init/entry.s            0x00000000   Number         0  entry8b.o ABSOLUTE
    ../clib/microlib/init/entry.s            0x00000000   Number         0  entry7b.o ABSOLUTE
    ../clib/microlib/init/entry.s            0x00000000   Number         0  entry7a.o ABSOLUTE
    ../clib/microlib/longlong.c              0x00000000   Number         0  llsshr.o ABSOLUTE
    ../clib/microlib/longlong.c              0x00000000   Number         0  llushr.o ABSOLUTE
    ../clib/microlib/longlong.c              0x00000000   Number         0  llshl.o ABSOLUTE
    ../clib/microlib/printf/printf.c         0x00000000   Number         0  printf8.o ABSOLUTE
    ../clib/microlib/printf/printf.c         0x00000000   Number         0  printf6.o ABSOLUTE
    ../clib/microlib/printf/printf.c         0x00000000   Number         0  printf7.o ABSOLUTE
    ../clib/microlib/printf/printf.c         0x00000000   Number         0  printf5.o ABSOLUTE
    ../clib/microlib/printf/printf.c         0x00000000   Number         0  printf2.o ABSOLUTE
    ../clib/microlib/printf/printf.c         0x00000000   Number         0  printfa.o ABSOLUTE
    ../clib/microlib/printf/printf.c         0x00000000   Number         0  printf4.o ABSOLUTE
    ../clib/microlib/printf/printf.c         0x00000000   Number         0  printfb.o ABSOLUTE
    ../clib/microlib/printf/printf.c         0x00000000   Number         0  printf0.o ABSOLUTE
    ../clib/microlib/printf/printf.c         0x00000000   Number         0  printf1.o ABSOLUTE
    ../clib/microlib/printf/printf.c         0x00000000   Number         0  printf3.o ABSOLUTE
    ../clib/microlib/printf/stubs.s          0x00000000   Number         0  stubs.o ABSOLUTE
    ../clib/microlib/stdio/fputc.c           0x00000000   Number         0  fputc.o ABSOLUTE
    ../clib/microlib/stdio/semi.s            0x00000000   Number         0  semi.o ABSOLUTE
    ../clib/microlib/stdio/streams.c         0x00000000   Number         0  stdout.o ABSOLUTE
    ../clib/microlib/string/memcpy.c         0x00000000   Number         0  memcpya.o ABSOLUTE
    ../clib/microlib/string/memcpy.c         0x00000000   Number         0  memcpyb.o ABSOLUTE
    ../clib/microlib/string/memset.c         0x00000000   Number         0  memseta.o ABSOLUTE
    ../clib/microlib/string/strlen.c         0x00000000   Number         0  strlen.o ABSOLUTE
    ../clib/microlib/string/strncpy.c        0x00000000   Number         0  strncpy.o ABSOLUTE
    ../clib/microlib/string/strstr.c         0x00000000   Number         0  strstr.o ABSOLUTE
    ../clib/microlib/stubs.s                 0x00000000   Number         0  iusefp.o ABSOLUTE
    ../clib/microlib/stubs.s                 0x00000000   Number         0  iusesemip.o ABSOLUTE
    ../fplib/microlib/fpadd.c                0x00000000   Number         0  dadd.o ABSOLUTE
    ../fplib/microlib/fpdiv.c                0x00000000   Number         0  ddiv.o ABSOLUTE
    ../fplib/microlib/fpepilogue.c           0x00000000   Number         0  depilogue.o ABSOLUTE
    ../fplib/microlib/fpfix.c                0x00000000   Number         0  dfixul.o ABSOLUTE
    ../fplib/microlib/fpmul.c                0x00000000   Number         0  dmul.o ABSOLUTE
    ..\..\..\Library\Firmware\CMSIS\GD\GD32F4xx\Source\ARM\startup_gd32f450.s 0x00000000   Number         0  startup_gd32f450.o ABSOLUTE
    ..\..\..\Library\Firmware\CMSIS\GD\GD32F4xx\Source\system_gd32f4xx.c 0x00000000   Number         0  system_gd32f4xx.o ABSOLUTE
    ..\..\..\Library\Firmware\GD32F4xx_standard_peripheral\Source\gd32f4xx_adc.c 0x00000000   Number         0  gd32f4xx_adc.o ABSOLUTE
    ..\..\..\Library\Firmware\GD32F4xx_standard_peripheral\Source\gd32f4xx_can.c 0x00000000   Number         0  gd32f4xx_can.o ABSOLUTE
    ..\..\..\Library\Firmware\GD32F4xx_standard_peripheral\Source\gd32f4xx_crc.c 0x00000000   Number         0  gd32f4xx_crc.o ABSOLUTE
    ..\..\..\Library\Firmware\GD32F4xx_standard_peripheral\Source\gd32f4xx_ctc.c 0x00000000   Number         0  gd32f4xx_ctc.o ABSOLUTE
    ..\..\..\Library\Firmware\GD32F4xx_standard_peripheral\Source\gd32f4xx_dac.c 0x00000000   Number         0  gd32f4xx_dac.o ABSOLUTE
    ..\..\..\Library\Firmware\GD32F4xx_standard_peripheral\Source\gd32f4xx_dbg.c 0x00000000   Number         0  gd32f4xx_dbg.o ABSOLUTE
    ..\..\..\Library\Firmware\GD32F4xx_standard_peripheral\Source\gd32f4xx_dci.c 0x00000000   Number         0  gd32f4xx_dci.o ABSOLUTE
    ..\..\..\Library\Firmware\GD32F4xx_standard_peripheral\Source\gd32f4xx_dma.c 0x00000000   Number         0  gd32f4xx_dma.o ABSOLUTE
    ..\..\..\Library\Firmware\GD32F4xx_standard_peripheral\Source\gd32f4xx_enet.c 0x00000000   Number         0  gd32f4xx_enet.o ABSOLUTE
    ..\..\..\Library\Firmware\GD32F4xx_standard_peripheral\Source\gd32f4xx_exmc.c 0x00000000   Number         0  gd32f4xx_exmc.o ABSOLUTE
    ..\..\..\Library\Firmware\GD32F4xx_standard_peripheral\Source\gd32f4xx_exti.c 0x00000000   Number         0  gd32f4xx_exti.o ABSOLUTE
    ..\..\..\Library\Firmware\GD32F4xx_standard_peripheral\Source\gd32f4xx_fmc.c 0x00000000   Number         0  gd32f4xx_fmc.o ABSOLUTE
    ..\..\..\Library\Firmware\GD32F4xx_standard_peripheral\Source\gd32f4xx_fwdgt.c 0x00000000   Number         0  gd32f4xx_fwdgt.o ABSOLUTE
    ..\..\..\Library\Firmware\GD32F4xx_standard_peripheral\Source\gd32f4xx_gpio.c 0x00000000   Number         0  gd32f4xx_gpio.o ABSOLUTE
    ..\..\..\Library\Firmware\GD32F4xx_standard_peripheral\Source\gd32f4xx_i2c.c 0x00000000   Number         0  gd32f4xx_i2c.o ABSOLUTE
    ..\..\..\Library\Firmware\GD32F4xx_standard_peripheral\Source\gd32f4xx_ipa.c 0x00000000   Number         0  gd32f4xx_ipa.o ABSOLUTE
    ..\..\..\Library\Firmware\GD32F4xx_standard_peripheral\Source\gd32f4xx_iref.c 0x00000000   Number         0  gd32f4xx_iref.o ABSOLUTE
    ..\..\..\Library\Firmware\GD32F4xx_standard_peripheral\Source\gd32f4xx_misc.c 0x00000000   Number         0  gd32f4xx_misc.o ABSOLUTE
    ..\..\..\Library\Firmware\GD32F4xx_standard_peripheral\Source\gd32f4xx_pmu.c 0x00000000   Number         0  gd32f4xx_pmu.o ABSOLUTE
    ..\..\..\Library\Firmware\GD32F4xx_standard_peripheral\Source\gd32f4xx_rcu.c 0x00000000   Number         0  gd32f4xx_rcu.o ABSOLUTE
    ..\..\..\Library\Firmware\GD32F4xx_standard_peripheral\Source\gd32f4xx_rtc.c 0x00000000   Number         0  gd32f4xx_rtc.o ABSOLUTE
    ..\..\..\Library\Firmware\GD32F4xx_standard_peripheral\Source\gd32f4xx_sdio.c 0x00000000   Number         0  gd32f4xx_sdio.o ABSOLUTE
    ..\..\..\Library\Firmware\GD32F4xx_standard_peripheral\Source\gd32f4xx_spi.c 0x00000000   Number         0  gd32f4xx_spi.o ABSOLUTE
    ..\..\..\Library\Firmware\GD32F4xx_standard_peripheral\Source\gd32f4xx_syscfg.c 0x00000000   Number         0  gd32f4xx_syscfg.o ABSOLUTE
    ..\..\..\Library\Firmware\GD32F4xx_standard_peripheral\Source\gd32f4xx_timer.c 0x00000000   Number         0  gd32f4xx_timer.o ABSOLUTE
    ..\..\..\Library\Firmware\GD32F4xx_standard_peripheral\Source\gd32f4xx_tli.c 0x00000000   Number         0  gd32f4xx_tli.o ABSOLUTE
    ..\..\..\Library\Firmware\GD32F4xx_standard_peripheral\Source\gd32f4xx_trng.c 0x00000000   Number         0  gd32f4xx_trng.o ABSOLUTE
    ..\..\..\Library\Firmware\GD32F4xx_standard_peripheral\Source\gd32f4xx_usart.c 0x00000000   Number         0  gd32f4xx_usart.o ABSOLUTE
    ..\..\..\Library\Firmware\GD32F4xx_standard_peripheral\Source\gd32f4xx_wwdgt.c 0x00000000   Number         0  gd32f4xx_wwdgt.o ABSOLUTE
    ..\Application\src\main.c                0x00000000   Number         0  main.o ABSOLUTE
    ..\GD32F450Z_BSP\src\c3.c                0x00000000   Number         0  c3.o ABSOLUTE
    ..\GD32F450Z_BSP\src\uart.c              0x00000000   Number         0  uart.o ABSOLUTE
    ..\\..\\..\\Library\\Firmware\\CMSIS\\GD\\GD32F4xx\\Source\\system_gd32f4xx.c 0x00000000   Number         0  system_gd32f4xx.o ABSOLUTE
    ..\\..\\..\\Library\\Firmware\\GD32F4xx_standard_peripheral\\Source\\gd32f4xx_adc.c 0x00000000   Number         0  gd32f4xx_adc.o ABSOLUTE
    ..\\..\\..\\Library\\Firmware\\GD32F4xx_standard_peripheral\\Source\\gd32f4xx_can.c 0x00000000   Number         0  gd32f4xx_can.o ABSOLUTE
    ..\\..\\..\\Library\\Firmware\\GD32F4xx_standard_peripheral\\Source\\gd32f4xx_crc.c 0x00000000   Number         0  gd32f4xx_crc.o ABSOLUTE
    ..\\..\\..\\Library\\Firmware\\GD32F4xx_standard_peripheral\\Source\\gd32f4xx_ctc.c 0x00000000   Number         0  gd32f4xx_ctc.o ABSOLUTE
    ..\\..\\..\\Library\\Firmware\\GD32F4xx_standard_peripheral\\Source\\gd32f4xx_dac.c 0x00000000   Number         0  gd32f4xx_dac.o ABSOLUTE
    ..\\..\\..\\Library\\Firmware\\GD32F4xx_standard_peripheral\\Source\\gd32f4xx_dbg.c 0x00000000   Number         0  gd32f4xx_dbg.o ABSOLUTE
    ..\\..\\..\\Library\\Firmware\\GD32F4xx_standard_peripheral\\Source\\gd32f4xx_dci.c 0x00000000   Number         0  gd32f4xx_dci.o ABSOLUTE
    ..\\..\\..\\Library\\Firmware\\GD32F4xx_standard_peripheral\\Source\\gd32f4xx_dma.c 0x00000000   Number         0  gd32f4xx_dma.o ABSOLUTE
    ..\\..\\..\\Library\\Firmware\\GD32F4xx_standard_peripheral\\Source\\gd32f4xx_enet.c 0x00000000   Number         0  gd32f4xx_enet.o ABSOLUTE
    ..\\..\\..\\Library\\Firmware\\GD32F4xx_standard_peripheral\\Source\\gd32f4xx_exmc.c 0x00000000   Number         0  gd32f4xx_exmc.o ABSOLUTE
    ..\\..\\..\\Library\\Firmware\\GD32F4xx_standard_peripheral\\Source\\gd32f4xx_exti.c 0x00000000   Number         0  gd32f4xx_exti.o ABSOLUTE
    ..\\..\\..\\Library\\Firmware\\GD32F4xx_standard_peripheral\\Source\\gd32f4xx_fmc.c 0x00000000   Number         0  gd32f4xx_fmc.o ABSOLUTE
    ..\\..\\..\\Library\\Firmware\\GD32F4xx_standard_peripheral\\Source\\gd32f4xx_fwdgt.c 0x00000000   Number         0  gd32f4xx_fwdgt.o ABSOLUTE
    ..\\..\\..\\Library\\Firmware\\GD32F4xx_standard_peripheral\\Source\\gd32f4xx_gpio.c 0x00000000   Number         0  gd32f4xx_gpio.o ABSOLUTE
    ..\\..\\..\\Library\\Firmware\\GD32F4xx_standard_peripheral\\Source\\gd32f4xx_i2c.c 0x00000000   Number         0  gd32f4xx_i2c.o ABSOLUTE
    ..\\..\\..\\Library\\Firmware\\GD32F4xx_standard_peripheral\\Source\\gd32f4xx_ipa.c 0x00000000   Number         0  gd32f4xx_ipa.o ABSOLUTE
    ..\\..\\..\\Library\\Firmware\\GD32F4xx_standard_peripheral\\Source\\gd32f4xx_iref.c 0x00000000   Number         0  gd32f4xx_iref.o ABSOLUTE
    ..\\..\\..\\Library\\Firmware\\GD32F4xx_standard_peripheral\\Source\\gd32f4xx_misc.c 0x00000000   Number         0  gd32f4xx_misc.o ABSOLUTE
    ..\\..\\..\\Library\\Firmware\\GD32F4xx_standard_peripheral\\Source\\gd32f4xx_pmu.c 0x00000000   Number         0  gd32f4xx_pmu.o ABSOLUTE
    ..\\..\\..\\Library\\Firmware\\GD32F4xx_standard_peripheral\\Source\\gd32f4xx_rcu.c 0x00000000   Number         0  gd32f4xx_rcu.o ABSOLUTE
    ..\\..\\..\\Library\\Firmware\\GD32F4xx_standard_peripheral\\Source\\gd32f4xx_rtc.c 0x00000000   Number         0  gd32f4xx_rtc.o ABSOLUTE
    ..\\..\\..\\Library\\Firmware\\GD32F4xx_standard_peripheral\\Source\\gd32f4xx_sdio.c 0x00000000   Number         0  gd32f4xx_sdio.o ABSOLUTE
    ..\\..\\..\\Library\\Firmware\\GD32F4xx_standard_peripheral\\Source\\gd32f4xx_spi.c 0x00000000   Number         0  gd32f4xx_spi.o ABSOLUTE
    ..\\..\\..\\Library\\Firmware\\GD32F4xx_standard_peripheral\\Source\\gd32f4xx_syscfg.c 0x00000000   Number         0  gd32f4xx_syscfg.o ABSOLUTE
    ..\\..\\..\\Library\\Firmware\\GD32F4xx_standard_peripheral\\Source\\gd32f4xx_timer.c 0x00000000   Number         0  gd32f4xx_timer.o ABSOLUTE
    ..\\..\\..\\Library\\Firmware\\GD32F4xx_standard_peripheral\\Source\\gd32f4xx_tli.c 0x00000000   Number         0  gd32f4xx_tli.o ABSOLUTE
    ..\\..\\..\\Library\\Firmware\\GD32F4xx_standard_peripheral\\Source\\gd32f4xx_trng.c 0x00000000   Number         0  gd32f4xx_trng.o ABSOLUTE
    ..\\..\\..\\Library\\Firmware\\GD32F4xx_standard_peripheral\\Source\\gd32f4xx_usart.c 0x00000000   Number         0  gd32f4xx_usart.o ABSOLUTE
    ..\\..\\..\\Library\\Firmware\\GD32F4xx_standard_peripheral\\Source\\gd32f4xx_wwdgt.c 0x00000000   Number         0  gd32f4xx_wwdgt.o ABSOLUTE
    ..\\Application\\src\\main.c             0x00000000   Number         0  main.o ABSOLUTE
    ..\\GD32F450Z_BSP\\src\\c3.c             0x00000000   Number         0  c3.o ABSOLUTE
    ..\\GD32F450Z_BSP\\src\\uart.c           0x00000000   Number         0  uart.o ABSOLUTE
    cdrcmple.s                               0x00000000   Number         0  cdrcmple.o ABSOLUTE
    dc.s                                     0x00000000   Number         0  dc.o ABSOLUTE
    handlers.s                               0x00000000   Number         0  handlers.o ABSOLUTE
    init.s                                   0x00000000   Number         0  init.o ABSOLUTE
    RESET                                    0x08000000   Section      428  startup_gd32f450.o(RESET)
    .ARM.Collect$$$$00000000                 0x080001ac   Section        0  entry.o(.ARM.Collect$$$$00000000)
    .ARM.Collect$$$$00000001                 0x080001ac   Section        4  entry2.o(.ARM.Collect$$$$00000001)
    .ARM.Collect$$$$00000004                 0x080001b0   Section        4  entry5.o(.ARM.Collect$$$$00000004)
    .ARM.Collect$$$$00000008                 0x080001b4   Section        0  entry7b.o(.ARM.Collect$$$$00000008)
    .ARM.Collect$$$$0000000A                 0x080001b4   Section        0  entry8b.o(.ARM.Collect$$$$0000000A)
    .ARM.Collect$$$$0000000B                 0x080001b4   Section        8  entry9a.o(.ARM.Collect$$$$0000000B)
    .ARM.Collect$$$$0000000E                 0x080001bc   Section        4  entry12b.o(.ARM.Collect$$$$0000000E)
    .ARM.Collect$$$$0000000F                 0x080001c0   Section        0  entry10a.o(.ARM.Collect$$$$0000000F)
    .ARM.Collect$$$$00000011                 0x080001c0   Section        0  entry11a.o(.ARM.Collect$$$$00000011)
    .ARM.Collect$$$$00002712                 0x080001c0   Section        4  entry2.o(.ARM.Collect$$$$00002712)
    __lit__00000000                          0x080001c0   Data           4  entry2.o(.ARM.Collect$$$$00002712)
    .text                                    0x080001c4   Section       36  startup_gd32f450.o(.text)
    $v0                                      0x080001c4   Number         0  startup_gd32f450.o(.text)
    .text                                    0x080001e8   Section        0  memcpya.o(.text)
    .text                                    0x0800020c   Section        0  memseta.o(.text)
    .text                                    0x08000230   Section        0  strstr.o(.text)
    .text                                    0x08000254   Section        0  strncpy.o(.text)
    .text                                    0x0800026c   Section        0  strlen.o(.text)
    .text                                    0x0800027a   Section        0  uidiv.o(.text)
    .text                                    0x080002a8   Section       36  init.o(.text)
    i.SystemInit                             0x080002cc   Section        0  system_gd32f4xx.o(i.SystemInit)
    i.TIMER3_IRQHandler                      0x08000384   Section        0  uart.o(i.TIMER3_IRQHandler)
    i.USART0_IRQHandler                      0x0800040c   Section        0  uart.o(i.USART0_IRQHandler)
    i.USART2_IRQHandler                      0x08000468   Section        0  uart.o(i.USART2_IRQHandler)
    i.Uart_read                              0x080004c4   Section        0  c3.o(i.Uart_read)
    i.Uart_write                             0x080004e0   Section        0  c3.o(i.Uart_write)
    i.__0sprintf$1                           0x080004f8   Section        0  printf1.o(i.__0sprintf$1)
    i.__scatterload_copy                     0x08000520   Section       14  handlers.o(i.__scatterload_copy)
    i.__scatterload_null                     0x0800052e   Section        2  handlers.o(i.__scatterload_null)
    i.__scatterload_zeroinit                 0x08000530   Section       14  handlers.o(i.__scatterload_zeroinit)
    i._printf_core                           0x08000540   Section        0  printf1.o(i._printf_core)
    _printf_core                             0x08000541   Thumb Code   336  printf1.o(i._printf_core)
    i._sputc                                 0x08000694   Section        0  printf1.o(i._sputc)
    _sputc                                   0x08000695   Thumb Code    10  printf1.o(i._sputc)
    i.c3_wifi_init                           0x080006a0   Section        0  c3.o(i.c3_wifi_init)
    i.c3_wifi_net_status_get                 0x080006f0   Section        0  c3.o(i.c3_wifi_net_status_get)
    i.c3_wifi_tcp_init                       0x08000754   Section        0  c3.o(i.c3_wifi_tcp_init)
    i.c3_wifi_tcp_lead                       0x08000a04   Section        0  c3.o(i.c3_wifi_tcp_lead)
    i.c3_wifi_tcp_receive                    0x08000a7e   Section        0  c3.o(i.c3_wifi_tcp_receive)
    i.c3_wifi_tcp_send                       0x08000a9c   Section        0  c3.o(i.c3_wifi_tcp_send)
    i.delay_ms                               0x08000b30   Section        0  uart.o(i.delay_ms)
    i.gpio_af_set                            0x08000b44   Section        0  gd32f4xx_gpio.o(i.gpio_af_set)
    i.gpio_mode_set                          0x08000ba2   Section        0  gd32f4xx_gpio.o(i.gpio_mode_set)
    i.gpio_output_options_set                0x08000bf0   Section        0  gd32f4xx_gpio.o(i.gpio_output_options_set)
    i.main                                   0x08000c34   Section        0  main.o(i.main)
    i.nvic_irq_enable                        0x08000ca8   Section        0  gd32f4xx_misc.o(i.nvic_irq_enable)
    i.nvic_priority_group_set                0x08000d6c   Section        0  gd32f4xx_misc.o(i.nvic_priority_group_set)
    i.rcu_clock_freq_get                     0x08000d80   Section        0  gd32f4xx_rcu.o(i.rcu_clock_freq_get)
    i.rcu_periph_clock_enable                0x08000ea4   Section        0  gd32f4xx_rcu.o(i.rcu_periph_clock_enable)
    i.rcu_periph_reset_disable               0x08000ec8   Section        0  gd32f4xx_rcu.o(i.rcu_periph_reset_disable)
    i.rcu_periph_reset_enable                0x08000eec   Section        0  gd32f4xx_rcu.o(i.rcu_periph_reset_enable)
    i.system_clock_168m_25m_hxtal            0x08000f10   Section        0  system_gd32f4xx.o(i.system_clock_168m_25m_hxtal)
    system_clock_168m_25m_hxtal              0x08000f11   Thumb Code   240  system_gd32f4xx.o(i.system_clock_168m_25m_hxtal)
    i.system_clock_config                    0x0800100c   Section        0  system_gd32f4xx.o(i.system_clock_config)
    system_clock_config                      0x0800100d   Thumb Code     8  system_gd32f4xx.o(i.system_clock_config)
    i.timer3_init                            0x08001014   Section        0  uart.o(i.timer3_init)
    i.timer_deinit                           0x08001068   Section        0  gd32f4xx_timer.o(i.timer_deinit)
    i.timer_enable                           0x080011ec   Section        0  gd32f4xx_timer.o(i.timer_enable)
    i.timer_init                             0x080011f8   Section        0  gd32f4xx_timer.o(i.timer_init)
    i.timer_interrupt_enable                 0x08001290   Section        0  gd32f4xx_timer.o(i.timer_interrupt_enable)
    i.timer_interrupt_flag_clear             0x08001298   Section        0  gd32f4xx_timer.o(i.timer_interrupt_flag_clear)
    i.timer_interrupt_flag_get               0x0800129e   Section        0  gd32f4xx_timer.o(i.timer_interrupt_flag_get)
    i.uart_init                              0x080012b8   Section        0  uart.o(i.uart_init)
    i.uart_rece_bytes                        0x080013f8   Section        0  uart.o(i.uart_rece_bytes)
    i.uart_send_bytes                        0x0800148c   Section        0  uart.o(i.uart_send_bytes)
    i.usart_baudrate_set                     0x080014cc   Section        0  gd32f4xx_usart.o(i.usart_baudrate_set)
    i.usart_data_receive                     0x080015b4   Section        0  gd32f4xx_usart.o(i.usart_data_receive)
    i.usart_data_transmit                    0x080015be   Section        0  gd32f4xx_usart.o(i.usart_data_transmit)
    i.usart_deinit                           0x080015c8   Section        0  gd32f4xx_usart.o(i.usart_deinit)
    i.usart_enable                           0x080016a4   Section        0  gd32f4xx_usart.o(i.usart_enable)
    i.usart_flag_get                         0x080016ae   Section        0  gd32f4xx_usart.o(i.usart_flag_get)
    i.usart_interrupt_enable                 0x080016cc   Section        0  gd32f4xx_usart.o(i.usart_interrupt_enable)
    i.usart_interrupt_flag_clear             0x080016e6   Section        0  gd32f4xx_usart.o(i.usart_interrupt_flag_clear)
    i.usart_interrupt_flag_get               0x08001700   Section        0  gd32f4xx_usart.o(i.usart_interrupt_flag_get)
    i.usart_receive_config                   0x08001738   Section        0  gd32f4xx_usart.o(i.usart_receive_config)
    i.usart_transmit_config                  0x08001748   Section        0  gd32f4xx_usart.o(i.usart_transmit_config)
    .data                                    0x20000000   Section       14  main.o(.data)
    .data                                    0x2000000e   Section       14  uart.o(.data)
    .bss                                     0x2000001c   Section      200  main.o(.bss)
    .bss                                     0x200000e4   Section     1024  uart.o(.bss)
    STACK                                    0x200004e8   Section     1024  startup_gd32f450.o(STACK)

    Global Symbols

    Symbol Name                              Value     Ov Type        Size  Object(Section)

    BuildAttributes$$THM_ISAv4$E$P$D$K$B$S$7EM$VFPi3$EXTD16$VFPS$VFMA$PE$A:L22UL41UL21$X:L11$S22US41US21$IEEE1$IW$USESV6$~STKCKD$USESV7$~SHL$OSPACE$ROPI$EBA8$MICROLIB$REQ8$PRES8$EABIv2 0x00000000   Number         0  anon$$obj.o ABSOLUTE
    __ARM_use_no_argv                        0x00000000   Number         0  main.o ABSOLUTE
    _printf_a                                0x00000000   Number         0  stubs.o ABSOLUTE
    _printf_c                                0x00000000   Number         0  stubs.o ABSOLUTE
    _printf_charcount                        0x00000000   Number         0  stubs.o ABSOLUTE
    _printf_d                                0x00000000   Number         0  stubs.o ABSOLUTE
    _printf_e                                0x00000000   Number         0  stubs.o ABSOLUTE
    _printf_f                                0x00000000   Number         0  stubs.o ABSOLUTE
    _printf_flags                            0x00000000   Number         0  stubs.o ABSOLUTE
    _printf_fp_dec                           0x00000000   Number         0  stubs.o ABSOLUTE
    _printf_fp_hex                           0x00000000   Number         0  stubs.o ABSOLUTE
    _printf_g                                0x00000000   Number         0  stubs.o ABSOLUTE
    _printf_i                                0x00000000   Number         0  stubs.o ABSOLUTE
    _printf_int_dec                          0x00000000   Number         0  stubs.o ABSOLUTE
    _printf_l                                0x00000000   Number         0  stubs.o ABSOLUTE
    _printf_lc                               0x00000000   Number         0  stubs.o ABSOLUTE
    _printf_ll                               0x00000000   Number         0  stubs.o ABSOLUTE
    _printf_lld                              0x00000000   Number         0  stubs.o ABSOLUTE
    _printf_lli                              0x00000000   Number         0  stubs.o ABSOLUTE
    _printf_llo                              0x00000000   Number         0  stubs.o ABSOLUTE
    _printf_llu                              0x00000000   Number         0  stubs.o ABSOLUTE
    _printf_llx                              0x00000000   Number         0  stubs.o ABSOLUTE
    _printf_longlong_dec                     0x00000000   Number         0  stubs.o ABSOLUTE
    _printf_longlong_hex                     0x00000000   Number         0  stubs.o ABSOLUTE
    _printf_longlong_oct                     0x00000000   Number         0  stubs.o ABSOLUTE
    _printf_ls                               0x00000000   Number         0  stubs.o ABSOLUTE
    _printf_mbtowc                           0x00000000   Number         0  stubs.o ABSOLUTE
    _printf_n                                0x00000000   Number         0  stubs.o ABSOLUTE
    _printf_o                                0x00000000   Number         0  stubs.o ABSOLUTE
    _printf_p                                0x00000000   Number         0  stubs.o ABSOLUTE
    _printf_percent                          0x00000000   Number         0  stubs.o ABSOLUTE
    _printf_pre_padding                      0x00000000   Number         0  stubs.o ABSOLUTE
    _printf_return_value                     0x00000000   Number         0  stubs.o ABSOLUTE
    _printf_s                                0x00000000   Number         0  stubs.o ABSOLUTE
    _printf_sizespec                         0x00000000   Number         0  stubs.o ABSOLUTE
    _printf_str                              0x00000000   Number         0  stubs.o ABSOLUTE
    _printf_truncate_signed                  0x00000000   Number         0  stubs.o ABSOLUTE
    _printf_truncate_unsigned                0x00000000   Number         0  stubs.o ABSOLUTE
    _printf_u                                0x00000000   Number         0  stubs.o ABSOLUTE
    _printf_wc                               0x00000000   Number         0  stubs.o ABSOLUTE
    _printf_wctomb                           0x00000000   Number         0  stubs.o ABSOLUTE
    _printf_widthprec                        0x00000000   Number         0  stubs.o ABSOLUTE
    _printf_x                                0x00000000   Number         0  stubs.o ABSOLUTE
    __arm_fini_                               - Undefined Weak Reference
    __cpp_initialize__aeabi_                  - Undefined Weak Reference
    __cxa_finalize                            - Undefined Weak Reference
    __decompress                              - Undefined Weak Reference
    _clock_init                               - Undefined Weak Reference
    _microlib_exit                            - Undefined Weak Reference
    __Vectors_Size                           0x000001ac   Number         0  startup_gd32f450.o ABSOLUTE
    __Vectors                                0x08000000   Data           4  startup_gd32f450.o(RESET)
    __Vectors_End                            0x080001ac   Data           0  startup_gd32f450.o(RESET)
    __main                                   0x080001ad   Thumb Code     0  entry.o(.ARM.Collect$$$$00000000)
    _main_stk                                0x080001ad   Thumb Code     0  entry2.o(.ARM.Collect$$$$00000001)
    _main_scatterload                        0x080001b1   Thumb Code     0  entry5.o(.ARM.Collect$$$$00000004)
    __main_after_scatterload                 0x080001b5   Thumb Code     0  entry5.o(.ARM.Collect$$$$00000004)
    _main_clock                              0x080001b5   Thumb Code     0  entry7b.o(.ARM.Collect$$$$00000008)
    _main_cpp_init                           0x080001b5   Thumb Code     0  entry8b.o(.ARM.Collect$$$$0000000A)
    _main_init                               0x080001b5   Thumb Code     0  entry9a.o(.ARM.Collect$$$$0000000B)
    __rt_lib_shutdown_fini                   0x080001bd   Thumb Code     0  entry12b.o(.ARM.Collect$$$$0000000E)
    __rt_final_cpp                           0x080001c1   Thumb Code     0  entry10a.o(.ARM.Collect$$$$0000000F)
    __rt_final_exit                          0x080001c1   Thumb Code     0  entry11a.o(.ARM.Collect$$$$00000011)
    Reset_Handler                            0x080001c5   Thumb Code     8  startup_gd32f450.o(.text)
    NMI_Handler                              0x080001cd   Thumb Code     2  startup_gd32f450.o(.text)
    HardFault_Handler                        0x080001cf   Thumb Code     2  startup_gd32f450.o(.text)
    MemManage_Handler                        0x080001d1   Thumb Code     2  startup_gd32f450.o(.text)
    BusFault_Handler                         0x080001d3   Thumb Code     2  startup_gd32f450.o(.text)
    UsageFault_Handler                       0x080001d5   Thumb Code     2  startup_gd32f450.o(.text)
    SVC_Handler                              0x080001d7   Thumb Code     2  startup_gd32f450.o(.text)
    DebugMon_Handler                         0x080001d9   Thumb Code     2  startup_gd32f450.o(.text)
    PendSV_Handler                           0x080001db   Thumb Code     2  startup_gd32f450.o(.text)
    SysTick_Handler                          0x080001dd   Thumb Code     2  startup_gd32f450.o(.text)
    ADC_IRQHandler                           0x080001df   Thumb Code     0  startup_gd32f450.o(.text)
    CAN0_EWMC_IRQHandler                     0x080001df   Thumb Code     0  startup_gd32f450.o(.text)
    CAN0_RX0_IRQHandler                      0x080001df   Thumb Code     0  startup_gd32f450.o(.text)
    CAN0_RX1_IRQHandler                      0x080001df   Thumb Code     0  startup_gd32f450.o(.text)
    CAN0_TX_IRQHandler                       0x080001df   Thumb Code     0  startup_gd32f450.o(.text)
    CAN1_EWMC_IRQHandler                     0x080001df   Thumb Code     0  startup_gd32f450.o(.text)
    CAN1_RX0_IRQHandler                      0x080001df   Thumb Code     0  startup_gd32f450.o(.text)
    CAN1_RX1_IRQHandler                      0x080001df   Thumb Code     0  startup_gd32f450.o(.text)
    CAN1_TX_IRQHandler                       0x080001df   Thumb Code     0  startup_gd32f450.o(.text)
    DCI_IRQHandler                           0x080001df   Thumb Code     0  startup_gd32f450.o(.text)
    DMA0_Channel0_IRQHandler                 0x080001df   Thumb Code     0  startup_gd32f450.o(.text)
    DMA0_Channel1_IRQHandler                 0x080001df   Thumb Code     0  startup_gd32f450.o(.text)
    DMA0_Channel2_IRQHandler                 0x080001df   Thumb Code     0  startup_gd32f450.o(.text)
    DMA0_Channel3_IRQHandler                 0x080001df   Thumb Code     0  startup_gd32f450.o(.text)
    DMA0_Channel4_IRQHandler                 0x080001df   Thumb Code     0  startup_gd32f450.o(.text)
    DMA0_Channel5_IRQHandler                 0x080001df   Thumb Code     0  startup_gd32f450.o(.text)
    DMA0_Channel6_IRQHandler                 0x080001df   Thumb Code     0  startup_gd32f450.o(.text)
    DMA0_Channel7_IRQHandler                 0x080001df   Thumb Code     0  startup_gd32f450.o(.text)
    DMA1_Channel0_IRQHandler                 0x080001df   Thumb Code     0  startup_gd32f450.o(.text)
    DMA1_Channel1_IRQHandler                 0x080001df   Thumb Code     0  startup_gd32f450.o(.text)
    DMA1_Channel2_IRQHandler                 0x080001df   Thumb Code     0  startup_gd32f450.o(.text)
    DMA1_Channel3_IRQHandler                 0x080001df   Thumb Code     0  startup_gd32f450.o(.text)
    DMA1_Channel4_IRQHandler                 0x080001df   Thumb Code     0  startup_gd32f450.o(.text)
    DMA1_Channel5_IRQHandler                 0x080001df   Thumb Code     0  startup_gd32f450.o(.text)
    DMA1_Channel6_IRQHandler                 0x080001df   Thumb Code     0  startup_gd32f450.o(.text)
    DMA1_Channel7_IRQHandler                 0x080001df   Thumb Code     0  startup_gd32f450.o(.text)
    ENET_IRQHandler                          0x080001df   Thumb Code     0  startup_gd32f450.o(.text)
    ENET_WKUP_IRQHandler                     0x080001df   Thumb Code     0  startup_gd32f450.o(.text)
    EXMC_IRQHandler                          0x080001df   Thumb Code     0  startup_gd32f450.o(.text)
    EXTI0_IRQHandler                         0x080001df   Thumb Code     0  startup_gd32f450.o(.text)
    EXTI10_15_IRQHandler                     0x080001df   Thumb Code     0  startup_gd32f450.o(.text)
    EXTI1_IRQHandler                         0x080001df   Thumb Code     0  startup_gd32f450.o(.text)
    EXTI2_IRQHandler                         0x080001df   Thumb Code     0  startup_gd32f450.o(.text)
    EXTI3_IRQHandler                         0x080001df   Thumb Code     0  startup_gd32f450.o(.text)
    EXTI4_IRQHandler                         0x080001df   Thumb Code     0  startup_gd32f450.o(.text)
    EXTI5_9_IRQHandler                       0x080001df   Thumb Code     0  startup_gd32f450.o(.text)
    FMC_IRQHandler                           0x080001df   Thumb Code     0  startup_gd32f450.o(.text)
    FPU_IRQHandler                           0x080001df   Thumb Code     0  startup_gd32f450.o(.text)
    I2C0_ER_IRQHandler                       0x080001df   Thumb Code     0  startup_gd32f450.o(.text)
    I2C0_EV_IRQHandler                       0x080001df   Thumb Code     0  startup_gd32f450.o(.text)
    I2C1_ER_IRQHandler                       0x080001df   Thumb Code     0  startup_gd32f450.o(.text)
    I2C1_EV_IRQHandler                       0x080001df   Thumb Code     0  startup_gd32f450.o(.text)
    I2C2_ER_IRQHandler                       0x080001df   Thumb Code     0  startup_gd32f450.o(.text)
    I2C2_EV_IRQHandler                       0x080001df   Thumb Code     0  startup_gd32f450.o(.text)
    IPA_IRQHandler                           0x080001df   Thumb Code     0  startup_gd32f450.o(.text)
    LVD_IRQHandler                           0x080001df   Thumb Code     0  startup_gd32f450.o(.text)
    RCU_CTC_IRQHandler                       0x080001df   Thumb Code     0  startup_gd32f450.o(.text)
    RTC_Alarm_IRQHandler                     0x080001df   Thumb Code     0  startup_gd32f450.o(.text)
    RTC_WKUP_IRQHandler                      0x080001df   Thumb Code     0  startup_gd32f450.o(.text)
    SDIO_IRQHandler                          0x080001df   Thumb Code     0  startup_gd32f450.o(.text)
    SPI0_IRQHandler                          0x080001df   Thumb Code     0  startup_gd32f450.o(.text)
    SPI1_IRQHandler                          0x080001df   Thumb Code     0  startup_gd32f450.o(.text)
    SPI2_IRQHandler                          0x080001df   Thumb Code     0  startup_gd32f450.o(.text)
    SPI3_IRQHandler                          0x080001df   Thumb Code     0  startup_gd32f450.o(.text)
    SPI4_IRQHandler                          0x080001df   Thumb Code     0  startup_gd32f450.o(.text)
    SPI5_IRQHandler                          0x080001df   Thumb Code     0  startup_gd32f450.o(.text)
    TAMPER_STAMP_IRQHandler                  0x080001df   Thumb Code     0  startup_gd32f450.o(.text)
    TIMER0_BRK_TIMER8_IRQHandler             0x080001df   Thumb Code     0  startup_gd32f450.o(.text)
    TIMER0_Channel_IRQHandler                0x080001df   Thumb Code     0  startup_gd32f450.o(.text)
    TIMER0_TRG_CMT_TIMER10_IRQHandler        0x080001df   Thumb Code     0  startup_gd32f450.o(.text)
    TIMER0_UP_TIMER9_IRQHandler              0x080001df   Thumb Code     0  startup_gd32f450.o(.text)
    TIMER1_IRQHandler                        0x080001df   Thumb Code     0  startup_gd32f450.o(.text)
    TIMER2_IRQHandler                        0x080001df   Thumb Code     0  startup_gd32f450.o(.text)
    TIMER4_IRQHandler                        0x080001df   Thumb Code     0  startup_gd32f450.o(.text)
    TIMER5_DAC_IRQHandler                    0x080001df   Thumb Code     0  startup_gd32f450.o(.text)
    TIMER6_IRQHandler                        0x080001df   Thumb Code     0  startup_gd32f450.o(.text)
    TIMER7_BRK_TIMER11_IRQHandler            0x080001df   Thumb Code     0  startup_gd32f450.o(.text)
    TIMER7_Channel_IRQHandler                0x080001df   Thumb Code     0  startup_gd32f450.o(.text)
    TIMER7_TRG_CMT_TIMER13_IRQHandler        0x080001df   Thumb Code     0  startup_gd32f450.o(.text)
    TIMER7_UP_TIMER12_IRQHandler             0x080001df   Thumb Code     0  startup_gd32f450.o(.text)
    TLI_ER_IRQHandler                        0x080001df   Thumb Code     0  startup_gd32f450.o(.text)
    TLI_IRQHandler                           0x080001df   Thumb Code     0  startup_gd32f450.o(.text)
    TRNG_IRQHandler                          0x080001df   Thumb Code     0  startup_gd32f450.o(.text)
    UART3_IRQHandler                         0x080001df   Thumb Code     0  startup_gd32f450.o(.text)
    UART4_IRQHandler                         0x080001df   Thumb Code     0  startup_gd32f450.o(.text)
    UART6_IRQHandler                         0x080001df   Thumb Code     0  startup_gd32f450.o(.text)
    UART7_IRQHandler                         0x080001df   Thumb Code     0  startup_gd32f450.o(.text)
    USART1_IRQHandler                        0x080001df   Thumb Code     0  startup_gd32f450.o(.text)
    USART5_IRQHandler                        0x080001df   Thumb Code     0  startup_gd32f450.o(.text)
    USBFS_IRQHandler                         0x080001df   Thumb Code     0  startup_gd32f450.o(.text)
    USBFS_WKUP_IRQHandler                    0x080001df   Thumb Code     0  startup_gd32f450.o(.text)
    USBHS_EP1_In_IRQHandler                  0x080001df   Thumb Code     0  startup_gd32f450.o(.text)
    USBHS_EP1_Out_IRQHandler                 0x080001df   Thumb Code     0  startup_gd32f450.o(.text)
    USBHS_IRQHandler                         0x080001df   Thumb Code     0  startup_gd32f450.o(.text)
    USBHS_WKUP_IRQHandler                    0x080001df   Thumb Code     0  startup_gd32f450.o(.text)
    WWDGT_IRQHandler                         0x080001df   Thumb Code     0  startup_gd32f450.o(.text)
    __aeabi_memcpy                           0x080001e9   Thumb Code    36  memcpya.o(.text)
    __aeabi_memcpy4                          0x080001e9   Thumb Code     0  memcpya.o(.text)
    __aeabi_memcpy8                          0x080001e9   Thumb Code     0  memcpya.o(.text)
    __aeabi_memset                           0x0800020d   Thumb Code    14  memseta.o(.text)
    __aeabi_memset4                          0x0800020d   Thumb Code     0  memseta.o(.text)
    __aeabi_memset8                          0x0800020d   Thumb Code     0  memseta.o(.text)
    __aeabi_memclr                           0x0800021b   Thumb Code     4  memseta.o(.text)
    __aeabi_memclr4                          0x0800021b   Thumb Code     0  memseta.o(.text)
    __aeabi_memclr8                          0x0800021b   Thumb Code     0  memseta.o(.text)
    _memset$wrapper                          0x0800021f   Thumb Code    18  memseta.o(.text)
    strstr                                   0x08000231   Thumb Code    36  strstr.o(.text)
    strncpy                                  0x08000255   Thumb Code    24  strncpy.o(.text)
    strlen                                   0x0800026d   Thumb Code    14  strlen.o(.text)
    __aeabi_uidiv                            0x0800027b   Thumb Code     0  uidiv.o(.text)
    __aeabi_uidivmod                         0x0800027b   Thumb Code    44  uidiv.o(.text)
    __scatterload                            0x080002a9   Thumb Code    28  init.o(.text)
    __scatterload_rt2                        0x080002a9   Thumb Code     0  init.o(.text)
    SystemInit                               0x080002cd   Thumb Code   168  system_gd32f4xx.o(i.SystemInit)
    TIMER3_IRQHandler                        0x08000385   Thumb Code   112  uart.o(i.TIMER3_IRQHandler)
    USART0_IRQHandler                        0x0800040d   Thumb Code    66  uart.o(i.USART0_IRQHandler)
    USART2_IRQHandler                        0x08000469   Thumb Code    66  uart.o(i.USART2_IRQHandler)
    Uart_read                                0x080004c5   Thumb Code    22  c3.o(i.Uart_read)
    Uart_write                               0x080004e1   Thumb Code    18  c3.o(i.Uart_write)
    __0sprintf$1                             0x080004f9   Thumb Code    34  printf1.o(i.__0sprintf$1)
    __1sprintf$1                             0x080004f9   Thumb Code     0  printf1.o(i.__0sprintf$1)
    __2sprintf                               0x080004f9   Thumb Code     0  printf1.o(i.__0sprintf$1)
    __scatterload_copy                       0x08000521   Thumb Code    14  handlers.o(i.__scatterload_copy)
    __scatterload_null                       0x0800052f   Thumb Code     2  handlers.o(i.__scatterload_null)
    __scatterload_zeroinit                   0x08000531   Thumb Code    14  handlers.o(i.__scatterload_zeroinit)
    c3_wifi_init                             0x080006a1   Thumb Code    68  c3.o(i.c3_wifi_init)
    c3_wifi_net_status_get                   0x080006f1   Thumb Code    66  c3.o(i.c3_wifi_net_status_get)
    c3_wifi_tcp_init                         0x08000755   Thumb Code   494  c3.o(i.c3_wifi_tcp_init)
    c3_wifi_tcp_lead                         0x08000a05   Thumb Code   122  c3.o(i.c3_wifi_tcp_lead)
    c3_wifi_tcp_receive                      0x08000a7f   Thumb Code    28  c3.o(i.c3_wifi_tcp_receive)
    c3_wifi_tcp_send                         0x08000a9d   Thumb Code   122  c3.o(i.c3_wifi_tcp_send)
    delay_ms                                 0x08000b31   Thumb Code    16  uart.o(i.delay_ms)
    gpio_af_set                              0x08000b45   Thumb Code    94  gd32f4xx_gpio.o(i.gpio_af_set)
    gpio_mode_set                            0x08000ba3   Thumb Code    78  gd32f4xx_gpio.o(i.gpio_mode_set)
    gpio_output_options_set                  0x08000bf1   Thumb Code    66  gd32f4xx_gpio.o(i.gpio_output_options_set)
    main                                     0x08000c35   Thumb Code    70  main.o(i.main)
    nvic_irq_enable                          0x08000ca9   Thumb Code   186  gd32f4xx_misc.o(i.nvic_irq_enable)
    nvic_priority_group_set                  0x08000d6d   Thumb Code    10  gd32f4xx_misc.o(i.nvic_priority_group_set)
    rcu_clock_freq_get                       0x08000d81   Thumb Code   264  gd32f4xx_rcu.o(i.rcu_clock_freq_get)
    rcu_periph_clock_enable                  0x08000ea5   Thumb Code    32  gd32f4xx_rcu.o(i.rcu_periph_clock_enable)
    rcu_periph_reset_disable                 0x08000ec9   Thumb Code    32  gd32f4xx_rcu.o(i.rcu_periph_reset_disable)
    rcu_periph_reset_enable                  0x08000eed   Thumb Code    32  gd32f4xx_rcu.o(i.rcu_periph_reset_enable)
    timer3_init                              0x08001015   Thumb Code    80  uart.o(i.timer3_init)
    timer_deinit                             0x08001069   Thumb Code   374  gd32f4xx_timer.o(i.timer_deinit)
    timer_enable                             0x080011ed   Thumb Code    10  gd32f4xx_timer.o(i.timer_enable)
    timer_init                               0x080011f9   Thumb Code   122  gd32f4xx_timer.o(i.timer_init)
    timer_interrupt_enable                   0x08001291   Thumb Code     8  gd32f4xx_timer.o(i.timer_interrupt_enable)
    timer_interrupt_flag_clear               0x08001299   Thumb Code     6  gd32f4xx_timer.o(i.timer_interrupt_flag_clear)
    timer_interrupt_flag_get                 0x0800129f   Thumb Code    24  gd32f4xx_timer.o(i.timer_interrupt_flag_get)
    uart_init                                0x080012b9   Thumb Code   304  uart.o(i.uart_init)
    uart_rece_bytes                          0x080013f9   Thumb Code   114  uart.o(i.uart_rece_bytes)
    uart_send_bytes                          0x0800148d   Thumb Code    64  uart.o(i.uart_send_bytes)
    usart_baudrate_set                       0x080014cd   Thumb Code   224  gd32f4xx_usart.o(i.usart_baudrate_set)
    usart_data_receive                       0x080015b5   Thumb Code    10  gd32f4xx_usart.o(i.usart_data_receive)
    usart_data_transmit                      0x080015bf   Thumb Code     8  gd32f4xx_usart.o(i.usart_data_transmit)
    usart_deinit                             0x080015c9   Thumb Code   210  gd32f4xx_usart.o(i.usart_deinit)
    usart_enable                             0x080016a5   Thumb Code    10  gd32f4xx_usart.o(i.usart_enable)
    usart_flag_get                           0x080016af   Thumb Code    30  gd32f4xx_usart.o(i.usart_flag_get)
    usart_interrupt_enable                   0x080016cd   Thumb Code    26  gd32f4xx_usart.o(i.usart_interrupt_enable)
    usart_interrupt_flag_clear               0x080016e7   Thumb Code    26  gd32f4xx_usart.o(i.usart_interrupt_flag_clear)
    usart_interrupt_flag_get                 0x08001701   Thumb Code    56  gd32f4xx_usart.o(i.usart_interrupt_flag_get)
    usart_receive_config                     0x08001739   Thumb Code    16  gd32f4xx_usart.o(i.usart_receive_config)
    usart_transmit_config                    0x08001749   Thumb Code    16  gd32f4xx_usart.o(i.usart_transmit_config)
    Region$$Table$$Base                      0x08001758   Number         0  anon$$obj.o(Region$$Table)
    Region$$Table$$Limit                     0x08001778   Number         0  anon$$obj.o(Region$$Table)
    c3_result                                0x20000000   Data           1  main.o(.data)
    tcp_init_state                           0x20000004   Data           4  main.o(.data)
    run_wifi_step                            0x20000008   Data           4  main.o(.data)
    rec_len                                  0x2000000c   Data           2  main.o(.data)
    Uart0_RecvLenth                          0x2000000e   Data           2  uart.o(.data)
    Uart0_RecvFlag                           0x20000010   Data           1  uart.o(.data)
    Uart0_RecvCnt                            0x20000012   Data           2  uart.o(.data)
    Uart2_RecvLenth                          0x20000014   Data           2  uart.o(.data)
    Uart2_RecvFlag                           0x20000016   Data           1  uart.o(.data)
    Uart2_RecvCnt                            0x20000018   Data           2  uart.o(.data)
    delay_count                              0x2000001a   Data           2  uart.o(.data)
    rec_buffer                               0x2000001c   Data         200  main.o(.bss)
    Uart0_RecvBuffer                         0x200000e4   Data         512  uart.o(.bss)
    Uart2_RecvBuffer                         0x200002e4   Data         512  uart.o(.bss)
    __initial_sp                             0x200008e8   Data           0  startup_gd32f450.o(STACK)



==============================================================================

Memory Map of the image

  Image Entry point : 0x080001ad

  Load Region LR_IROM1 (Base: 0x08000000, Size: 0x00001794, Max: 0x00300000, ABSOLUTE)

    Execution Region ER_IROM1 (Exec base: 0x08000000, Load base: 0x08000000, Size: 0x00001778, Max: 0x00300000, ABSOLUTE)

    Exec Addr    Load Addr    Size         Type   Attr      Idx    E Section Name        Object

    0x08000000   0x08000000   0x000001ac   Data   RO         5812    RESET               startup_gd32f450.o
    0x080001ac   0x080001ac   0x00000000   Code   RO         5817  * .ARM.Collect$$$$00000000  mc_w.l(entry.o)
    0x080001ac   0x080001ac   0x00000004   Code   RO         6093    .ARM.Collect$$$$00000001  mc_w.l(entry2.o)
    0x080001b0   0x080001b0   0x00000004   Code   RO         6096    .ARM.Collect$$$$00000004  mc_w.l(entry5.o)
    0x080001b4   0x080001b4   0x00000000   Code   RO         6098    .ARM.Collect$$$$00000008  mc_w.l(entry7b.o)
    0x080001b4   0x080001b4   0x00000000   Code   RO         6100    .ARM.Collect$$$$0000000A  mc_w.l(entry8b.o)
    0x080001b4   0x080001b4   0x00000008   Code   RO         6101    .ARM.Collect$$$$0000000B  mc_w.l(entry9a.o)
    0x080001bc   0x080001bc   0x00000004   Code   RO         6108    .ARM.Collect$$$$0000000E  mc_w.l(entry12b.o)
    0x080001c0   0x080001c0   0x00000000   Code   RO         6103    .ARM.Collect$$$$0000000F  mc_w.l(entry10a.o)
    0x080001c0   0x080001c0   0x00000000   Code   RO         6105    .ARM.Collect$$$$00000011  mc_w.l(entry11a.o)
    0x080001c0   0x080001c0   0x00000004   Code   RO         6094    .ARM.Collect$$$$00002712  mc_w.l(entry2.o)
    0x080001c4   0x080001c4   0x00000024   Code   RO         5813    .text               startup_gd32f450.o
    0x080001e8   0x080001e8   0x00000024   Code   RO         5820    .text               mc_w.l(memcpya.o)
    0x0800020c   0x0800020c   0x00000024   Code   RO         5822    .text               mc_w.l(memseta.o)
    0x08000230   0x08000230   0x00000024   Code   RO         5824    .text               mc_w.l(strstr.o)
    0x08000254   0x08000254   0x00000018   Code   RO         5826    .text               mc_w.l(strncpy.o)
    0x0800026c   0x0800026c   0x0000000e   Code   RO         5828    .text               mc_w.l(strlen.o)
    0x0800027a   0x0800027a   0x0000002c   Code   RO         6112    .text               mc_w.l(uidiv.o)
    0x080002a6   0x080002a6   0x00000002   PAD
    0x080002a8   0x080002a8   0x00000024   Code   RO         6127    .text               mc_w.l(init.o)
    0x080002cc   0x080002cc   0x000000b8   Code   RO         5771    i.SystemInit        system_gd32f4xx.o
    0x08000384   0x08000384   0x00000088   Code   RO          159    i.TIMER3_IRQHandler  uart.o
    0x0800040c   0x0800040c   0x0000005c   Code   RO          160    i.USART0_IRQHandler  uart.o
    0x08000468   0x08000468   0x0000005c   Code   RO          161    i.USART2_IRQHandler  uart.o
    0x080004c4   0x080004c4   0x0000001c   Code   RO          234    i.Uart_read         c3.o
    0x080004e0   0x080004e0   0x00000018   Code   RO          235    i.Uart_write        c3.o
    0x080004f8   0x080004f8   0x00000028   Code   RO         5879    i.__0sprintf$1      mc_w.l(printf1.o)
    0x08000520   0x08000520   0x0000000e   Code   RO         6141    i.__scatterload_copy  mc_w.l(handlers.o)
    0x0800052e   0x0800052e   0x00000002   Code   RO         6142    i.__scatterload_null  mc_w.l(handlers.o)
    0x08000530   0x08000530   0x0000000e   Code   RO         6143    i.__scatterload_zeroinit  mc_w.l(handlers.o)
    0x0800053e   0x0800053e   0x00000002   PAD
    0x08000540   0x08000540   0x00000154   Code   RO         5884    i._printf_core      mc_w.l(printf1.o)
    0x08000694   0x08000694   0x0000000a   Code   RO         5886    i._sputc            mc_w.l(printf1.o)
    0x0800069e   0x0800069e   0x00000002   PAD
    0x080006a0   0x080006a0   0x00000050   Code   RO          237    i.c3_wifi_init      c3.o
    0x080006f0   0x080006f0   0x00000064   Code   RO          238    i.c3_wifi_net_status_get  c3.o
    0x08000754   0x08000754   0x000002b0   Code   RO          239    i.c3_wifi_tcp_init  c3.o
    0x08000a04   0x08000a04   0x0000007a   Code   RO          240    i.c3_wifi_tcp_lead  c3.o
    0x08000a7e   0x08000a7e   0x0000001c   Code   RO          241    i.c3_wifi_tcp_receive  c3.o
    0x08000a9a   0x08000a9a   0x00000002   PAD
    0x08000a9c   0x08000a9c   0x00000094   Code   RO          242    i.c3_wifi_tcp_send  c3.o
    0x08000b30   0x08000b30   0x00000014   Code   RO          162    i.delay_ms          uart.o
    0x08000b44   0x08000b44   0x0000005e   Code   RO         2761    i.gpio_af_set       gd32f4xx_gpio.o
    0x08000ba2   0x08000ba2   0x0000004e   Code   RO         2769    i.gpio_mode_set     gd32f4xx_gpio.o
    0x08000bf0   0x08000bf0   0x00000042   Code   RO         2771    i.gpio_output_options_set  gd32f4xx_gpio.o
    0x08000c32   0x08000c32   0x00000002   PAD
    0x08000c34   0x08000c34   0x00000074   Code   RO            3    i.main              main.o
    0x08000ca8   0x08000ca8   0x000000c4   Code   RO         3334    i.nvic_irq_enable   gd32f4xx_misc.o
    0x08000d6c   0x08000d6c   0x00000014   Code   RO         3335    i.nvic_priority_group_set  gd32f4xx_misc.o
    0x08000d80   0x08000d80   0x00000124   Code   RO         3533    i.rcu_clock_freq_get  gd32f4xx_rcu.o
    0x08000ea4   0x08000ea4   0x00000024   Code   RO         3552    i.rcu_periph_clock_enable  gd32f4xx_rcu.o
    0x08000ec8   0x08000ec8   0x00000024   Code   RO         3555    i.rcu_periph_reset_disable  gd32f4xx_rcu.o
    0x08000eec   0x08000eec   0x00000024   Code   RO         3556    i.rcu_periph_reset_enable  gd32f4xx_rcu.o
    0x08000f10   0x08000f10   0x000000fc   Code   RO         5772    i.system_clock_168m_25m_hxtal  system_gd32f4xx.o
    0x0800100c   0x0800100c   0x00000008   Code   RO         5773    i.system_clock_config  system_gd32f4xx.o
    0x08001014   0x08001014   0x00000054   Code   RO          163    i.timer3_init       uart.o
    0x08001068   0x08001068   0x00000184   Code   RO         4718    i.timer_deinit      gd32f4xx_timer.o
    0x080011ec   0x080011ec   0x0000000a   Code   RO         4723    i.timer_enable      gd32f4xx_timer.o
    0x080011f6   0x080011f6   0x00000002   PAD
    0x080011f8   0x080011f8   0x00000098   Code   RO         4733    i.timer_init        gd32f4xx_timer.o
    0x08001290   0x08001290   0x00000008   Code   RO         4740    i.timer_interrupt_enable  gd32f4xx_timer.o
    0x08001298   0x08001298   0x00000006   Code   RO         4741    i.timer_interrupt_flag_clear  gd32f4xx_timer.o
    0x0800129e   0x0800129e   0x00000018   Code   RO         4742    i.timer_interrupt_flag_get  gd32f4xx_timer.o
    0x080012b6   0x080012b6   0x00000002   PAD
    0x080012b8   0x080012b8   0x00000140   Code   RO          164    i.uart_init         uart.o
    0x080013f8   0x080013f8   0x00000094   Code   RO          165    i.uart_rece_bytes   uart.o
    0x0800148c   0x0800148c   0x00000040   Code   RO          166    i.uart_send_bytes   uart.o
    0x080014cc   0x080014cc   0x000000e8   Code   RO         5371    i.usart_baudrate_set  gd32f4xx_usart.o
    0x080015b4   0x080015b4   0x0000000a   Code   RO         5375    i.usart_data_receive  gd32f4xx_usart.o
    0x080015be   0x080015be   0x00000008   Code   RO         5376    i.usart_data_transmit  gd32f4xx_usart.o
    0x080015c6   0x080015c6   0x00000002   PAD
    0x080015c8   0x080015c8   0x000000dc   Code   RO         5377    i.usart_deinit      gd32f4xx_usart.o
    0x080016a4   0x080016a4   0x0000000a   Code   RO         5381    i.usart_enable      gd32f4xx_usart.o
    0x080016ae   0x080016ae   0x0000001e   Code   RO         5383    i.usart_flag_get    gd32f4xx_usart.o
    0x080016cc   0x080016cc   0x0000001a   Code   RO         5391    i.usart_interrupt_enable  gd32f4xx_usart.o
    0x080016e6   0x080016e6   0x0000001a   Code   RO         5392    i.usart_interrupt_flag_clear  gd32f4xx_usart.o
    0x08001700   0x08001700   0x00000038   Code   RO         5393    i.usart_interrupt_flag_get  gd32f4xx_usart.o
    0x08001738   0x08001738   0x00000010   Code   RO         5408    i.usart_receive_config  gd32f4xx_usart.o
    0x08001748   0x08001748   0x00000010   Code   RO         5423    i.usart_transmit_config  gd32f4xx_usart.o
    0x08001758   0x08001758   0x00000020   Data   RO         6139    Region$$Table       anon$$obj.o


    Execution Region RW_IRAM1 (Exec base: 0x20000000, Load base: 0x08001778, Size: 0x000008e8, Max: 0x00030000, ABSOLUTE)

    Exec Addr    Load Addr    Size         Type   Attr      Idx    E Section Name        Object

    0x20000000   0x08001778   0x0000000e   Data   RW            5    .data               main.o
    0x2000000e   0x08001786   0x0000000e   Data   RW          168    .data               uart.o
    0x2000001c        -       0x000000c8   Zero   RW            4    .bss                main.o
    0x200000e4        -       0x00000400   Zero   RW          167    .bss                uart.o
    0x200004e4   0x08001794   0x00000004   PAD
    0x200004e8        -       0x00000400   Zero   RW         5810    STACK               startup_gd32f450.o


==============================================================================

Image component sizes


      Code (inc. data)   RO Data    RW Data    ZI Data      Debug   Object Name

      1218        288          0          0          0       6504   c3.o
       238          0          0          0          0       2664   gd32f4xx_gpio.o
       216         20          0          0          0       1612   gd32f4xx_misc.o
       400         40          0          0          0       3892   gd32f4xx_rcu.o
       588         44          0          0          0       4912   gd32f4xx_timer.o
       650         18          0          0          0       8287   gd32f4xx_usart.o
       116         46          0         14        200      59643   main.o
        36          8        428          0       1024        936   startup_gd32f450.o
       444         28          0          0          0       2729   system_gd32f4xx.o
       956        134          0         14       1024       6223   uart.o

    ----------------------------------------------------------------------
      4872        626        460         28       2252      97402   Object Totals
         0          0         32          0          0          0   (incl. Generated)
        10          0          0          0          4          0   (incl. Padding)

    ----------------------------------------------------------------------

      Code (inc. data)   RO Data    RW Data    ZI Data      Debug   Library Member Name

         0          0          0          0          0          0   entry.o
         0          0          0          0          0          0   entry10a.o
         0          0          0          0          0          0   entry11a.o
         4          0          0          0          0          0   entry12b.o
         8          4          0          0          0          0   entry2.o
         4          0          0          0          0          0   entry5.o
         0          0          0          0          0          0   entry7b.o
         0          0          0          0          0          0   entry8b.o
         8          4          0          0          0          0   entry9a.o
        30          0          0          0          0          0   handlers.o
        36          8          0          0          0         68   init.o
        36          0          0          0          0         68   memcpya.o
        36          0          0          0          0        108   memseta.o
       390         10          0          0          0        252   printf1.o
        14          0          0          0          0         68   strlen.o
        24          0          0          0          0         76   strncpy.o
        36          0          0          0          0         80   strstr.o
        44          0          0          0          0         80   uidiv.o

    ----------------------------------------------------------------------
       676         26          0          0          0        800   Library Totals
         6          0          0          0          0          0   (incl. Padding)

    ----------------------------------------------------------------------

      Code (inc. data)   RO Data    RW Data    ZI Data      Debug   Library Name

       670         26          0          0          0        800   mc_w.l

    ----------------------------------------------------------------------
       676         26          0          0          0        800   Library Totals

    ----------------------------------------------------------------------

==============================================================================


      Code (inc. data)   RO Data    RW Data    ZI Data      Debug   

      5548        652        460         28       2252      93894   Grand Totals
      5548        652        460         28       2252      93894   ELF Image Totals
      5548        652        460         28          0          0   ROM Totals

==============================================================================

    Total RO  Size (Code + RO Data)                 6008 (   5.87kB)
    Total RW  Size (RW Data + ZI Data)              2280 (   2.23kB)
    Total ROM Size (Code + RO Data + RW Data)       6036 (   5.89kB)

==============================================================================

